Processing esp32dev (board: esp32dev; platform: espressif32; framework: espidf; monitor_speed: 115200; extra_scripts: pre:scripts/build_flags.py)
--------------------------------------------------------------------------------
CONFIGURATION: https://docs.platformio.org/page/boards/espressif32/esp32dev.html
PLATFORM: Espressif 32 (6.8.1) > Espressif ESP32 Dev Module
HARDWARE: ESP32 240MHz, 320KB RAM, 4MB Flash
DEBUG: Current (cmsis-dap) External (cmsis-dap, esp-bridge, esp-prog, iot-bus-jtag, jlink, minimodule, olimex-arm-usb-ocd, olimex-arm-usb-ocd-h, olimex-arm-usb-tiny-h, olimex-jtag-tiny, tumpa)
PACKAGES: 
 - framework-espidf @ 3.50300.0 (5.3.0) 
 - tool-cmake @ 3.16.4 
 - tool-esptoolpy @ 1.40501.0 (4.5.1) 
 - tool-idf @ 1.0.1 
 - tool-mconf @ 1.4060000.20190628 (406.0.0) 
 - tool-ninja @ 1.9.0 
 - tool-riscv32-esp-elf-gdb @ 11.2.0+20220823 
 - tool-xtensa-esp-elf-gdb @ 11.2.0+20230208 
 - toolchain-esp32ulp @ 1.23800.240113 (2.38.0) 
 - toolchain-xtensa-esp-elf @ 13.2.0+20240530
Reading CMake configuration...
Warning! Flash memory size mismatch detected. Expected 4MB, found 2MB!
Please select a proper value in your `sdkconfig.defaults` or via the `menuconfig` target!
LDF: Library Dependency Finder -> https://bit.ly/configure-pio-ldf
LDF Modes: Finder ~ chain, Compatibility ~ soft
Found 0 compatible libraries
Scanning dependencies...
No dependencies
Building in release mode
Using tempfile C:\Users\Max\temp\espidf-hello-world\.pio\build\esp32dev\tmpj72h_sul.tmp for command line:
xtensa-esp32-elf-gcc -o .pio/build/esp32dev/src/hello_world_main.c.o -c -Wno-pointer-sign -Og -Wall -Werror=all -Wextra -Wno-enum-conversion -Wno-error=deprecated-declarations -Wno-error=unused-but-set-variable -Wno-error=unused-function -Wno-error=unused-variable -Wno-format -Wno-frame-address -Wno-old-style-declaration -Wno-sign-compare -Wno-unused-parameter -fdata-sections -ffunction-sections -fmacro-prefix-map=C:/Users/Max/.platformio/packages/framework-espidf=/IDF -fmacro-prefix-map=C:/Users/Max/temp/espidf-hello-world=. -fno-builtin-bzero -fno-builtin-memcpy -fno-builtin-memset -fno-builtin-stpcpy -fno-builtin-strncpy -fno-jump-tables -fno-shrink-wrap -fno-tree-switch-conversion -fstrict-volatile-bitfields -gdwarf-4 -ggdb -mlongcalls -std=gnu17 -mlongcalls -Wno-frame-address -fno-builtin-memcpy -fno-builtin-memset -fno-builtin-bzero -fno-builtin-stpcpy -fno-builtin-strncpy -ffunction-sections -fdata-sections -Wall -Werror=all -Wno-error=unused-function -Wno-error=unused-variable -Wno-error=unused-but-set-variable -Wno-error=deprecated-declarations -Wextra -Wno-unused-parameter -Wno-sign-compare -Wno-enum-conversion -gdwarf-4 -ggdb -Og -fno-shrink-wrap -fmacro-prefix-map=C:/Users/Max/temp/espidf-hello-world=. -fmacro-prefix-map=C:/Users/Max/.platformio/packages/framework-espidf=/IDF -fstrict-volatile-bitfields -fno-jump-tables -fno-tree-switch-conversion -Wno-old-style-declaration -Wno-format -D_POSIX_READER_WRITER_LOCKS -D_GNU_SOURCE -D_GLIBCXX_USE_POSIX_SEMAPHORE -D_GLIBCXX_HAVE_POSIX_SEMAPHORE -DSOC_XTAL_FREQ_MHZ=CONFIG_XTAL_FREQ -DSOC_MMU_PAGE_SIZE=CONFIG_MMU_PAGE_SIZE -DIDF_VER=\"5.3.0\" -DESP_PLATFORM -DPLATFORMIO=60115 -DARDUINO_ESP32_DEV -IC:/Users/Max/.platformio/packages/framework-espidf/components/xtensa/esp32/include -IC:/Users/Max/.platformio/packages/framework-espidf/components/xtensa/include -IC:/Users/Max/.platformio/packages/framework-espidf/components/xtensa/deprecated_include -I.pio/build/esp32dev/config -IC:/Users/Max/.platformio/packages/framework-espidf/components/newlib/platform_include -IC:/Users/Max/.platformio/packages/framework-espidf/components/freertos/config/include -IC:/Users/Max/.platformio/packages/framework-espidf/components/freertos/config/include/freertos -IC:/Users/Max/.platformio/packages/framework-espidf/components/freertos/config/xtensa/include -IC:/Users/Max/.platformio/packages/framework-espidf/components/freertos/FreeRTOS-Kernel/include -IC:/Users/Max/.platformio/packages/framework-espidf/components/freertos/FreeRTOS-Kernel/portable/xtensa/include -IC:/Users/Max/.platformio/packages/framework-espidf/components/freertos/FreeRTOS-Kernel/portable/xtensa/include/freertos -IC:/Users/Max/.platformio/packages/framework-espidf/components/freertos/esp_additions/include -IC:/Users/Max/.platformio/packages/framework-espidf/components/esp_hw_support/include -IC:/Users/Max/.platformio/packages/framework-espidf/components/esp_hw_support/include/soc -IC:/Users/Max/.platformio/packages/framework-espidf/components/esp_hw_support/include/soc/esp32 -IC:/Users/Max/.platformio/packages/framework-espidf/components/esp_hw_support/dma/include -IC:/Users/Max/.platformio/packages/framework-espidf/components/esp_hw_support/ldo/include -IC:/Users/Max/.platformio/packages/framework-espidf/components/esp_hw_support/port/esp32 -IC:/Users/Max/.platformio/packages/framework-espidf/components/esp_hw_support/port/esp32/include -IC:/Users/Max/.platformio/packages/framework-espidf/components/heap/include -IC:/Users/Max/.platformio/packages/framework-espidf/components/log/include -IC:/Users/Max/.platformio/packages/framework-espidf/components/soc/include -IC:/Users/Max/.platformio/packages/framework-espidf/components/soc/esp32 -IC:/Users/Max/.platformio/packages/framework-espidf/components/soc/esp32/include -IC:/Users/Max/.platformio/packages/framework-espidf/components/hal/platform_port/include -IC:/Users/Max/.platformio/packages/framework-espidf/components/hal/esp32/include -IC:/Users/Max/.platformio/packages/framework-espidf/components/hal/include -IC:/Users/Max/.platformio/packages/framework-espidf/components/esp_rom/include -IC:/Users/Max/.platformio/packages/framework-espidf/components/esp_rom/include/esp32 -IC:/Users/Max/.platformio/packages/framework-espidf/components/esp_rom/esp32 -IC:/Users/Max/.platformio/packages/framework-espidf/components/esp_common/include -IC:/Users/Max/.platformio/packages/framework-espidf/components/esp_system/include -IC:/Users/Max/.platformio/packages/framework-espidf/components/esp_system/port/soc -IC:/Users/Max/.platformio/packages/framework-espidf/components/esp_system/port/include/private -IC:/Users/Max/.platformio/packages/framework-espidf/components/lwip/include -IC:/Users/Max/.platformio/packages/framework-espidf/components/lwip/include/apps -IC:/Users/Max/.platformio/packages/framework-espidf/components/lwip/include/apps/sntp -IC:/Users/Max/.platformio/packages/framework-espidf/components/lwip/lwip/src/include -IC:/Users/Max/.platformio/packages/framework-espidf/components/lwip/port/include -IC:/Users/Max/.platformio/packages/framework-espidf/components/lwip/port/freertos/include -IC:/Users/Max/.platformio/packages/framework-espidf/components/lwip/port/esp32xx/include -IC:/Users/Max/.platformio/packages/framework-espidf/components/lwip/port/esp32xx/include/arch -IC:/Users/Max/.platformio/packages/framework-espidf/components/lwip/port/esp32xx/include/sys -IC:/Users/Max/.platformio/packages/framework-espidf/components/esp_driver_gpio/include -IC:/Users/Max/.platformio/packages/framework-espidf/components/esp_timer/include -IC:/Users/Max/.platformio/packages/framework-espidf/components/esp_pm/include -IC:/Users/Max/.platformio/packages/framework-espidf/components/mbedtls/port/include -IC:/Users/Max/.platformio/packages/framework-espidf/components/mbedtls/mbedtls/include -IC:/Users/Max/.platformio/packages/framework-espidf/components/mbedtls/mbedtls/library -IC:/Users/Max/.platformio/packages/framework-espidf/components/mbedtls/esp_crt_bundle/include -IC:/Users/Max/.platformio/packages/framework-espidf/components/mbedtls/mbedtls/3rdparty/everest/include -IC:/Users/Max/.platformio/packages/framework-espidf/components/mbedtls/mbedtls/3rdparty/p256-m -IC:/Users/Max/.platformio/packages/framework-espidf/components/mbedtls/mbedtls/3rdparty/p256-m/p256-m -IC:/Users/Max/.platformio/packages/framework-espidf/components/esp_app_format/include -IC:/Users/Max/.platformio/packages/framework-espidf/components/esp_bootloader_format/include -IC:/Users/Max/.platformio/packages/framework-espidf/components/app_update/include -IC:/Users/Max/.platformio/packages/framework-espidf/components/bootloader_support/include -IC:/Users/Max/.platformio/packages/framework-espidf/components/bootloader_support/bootloader_flash/include -IC:/Users/Max/.platformio/packages/framework-espidf/components/esp_partition/include -IC:/Users/Max/.platformio/packages/framework-espidf/components/efuse/include -IC:/Users/Max/.platformio/packages/framework-espidf/components/efuse/esp32/include -IC:/Users/Max/.platformio/packages/framework-espidf/components/esp_mm/include -IC:/Users/Max/.platformio/packages/framework-espidf/components/spi_flash/include -IC:/Users/Max/.platformio/packages/framework-espidf/components/pthread/include -IC:/Users/Max/.platformio/packages/framework-espidf/components/esp_driver_gptimer/include -IC:/Users/Max/.platformio/packages/framework-espidf/components/esp_ringbuf/include -IC:/Users/Max/.platformio/packages/framework-espidf/components/esp_driver_uart/include -IC:/Users/Max/.platformio/packages/framework-espidf/components/vfs/include -IC:/Users/Max/.platformio/packages/framework-espidf/components/app_trace/include -IC:/Users/Max/.platformio/packages/framework-espidf/components/esp_event/include -IC:/Users/Max/.platformio/packages/framework-espidf/components/nvs_flash/include -IC:/Users/Max/.platformio/packages/framework-espidf/components/esp_driver_pcnt/include -IC:/Users/Max/.platformio/packages/framework-espidf/components/esp_driver_spi/include -IC:/Users/Max/.platformio/packages/framework-espidf/components/esp_driver_mcpwm/include -IC:/Users/Max/.platformio/packages/framework-espidf/components/esp_driver_ana_cmpr/include -IC:/Users/Max/.platformio/packages/framework-espidf/components/esp_driver_i2s/include -IC:/Users/Max/.platformio/packages/framework-espidf/components/sdmmc/include -IC:/Users/Max/.platformio/packages/framework-espidf/components/esp_driver_sdmmc/include -IC:/Users/Max/.platformio/packages/framework-espidf/components/esp_driver_sdspi/include -IC:/Users/Max/.platformio/packages/framework-espidf/components/esp_driver_sdio/include -IC:/Users/Max/.platformio/packages/framework-espidf/components/esp_driver_dac/include -IC:/Users/Max/.platformio/packages/framework-espidf/components/esp_driver_rmt/include -IC:/Users/Max/.platformio/packages/framework-espidf/components/esp_driver_tsens/include -IC:/Users/Max/.platformio/packages/framework-espidf/components/esp_driver_sdm/include -IC:/Users/Max/.platformio/packages/framework-espidf/components/esp_driver_i2c/include -IC:/Users/Max/.platformio/packages/framework-espidf/components/esp_driver_ledc/include -IC:/Users/Max/.platformio/packages/framework-espidf/components/esp_driver_parlio/include -IC:/Users/Max/.platformio/packages/framework-espidf/components/esp_driver_usb_serial_jtag/include -IC:/Users/Max/.platformio/packages/framework-espidf/components/driver/deprecated -IC:/Users/Max/.platformio/packages/framework-espidf/components/driver/i2c/include -IC:/Users/Max/.platformio/packages/framework-espidf/components/driver/touch_sensor/include -IC:/Users/Max/.platformio/packages/framework-espidf/components/driver/twai/include -IC:/Users/Max/.platformio/packages/framework-espidf/components/driver/touch_sensor/esp32/include -IC:/Users/Max/.platformio/packages/framework-espidf/components/esp_phy/include -IC:/Users/Max/.platformio/packages/framework-espidf/components/esp_phy/esp32/include -IC:/Users/Max/.platformio/packages/framework-espidf/components/esp_vfs_console/include -IC:/Users/Max/.platformio/packages/framework-espidf/components/esp_netif/include -IC:/Users/Max/.platformio/packages/framework-espidf/components/wpa_supplicant/include -IC:/Users/Max/.platformio/packages/framework-espidf/components/wpa_supplicant/port/include -IC:/Users/Max/.platformio/packages/framework-espidf/components/wpa_supplicant/esp_supplicant/include -IC:/Users/Max/.platformio/packages/framework-espidf/components/esp_coex/include -IC:/Users/Max/.platformio/packages/framework-espidf/components/esp_wifi/include -IC:/Users/Max/.platformio/packages/framework-espidf/components/esp_wifi/wifi_apps/include -IC:/Users/Max/.platformio/packages/framework-espidf/components/esp_wifi/wifi_apps/nan_app/include -IC:/Users/Max/.platformio/packages/framework-espidf/components/esp_wifi/include/local -IC:/Users/Max/.platformio/packages/framework-espidf/components/unity/include -IC:/Users/Max/.platformio/packages/framework-espidf/components/unity/unity/src -IC:/Users/Max/.platformio/packages/framework-espidf/components/cmock/CMock/src -IC:/Users/Max/.platformio/packages/framework-espidf/components/console -IC:/Users/Max/.platformio/packages/framework-espidf/components/http_parser -IC:/Users/Max/.platformio/packages/framework-espidf/components/esp-tls -IC:/Users/Max/.platformio/packages/framework-espidf/components/esp-tls/esp-tls-crypto -IC:/Users/Max/.platformio/packages/framework-espidf/components/esp_adc/include -IC:/Users/Max/.platformio/packages/framework-espidf/components/esp_adc/interface -IC:/Users/Max/.platformio/packages/framework-espidf/components/esp_adc/esp32/include -IC:/Users/Max/.platformio/packages/framework-espidf/components/esp_adc/deprecated/include -IC:/Users/Max/.platformio/packages/framework-espidf/components/esp_driver_isp/include -IC:/Users/Max/.platformio/packages/framework-espidf/components/esp_driver_cam/include -IC:/Users/Max/.platformio/packages/framework-espidf/components/esp_driver_cam/interface -IC:/Users/Max/.platformio/packages/framework-espidf/components/esp_driver_jpeg/include -IC:/Users/Max/.platformio/packages/framework-espidf/components/esp_driver_ppa/include -IC:/Users/Max/.platformio/packages/framework-espidf/components/esp_eth/include -IC:/Users/Max/.platformio/packages/framework-espidf/components/esp_gdbstub/include -IC:/Users/Max/.platformio/packages/framework-espidf/components/esp_hid/include -IC:/Users/Max/.platformio/packages/framework-espidf/components/tcp_transport/include -IC:/Users/Max/.platformio/packages/framework-espidf/components/esp_http_client/include -IC:/Users/Max/.platformio/packages/framework-espidf/components/esp_http_server/include -IC:/Users/Max/.platformio/packages/framework-espidf/components/esp_https_ota/include -IC:/Users/Max/.platformio/packages/framework-espidf/components/esp_https_server/include -IC:/Users/Max/.platformio/packages/framework-espidf/components/esp_psram/include -IC:/Users/Max/.platformio/packages/framework-espidf/components/esp_lcd/include -IC:/Users/Max/.platformio/packages/framework-espidf/components/esp_lcd/interface -IC:/Users/Max/.platformio/packages/framework-espidf/components/protobuf-c/protobuf-c -IC:/Users/Max/.platformio/packages/framework-espidf/components/protocomm/include/common -IC:/Users/Max/.platformio/packages/framework-espidf/components/protocomm/include/security -IC:/Users/Max/.platformio/packages/framework-espidf/components/protocomm/include/transports -IC:/Users/Max/.platformio/packages/framework-espidf/components/protocomm/include/crypto/srp6a -IC:/Users/Max/.platformio/packages/framework-espidf/components/protocomm/proto-c -IC:/Users/Max/.platformio/packages/framework-espidf/components/esp_local_ctrl/include -IC:/Users/Max/.platformio/packages/framework-espidf/components/espcoredump/include -IC:/Users/Max/.platformio/packages/framework-espidf/components/espcoredump/include/port/xtensa -IC:/Users/Max/.platformio/packages/framework-espidf/components/wear_levelling/include -IC:/Users/Max/.platformio/packages/framework-espidf/components/fatfs/diskio -IC:/Users/Max/.platformio/packages/framework-espidf/components/fatfs/src -IC:/Users/Max/.platformio/packages/framework-espidf/components/fatfs/vfs -IC:/Users/Max/.platformio/packages/framework-espidf/components/idf_test/include -IC:/Users/Max/.platformio/packages/framework-espidf/components/idf_test/include/esp32 -IC:/Users/Max/.platformio/packages/framework-espidf/components/ieee802154/include -IC:/Users/Max/.platformio/packages/framework-espidf/components/json/cJSON -IC:/Users/Max/.platformio/packages/framework-espidf/components/mqtt/esp-mqtt/include -IC:/Users/Max/.platformio/packages/framework-espidf/components/nvs_sec_provider/include -IC:/Users/Max/.platformio/packages/framework-espidf/components/perfmon/include -IC:/Users/Max/.platformio/packages/framework-espidf/components/spiffs/include -IC:/Users/Max/.platformio/packages/framework-espidf/components/wifi_provisioning/include -Iinclude -Isrc -I. src/hello_world_main.c
xtensa-esp32-elf-gcc @C:\Users\Max\temp\espidf-hello-world\.pio\build\esp32dev\tmpj72h_sul.tmp
C:\Users\Max\.platformio\packages\tool-cmake@3.16.4\bin\cmake -DCC=C:\Users\Max\.platformio\packages\toolchain-xtensa-esp-elf\bin\xtensa-esp32-elf-gcc -DSOURCE=C:\Users\Max\.platformio\packages\framework-espidf\components\esp_system\ld\esp32\memory.ld.in -DTARGET=.pio\build\esp32dev\esp-idf\esp_system\ld\memory.ld.in -DCONFIG_DIR=C:\Users\Max\temp\espidf-hello-world\.pio\build\esp32dev\config -DLD_DIR=C:\Users\Max\.platformio\packages\framework-espidf\components\esp_system\ld -P C:\Users\Max\temp\espidf-hello-world\.pio\build\esp32dev\esp-idf\esp_system\ld\linker_script_generator.cmake
C:\Users\Max\.platformio\packages\tool-cmake@3.16.4\bin\cmake -DCC=C:\Users\Max\.platformio\packages\toolchain-xtensa-esp-elf\bin\xtensa-esp32-elf-gcc -DSOURCE=C:\Users\Max\.platformio\packages\framework-espidf\components\esp_system\ld\esp32\sections.ld.in -DTARGET=.pio\build\esp32dev\esp-idf\esp_system\ld\sections.ld.in -DCONFIG_DIR=C:\Users\Max\temp\espidf-hello-world\.pio\build\esp32dev\config -DLD_DIR=C:\Users\Max\.platformio\packages\framework-espidf\components\esp_system\ld -P C:\Users\Max\temp\espidf-hello-world\.pio\build\esp32dev\esp-idf\esp_system\ld\linker_script_generator.cmake
xtensa-esp32-elf-gcc -o .pio\build\esp32dev\app_trace\app_trace.c.o -c -Wno-pointer-sign -std=gnu17 -mlongcalls -Wno-frame-address -fno-builtin-memcpy -fno-builtin-memset -fno-builtin-bzero -fno-builtin-stpcpy -fno-builtin-strncpy -ffunction-sections -fdata-sections -Wall -Werror=all -Wno-error=unused-function -Wno-error=unused-variable -Wno-error=unused-but-set-variable -Wno-error=deprecated-declarations -Wextra -Wno-unused-parameter -Wno-sign-compare -Wno-enum-conversion -gdwarf-4 -ggdb -Og -fno-shrink-wrap -fmacro-prefix-map=C:/Users/Max/temp/espidf-hello-world=. -fmacro-prefix-map=C:/Users/Max/.platformio/packages/framework-espidf=/IDF -fstrict-volatile-bitfields -fno-jump-tables -fno-tree-switch-conversion -Wno-old-style-declaration -DPLATFORMIO=60115 -DARDUINO_ESP32_DEV -DESP_PLATFORM -DIDF_VER=\"5.3.0\" -DSOC_MMU_PAGE_SIZE=CONFIG_MMU_PAGE_SIZE -DSOC_XTAL_FREQ_MHZ=CONFIG_XTAL_FREQ -D_GLIBCXX_HAVE_POSIX_SEMAPHORE -D_GLIBCXX_USE_POSIX_SEMAPHORE -D_GNU_SOURCE -D_POSIX_READER_WRITER_LOCKS -I.pio\build\esp32dev\config -IC:\Users\Max\.platformio\packages\framework-espidf\components\app_trace\include -IC:\Users\Max\.platformio\packages\framework-espidf\components\app_trace\private_include -IC:\Users\Max\.platformio\packages\framework-espidf\components\app_trace\port\include -IC:\Users\Max\.platformio\packages\framework-espidf\components\newlib\platform_include -IC:\Users\Max\.platformio\packages\framework-espidf\components\freertos\config\include -IC:\Users\Max\.platformio\packages\framework-espidf\components\freertos\config\include\freertos -IC:\Users\Max\.platformio\packages\framework-espidf\components\freertos\config\xtensa\include -IC:\Users\Max\.platformio\packages\framework-espidf\components\freertos\FreeRTOS-Kernel\include -IC:\Users\Max\.platformio\packages\framework-espidf\components\freertos\FreeRTOS-Kernel\portable\xtensa\include -IC:\Users\Max\.platformio\packages\framework-espidf\components\freertos\FreeRTOS-Kernel\portable\xtensa\include\freertos -IC:\Users\Max\.platformio\packages\framework-espidf\components\freertos\esp_additions\include -IC:\Users\Max\.platformio\packages\framework-espidf\components\esp_hw_support\include -IC:\Users\Max\.platformio\packages\framework-espidf\components\esp_hw_support\include\soc -IC:\Users\Max\.platformio\packages\framework-espidf\components\esp_hw_support\include\soc\esp32 -IC:\Users\Max\.platformio\packages\framework-espidf\components\esp_hw_support\dma\include -IC:\Users\Max\.platformio\packages\framework-espidf\components\esp_hw_support\ldo\include -IC:\Users\Max\.platformio\packages\framework-espidf\components\esp_hw_support\port\esp32 -IC:\Users\Max\.platformio\packages\framework-espidf\components\esp_hw_support\port\esp32\include -IC:\Users\Max\.platformio\packages\framework-espidf\components\heap\include -IC:\Users\Max\.platformio\packages\framework-espidf\components\log\include -IC:\Users\Max\.platformio\packages\framework-espidf\components\soc\include -IC:\Users\Max\.platformio\packages\framework-espidf\components\soc\esp32 -IC:\Users\Max\.platformio\packages\framework-espidf\components\soc\esp32\include -IC:\Users\Max\.platformio\packages\framework-espidf\components\hal\platform_port\include -IC:\Users\Max\.platformio\packages\framework-espidf\components\hal\esp32\include -IC:\Users\Max\.platformio\packages\framework-espidf\components\hal\include -IC:\Users\Max\.platformio\packages\framework-espidf\components\esp_rom\include -IC:\Users\Max\.platformio\packages\framework-espidf\components\esp_rom\include\esp32 -IC:\Users\Max\.platformio\packages\framework-espidf\components\esp_rom\esp32 -IC:\Users\Max\.platformio\packages\framework-espidf\components\esp_common\include -IC:\Users\Max\.platformio\packages\framework-espidf\components\esp_system\include -IC:\Users\Max\.platformio\packages\framework-espidf\components\esp_system\port\soc -IC:\Users\Max\.platformio\packages\framework-espidf\components\esp_system\port\include\private -IC:\Users\Max\.platformio\packages\framework-espidf\components\xtensa\esp32\include -IC:\Users\Max\.platformio\packages\framework-espidf\components\xtensa\include -IC:\Users\Max\.platformio\packages\framework-espidf\components\xtensa\deprecated_include -IC:\Users\Max\.platformio\packages\framework-espidf\components\lwip\include -IC:\Users\Max\.platformio\packages\framework-espidf\components\lwip\include\apps -IC:\Users\Max\.platformio\packages\framework-espidf\components\lwip\include\apps\sntp -IC:\Users\Max\.platformio\packages\framework-espidf\components\lwip\lwip\src\include -IC:\Users\Max\.platformio\packages\framework-espidf\components\lwip\port\include -IC:\Users\Max\.platformio\packages\framework-espidf\components\lwip\port\freertos\include -IC:\Users\Max\.platformio\packages\framework-espidf\components\lwip\port\esp32xx\include -IC:\Users\Max\.platformio\packages\framework-espidf\components\lwip\port\esp32xx\include\arch -IC:\Users\Max\.platformio\packages\framework-espidf\components\lwip\port\esp32xx\include\sys -IC:\Users\Max\.platformio\packages\framework-espidf\components\esp_timer\include -IC:\Users\Max\.platformio\packages\framework-espidf\components\esp_driver_gptimer\include -IC:\Users\Max\.platformio\packages\framework-espidf\components\esp_pm\include -IC:\Users\Max\.platformio\packages\framework-espidf\components\esp_driver_gpio\include -IC:\Users\Max\.platformio\packages\framework-espidf\components\esp_driver_uart\include -IC:\Users\Max\.platformio\packages\framework-espidf\components\vfs\include C:\Users\Max\.platformio\packages\framework-espidf\components\app_trace\app_trace.c
xtensa-esp32-elf-gcc -I"C:\Users\Max\temp\espidf-hello-world\.pio\build\esp32dev/config" -I"C:\Users\Max\.platformio\packages\framework-espidf\components\esp_system\ld" -C -P -x c -E .pio\build\esp32dev\esp-idf\esp_system\ld\memory.ld.in -o .pio\build\esp32dev\memory.ld
xtensa-esp32-elf-gcc -o .pio\build\esp32dev\app_trace\app_trace_util.c.o -c -Wno-pointer-sign -std=gnu17 -mlongcalls -Wno-frame-address -fno-builtin-memcpy -fno-builtin-memset -fno-builtin-bzero -fno-builtin-stpcpy -fno-builtin-strncpy -ffunction-sections -fdata-sections -Wall -Werror=all -Wno-error=unused-function -Wno-error=unused-variable -Wno-error=unused-but-set-variable -Wno-error=deprecated-declarations -Wextra -Wno-unused-parameter -Wno-sign-compare -Wno-enum-conversion -gdwarf-4 -ggdb -Og -fno-shrink-wrap -fmacro-prefix-map=C:/Users/Max/temp/espidf-hello-world=. -fmacro-prefix-map=C:/Users/Max/.platformio/packages/framework-espidf=/IDF -fstrict-volatile-bitfields -fno-jump-tables -fno-tree-switch-conversion -Wno-old-style-declaration -DPLATFORMIO=60115 -DARDUINO_ESP32_DEV -DESP_PLATFORM -DIDF_VER=\"5.3.0\" -DSOC_MMU_PAGE_SIZE=CONFIG_MMU_PAGE_SIZE -DSOC_XTAL_FREQ_MHZ=CONFIG_XTAL_FREQ -D_GLIBCXX_HAVE_POSIX_SEMAPHORE -D_GLIBCXX_USE_POSIX_SEMAPHORE -D_GNU_SOURCE -D_POSIX_READER_WRITER_LOCKS -I.pio\build\esp32dev\config -IC:\Users\Max\.platformio\packages\framework-espidf\components\app_trace\include -IC:\Users\Max\.platformio\packages\framework-espidf\components\app_trace\private_include -IC:\Users\Max\.platformio\packages\framework-espidf\components\app_trace\port\include -IC:\Users\Max\.platformio\packages\framework-espidf\components\newlib\platform_include -IC:\Users\Max\.platformio\packages\framework-espidf\components\freertos\config\include -IC:\Users\Max\.platformio\packages\framework-espidf\components\freertos\config\include\freertos -IC:\Users\Max\.platformio\packages\framework-espidf\components\freertos\config\xtensa\include -IC:\Users\Max\.platformio\packages\framework-espidf\components\freertos\FreeRTOS-Kernel\include -IC:\Users\Max\.platformio\packages\framework-espidf\components\freertos\FreeRTOS-Kernel\portable\xtensa\include -IC:\Users\Max\.platformio\packages\framework-espidf\components\freertos\FreeRTOS-Kernel\portable\xtensa\include\freertos -IC:\Users\Max\.platformio\packages\framework-espidf\components\freertos\esp_additions\include -IC:\Users\Max\.platformio\packages\framework-espidf\components\esp_hw_support\include -IC:\Users\Max\.platformio\packages\framework-espidf\components\esp_hw_support\include\soc -IC:\Users\Max\.platformio\packages\framework-espidf\components\esp_hw_support\include\soc\esp32 -IC:\Users\Max\.platformio\packages\framework-espidf\components\esp_hw_support\dma\include -IC:\Users\Max\.platformio\packages\framework-espidf\components\esp_hw_support\ldo\include -IC:\Users\Max\.platformio\packages\framework-espidf\components\esp_hw_support\port\esp32 -IC:\Users\Max\.platformio\packages\framework-espidf\components\esp_hw_support\port\esp32\include -IC:\Users\Max\.platformio\packages\framework-espidf\components\heap\include -IC:\Users\Max\.platformio\packages\framework-espidf\components\log\include -IC:\Users\Max\.platformio\packages\framework-espidf\components\soc\include -IC:\Users\Max\.platformio\packages\framework-espidf\components\soc\esp32 -IC:\Users\Max\.platformio\packages\framework-espidf\components\soc\esp32\include -IC:\Users\Max\.platformio\packages\framework-espidf\components\hal\platform_port\include -IC:\Users\Max\.platformio\packages\framework-espidf\components\hal\esp32\include -IC:\Users\Max\.platformio\packages\framework-espidf\components\hal\include -IC:\Users\Max\.platformio\packages\framework-espidf\components\esp_rom\include -IC:\Users\Max\.platformio\packages\framework-espidf\components\esp_rom\include\esp32 -IC:\Users\Max\.platformio\packages\framework-espidf\components\esp_rom\esp32 -IC:\Users\Max\.platformio\packages\framework-espidf\components\esp_common\include -IC:\Users\Max\.platformio\packages\framework-espidf\components\esp_system\include -IC:\Users\Max\.platformio\packages\framework-espidf\components\esp_system\port\soc -IC:\Users\Max\.platformio\packages\framework-espidf\components\esp_system\port\include\private -IC:\Users\Max\.platformio\packages\framework-espidf\components\xtensa\esp32\include -IC:\Users\Max\.platformio\packages\framework-espidf\components\xtensa\include -IC:\Users\Max\.platformio\packages\framework-espidf\components\xtensa\deprecated_include -IC:\Users\Max\.platformio\packages\framework-espidf\components\lwip\include -IC:\Users\Max\.platformio\packages\framework-espidf\components\lwip\include\apps -IC:\Users\Max\.platformio\packages\framework-espidf\components\lwip\include\apps\sntp -IC:\Users\Max\.platformio\packages\framework-espidf\components\lwip\lwip\src\include -IC:\Users\Max\.platformio\packages\framework-espidf\components\lwip\port\include -IC:\Users\Max\.platformio\packages\framework-espidf\components\lwip\port\freertos\include -IC:\Users\Max\.platformio\packages\framework-espidf\components\lwip\port\esp32xx\include -IC:\Users\Max\.platformio\packages\framework-espidf\components\lwip\port\esp32xx\include\arch -IC:\Users\Max\.platformio\packages\framework-espidf\components\lwip\port\esp32xx\include\sys -IC:\Users\Max\.platformio\packages\framework-espidf\components\esp_timer\include -IC:\Users\Max\.platformio\packages\framework-espidf\components\esp_driver_gptimer\include -IC:\Users\Max\.platformio\packages\framework-espidf\components\esp_pm\include -IC:\Users\Max\.platformio\packages\framework-espidf\components\esp_driver_gpio\include -IC:\Users\Max\.platformio\packages\framework-espidf\components\esp_driver_uart\include -IC:\Users\Max\.platformio\packages\framework-espidf\components\vfs\include C:\Users\Max\.platformio\packages\framework-espidf\components\app_trace\app_trace_util.c
xtensa-esp32-elf-gcc -o .pio\build\esp32dev\app_trace\host_file_io.c.o -c -Wno-pointer-sign -std=gnu17 -mlongcalls -Wno-frame-address -fno-builtin-memcpy -fno-builtin-memset -fno-builtin-bzero -fno-builtin-stpcpy -fno-builtin-strncpy -ffunction-sections -fdata-sections -Wall -Werror=all -Wno-error=unused-function -Wno-error=unused-variable -Wno-error=unused-but-set-variable -Wno-error=deprecated-declarations -Wextra -Wno-unused-parameter -Wno-sign-compare -Wno-enum-conversion -gdwarf-4 -ggdb -Og -fno-shrink-wrap -fmacro-prefix-map=C:/Users/Max/temp/espidf-hello-world=. -fmacro-prefix-map=C:/Users/Max/.platformio/packages/framework-espidf=/IDF -fstrict-volatile-bitfields -fno-jump-tables -fno-tree-switch-conversion -Wno-old-style-declaration -DPLATFORMIO=60115 -DARDUINO_ESP32_DEV -DESP_PLATFORM -DIDF_VER=\"5.3.0\" -DSOC_MMU_PAGE_SIZE=CONFIG_MMU_PAGE_SIZE -DSOC_XTAL_FREQ_MHZ=CONFIG_XTAL_FREQ -D_GLIBCXX_HAVE_POSIX_SEMAPHORE -D_GLIBCXX_USE_POSIX_SEMAPHORE -D_GNU_SOURCE -D_POSIX_READER_WRITER_LOCKS -I.pio\build\esp32dev\config -IC:\Users\Max\.platformio\packages\framework-espidf\components\app_trace\include -IC:\Users\Max\.platformio\packages\framework-espidf\components\app_trace\private_include -IC:\Users\Max\.platformio\packages\framework-espidf\components\app_trace\port\include -IC:\Users\Max\.platformio\packages\framework-espidf\components\newlib\platform_include -IC:\Users\Max\.platformio\packages\framework-espidf\components\freertos\config\include -IC:\Users\Max\.platformio\packages\framework-espidf\components\freertos\config\include\freertos -IC:\Users\Max\.platformio\packages\framework-espidf\components\freertos\config\xtensa\include -IC:\Users\Max\.platformio\packages\framework-espidf\components\freertos\FreeRTOS-Kernel\include -IC:\Users\Max\.platformio\packages\framework-espidf\components\freertos\FreeRTOS-Kernel\portable\xtensa\include -IC:\Users\Max\.platformio\packages\framework-espidf\components\freertos\FreeRTOS-Kernel\portable\xtensa\include\freertos -IC:\Users\Max\.platformio\packages\framework-espidf\components\freertos\esp_additions\include -IC:\Users\Max\.platformio\packages\framework-espidf\components\esp_hw_support\include -IC:\Users\Max\.platformio\packages\framework-espidf\components\esp_hw_support\include\soc -IC:\Users\Max\.platformio\packages\framework-espidf\components\esp_hw_support\include\soc\esp32 -IC:\Users\Max\.platformio\packages\framework-espidf\components\esp_hw_support\dma\include -IC:\Users\Max\.platformio\packages\framework-espidf\components\esp_hw_support\ldo\include -IC:\Users\Max\.platformio\packages\framework-espidf\components\esp_hw_support\port\esp32 -IC:\Users\Max\.platformio\packages\framework-espidf\components\esp_hw_support\port\esp32\include -IC:\Users\Max\.platformio\packages\framework-espidf\components\heap\include -IC:\Users\Max\.platformio\packages\framework-espidf\components\log\include -IC:\Users\Max\.platformio\packages\framework-espidf\components\soc\include -IC:\Users\Max\.platformio\packages\framework-espidf\components\soc\esp32 -IC:\Users\Max\.platformio\packages\framework-espidf\components\soc\esp32\include -IC:\Users\Max\.platformio\packages\framework-espidf\components\hal\platform_port\include -IC:\Users\Max\.platformio\packages\framework-espidf\components\hal\esp32\include -IC:\Users\Max\.platformio\packages\framework-espidf\components\hal\include -IC:\Users\Max\.platformio\packages\framework-espidf\components\esp_rom\include -IC:\Users\Max\.platformio\packages\framework-espidf\components\esp_rom\include\esp32 -IC:\Users\Max\.platformio\packages\framework-espidf\components\esp_rom\esp32 -IC:\Users\Max\.platformio\packages\framework-espidf\components\esp_common\include -IC:\Users\Max\.platformio\packages\framework-espidf\components\esp_system\include -IC:\Users\Max\.platformio\packages\framework-espidf\components\esp_system\port\soc -IC:\Users\Max\.platformio\packages\framework-espidf\components\esp_system\port\include\private -IC:\Users\Max\.platformio\packages\framework-espidf\components\xtensa\esp32\include -IC:\Users\Max\.platformio\packages\framework-espidf\components\xtensa\include -IC:\Users\Max\.platformio\packages\framework-espidf\components\xtensa\deprecated_include -IC:\Users\Max\.platformio\packages\framework-espidf\components\lwip\include -IC:\Users\Max\.platformio\packages\framework-espidf\components\lwip\include\apps -IC:\Users\Max\.platformio\packages\framework-espidf\components\lwip\include\apps\sntp -IC:\Users\Max\.platformio\packages\framework-espidf\components\lwip\lwip\src\include -IC:\Users\Max\.platformio\packages\framework-espidf\components\lwip\port\include -IC:\Users\Max\.platformio\packages\framework-espidf\components\lwip\port\freertos\include -IC:\Users\Max\.platformio\packages\framework-espidf\components\lwip\port\esp32xx\include -IC:\Users\Max\.platformio\packages\framework-espidf\components\lwip\port\esp32xx\include\arch -IC:\Users\Max\.platformio\packages\framework-espidf\components\lwip\port\esp32xx\include\sys -IC:\Users\Max\.platformio\packages\framework-espidf\components\esp_timer\include -IC:\Users\Max\.platformio\packages\framework-espidf\components\esp_driver_gptimer\include -IC:\Users\Max\.platformio\packages\framework-espidf\components\esp_pm\include -IC:\Users\Max\.platformio\packages\framework-espidf\components\esp_driver_gpio\include -IC:\Users\Max\.platformio\packages\framework-espidf\components\esp_driver_uart\include -IC:\Users\Max\.platformio\packages\framework-espidf\components\vfs\include C:\Users\Max\.platformio\packages\framework-espidf\components\app_trace\host_file_io.c
xtensa-esp32-elf-gcc -o .pio\build\esp32dev\app_trace\port\port_uart.c.o -c -Wno-pointer-sign -std=gnu17 -mlongcalls -Wno-frame-address -fno-builtin-memcpy -fno-builtin-memset -fno-builtin-bzero -fno-builtin-stpcpy -fno-builtin-strncpy -ffunction-sections -fdata-sections -Wall -Werror=all -Wno-error=unused-function -Wno-error=unused-variable -Wno-error=unused-but-set-variable -Wno-error=deprecated-declarations -Wextra -Wno-unused-parameter -Wno-sign-compare -Wno-enum-conversion -gdwarf-4 -ggdb -Og -fno-shrink-wrap -fmacro-prefix-map=C:/Users/Max/temp/espidf-hello-world=. -fmacro-prefix-map=C:/Users/Max/.platformio/packages/framework-espidf=/IDF -fstrict-volatile-bitfields -fno-jump-tables -fno-tree-switch-conversion -Wno-old-style-declaration -DPLATFORMIO=60115 -DARDUINO_ESP32_DEV -DESP_PLATFORM -DIDF_VER=\"5.3.0\" -DSOC_MMU_PAGE_SIZE=CONFIG_MMU_PAGE_SIZE -DSOC_XTAL_FREQ_MHZ=CONFIG_XTAL_FREQ -D_GLIBCXX_HAVE_POSIX_SEMAPHORE -D_GLIBCXX_USE_POSIX_SEMAPHORE -D_GNU_SOURCE -D_POSIX_READER_WRITER_LOCKS -I.pio\build\esp32dev\config -IC:\Users\Max\.platformio\packages\framework-espidf\components\app_trace\include -IC:\Users\Max\.platformio\packages\framework-espidf\components\app_trace\private_include -IC:\Users\Max\.platformio\packages\framework-espidf\components\app_trace\port\include -IC:\Users\Max\.platformio\packages\framework-espidf\components\newlib\platform_include -IC:\Users\Max\.platformio\packages\framework-espidf\components\freertos\config\include -IC:\Users\Max\.platformio\packages\framework-espidf\components\freertos\config\include\freertos -IC:\Users\Max\.platformio\packages\framework-espidf\components\freertos\config\xtensa\include -IC:\Users\Max\.platformio\packages\framework-espidf\components\freertos\FreeRTOS-Kernel\include -IC:\Users\Max\.platformio\packages\framework-espidf\components\freertos\FreeRTOS-Kernel\portable\xtensa\include -IC:\Users\Max\.platformio\packages\framework-espidf\components\freertos\FreeRTOS-Kernel\portable\xtensa\include\freertos -IC:\Users\Max\.platformio\packages\framework-espidf\components\freertos\esp_additions\include -IC:\Users\Max\.platformio\packages\framework-espidf\components\esp_hw_support\include -IC:\Users\Max\.platformio\packages\framework-espidf\components\esp_hw_support\include\soc -IC:\Users\Max\.platformio\packages\framework-espidf\components\esp_hw_support\include\soc\esp32 -IC:\Users\Max\.platformio\packages\framework-espidf\components\esp_hw_support\dma\include -IC:\Users\Max\.platformio\packages\framework-espidf\components\esp_hw_support\ldo\include -IC:\Users\Max\.platformio\packages\framework-espidf\components\esp_hw_support\port\esp32 -IC:\Users\Max\.platformio\packages\framework-espidf\components\esp_hw_support\port\esp32\include -IC:\Users\Max\.platformio\packages\framework-espidf\components\heap\include -IC:\Users\Max\.platformio\packages\framework-espidf\components\log\include -IC:\Users\Max\.platformio\packages\framework-espidf\components\soc\include -IC:\Users\Max\.platformio\packages\framework-espidf\components\soc\esp32 -IC:\Users\Max\.platformio\packages\framework-espidf\components\soc\esp32\include -IC:\Users\Max\.platformio\packages\framework-espidf\components\hal\platform_port\include -IC:\Users\Max\.platformio\packages\framework-espidf\components\hal\esp32\include -IC:\Users\Max\.platformio\packages\framework-espidf\components\hal\include -IC:\Users\Max\.platformio\packages\framework-espidf\components\esp_rom\include -IC:\Users\Max\.platformio\packages\framework-espidf\components\esp_rom\include\esp32 -IC:\Users\Max\.platformio\packages\framework-espidf\components\esp_rom\esp32 -IC:\Users\Max\.platformio\packages\framework-espidf\components\esp_common\include -IC:\Users\Max\.platformio\packages\framework-espidf\components\esp_system\include -IC:\Users\Max\.platformio\packages\framework-espidf\components\esp_system\port\soc -IC:\Users\Max\.platformio\packages\framework-espidf\components\esp_system\port\include\private -IC:\Users\Max\.platformio\packages\framework-espidf\components\xtensa\esp32\include -IC:\Users\Max\.platformio\packages\framework-espidf\components\xtensa\include -IC:\Users\Max\.platformio\packages\framework-espidf\components\xtensa\deprecated_include -IC:\Users\Max\.platformio\packages\framework-espidf\components\lwip\include -IC:\Users\Max\.platformio\packages\framework-espidf\components\lwip\include\apps -IC:\Users\Max\.platformio\packages\framework-espidf\components\lwip\include\apps\sntp -IC:\Users\Max\.platformio\packages\framework-espidf\components\lwip\lwip\src\include -IC:\Users\Max\.platformio\packages\framework-espidf\components\lwip\port\include -IC:\Users\Max\.platformio\packages\framework-espidf\components\lwip\port\freertos\include -IC:\Users\Max\.platformio\packages\framework-espidf\components\lwip\port\esp32xx\include -IC:\Users\Max\.platformio\packages\framework-espidf\components\lwip\port\esp32xx\include\arch -IC:\Users\Max\.platformio\packages\framework-espidf\components\lwip\port\esp32xx\include\sys -IC:\Users\Max\.platformio\packages\framework-espidf\components\esp_timer\include -IC:\Users\Max\.platformio\packages\framework-espidf\components\esp_driver_gptimer\include -IC:\Users\Max\.platformio\packages\framework-espidf\components\esp_pm\include -IC:\Users\Max\.platformio\packages\framework-espidf\components\esp_driver_gpio\include -IC:\Users\Max\.platformio\packages\framework-espidf\components\esp_driver_uart\include -IC:\Users\Max\.platformio\packages\framework-espidf\components\vfs\include C:\Users\Max\.platformio\packages\framework-espidf\components\app_trace\port\port_uart.c
xtensa-esp32-elf-gcc -o .pio\build\esp32dev\app_update\esp_ota_ops.c.o -c -Wno-pointer-sign -std=gnu17 -mlongcalls -Wno-frame-address -fno-builtin-memcpy -fno-builtin-memset -fno-builtin-bzero -fno-builtin-stpcpy -fno-builtin-strncpy -ffunction-sections -fdata-sections -Wall -Werror=all -Wno-error=unused-function -Wno-error=unused-variable -Wno-error=unused-but-set-variable -Wno-error=deprecated-declarations -Wextra -Wno-unused-parameter -Wno-sign-compare -Wno-enum-conversion -gdwarf-4 -ggdb -Og -fno-shrink-wrap -fmacro-prefix-map=C:/Users/Max/temp/espidf-hello-world=. -fmacro-prefix-map=C:/Users/Max/.platformio/packages/framework-espidf=/IDF -fstrict-volatile-bitfields -fno-jump-tables -fno-tree-switch-conversion -Wno-old-style-declaration -DPLATFORMIO=60115 -DARDUINO_ESP32_DEV -DESP_PLATFORM -DIDF_VER=\"5.3.0\" -DSOC_MMU_PAGE_SIZE=CONFIG_MMU_PAGE_SIZE -DSOC_XTAL_FREQ_MHZ=CONFIG_XTAL_FREQ -D_GLIBCXX_HAVE_POSIX_SEMAPHORE -D_GLIBCXX_USE_POSIX_SEMAPHORE -D_GNU_SOURCE -D_POSIX_READER_WRITER_LOCKS -I.pio\build\esp32dev\config -IC:\Users\Max\.platformio\packages\framework-espidf\components\app_update\include -IC:\Users\Max\.platformio\packages\framework-espidf\components\newlib\platform_include -IC:\Users\Max\.platformio\packages\framework-espidf\components\freertos\config\include -IC:\Users\Max\.platformio\packages\framework-espidf\components\freertos\config\include\freertos -IC:\Users\Max\.platformio\packages\framework-espidf\components\freertos\config\xtensa\include -IC:\Users\Max\.platformio\packages\framework-espidf\components\freertos\FreeRTOS-Kernel\include -IC:\Users\Max\.platformio\packages\framework-espidf\components\freertos\FreeRTOS-Kernel\portable\xtensa\include -IC:\Users\Max\.platformio\packages\framework-espidf\components\freertos\FreeRTOS-Kernel\portable\xtensa\include\freertos -IC:\Users\Max\.platformio\packages\framework-espidf\components\freertos\esp_additions\include -IC:\Users\Max\.platformio\packages\framework-espidf\components\esp_hw_support\include -IC:\Users\Max\.platformio\packages\framework-espidf\components\esp_hw_support\include\soc -IC:\Users\Max\.platformio\packages\framework-espidf\components\esp_hw_support\include\soc\esp32 -IC:\Users\Max\.platformio\packages\framework-espidf\components\esp_hw_support\dma\include -IC:\Users\Max\.platformio\packages\framework-espidf\components\esp_hw_support\ldo\include -IC:\Users\Max\.platformio\packages\framework-espidf\components\esp_hw_support\port\esp32 -IC:\Users\Max\.platformio\packages\framework-espidf\components\esp_hw_support\port\esp32\include -IC:\Users\Max\.platformio\packages\framework-espidf\components\heap\include -IC:\Users\Max\.platformio\packages\framework-espidf\components\log\include -IC:\Users\Max\.platformio\packages\framework-espidf\components\soc\include -IC:\Users\Max\.platformio\packages\framework-espidf\components\soc\esp32 -IC:\Users\Max\.platformio\packages\framework-espidf\components\soc\esp32\include -IC:\Users\Max\.platformio\packages\framework-espidf\components\hal\platform_port\include -IC:\Users\Max\.platformio\packages\framework-espidf\components\hal\esp32\include -IC:\Users\Max\.platformio\packages\framework-espidf\components\hal\include -IC:\Users\Max\.platformio\packages\framework-espidf\components\esp_rom\include -IC:\Users\Max\.platformio\packages\framework-espidf\components\esp_rom\include\esp32 -IC:\Users\Max\.platformio\packages\framework-espidf\components\esp_rom\esp32 -IC:\Users\Max\.platformio\packages\framework-espidf\components\esp_common\include -IC:\Users\Max\.platformio\packages\framework-espidf\components\esp_system\include -IC:\Users\Max\.platformio\packages\framework-espidf\components\esp_system\port\soc -IC:\Users\Max\.platformio\packages\framework-espidf\components\esp_system\port\include\private -IC:\Users\Max\.platformio\packages\framework-espidf\components\xtensa\esp32\include -IC:\Users\Max\.platformio\packages\framework-espidf\components\xtensa\include -IC:\Users\Max\.platformio\packages\framework-espidf\components\xtensa\deprecated_include -IC:\Users\Max\.platformio\packages\framework-espidf\components\lwip\include -IC:\Users\Max\.platformio\packages\framework-espidf\components\lwip\include\apps -IC:\Users\Max\.platformio\packages\framework-espidf\components\lwip\include\apps\sntp -IC:\Users\Max\.platformio\packages\framework-espidf\components\lwip\lwip\src\include -IC:\Users\Max\.platformio\packages\framework-espidf\components\lwip\port\include -IC:\Users\Max\.platformio\packages\framework-espidf\components\lwip\port\freertos\include -IC:\Users\Max\.platformio\packages\framework-espidf\components\lwip\port\esp32xx\include -IC:\Users\Max\.platformio\packages\framework-espidf\components\lwip\port\esp32xx\include\arch -IC:\Users\Max\.platformio\packages\framework-espidf\components\lwip\port\esp32xx\include\sys -IC:\Users\Max\.platformio\packages\framework-espidf\components\bootloader_support\include -IC:\Users\Max\.platformio\packages\framework-espidf\components\bootloader_support\bootloader_flash\include -IC:\Users\Max\.platformio\packages\framework-espidf\components\esp_app_format\include -IC:\Users\Max\.platformio\packages\framework-espidf\components\esp_bootloader_format\include -IC:\Users\Max\.platformio\packages\framework-espidf\components\esp_partition\include -IC:\Users\Max\.platformio\packages\framework-espidf\components\efuse\include -IC:\Users\Max\.platformio\packages\framework-espidf\components\efuse\esp32\include -IC:\Users\Max\.platformio\packages\framework-espidf\components\spi_flash\include C:\Users\Max\.platformio\packages\framework-espidf\components\app_update\esp_ota_ops.c
xtensa-esp32-elf-gcc -o .pio\build\esp32dev\app_update\esp_ota_app_desc.c.o -c -Wno-pointer-sign -std=gnu17 -mlongcalls -Wno-frame-address -fno-builtin-memcpy -fno-builtin-memset -fno-builtin-bzero -fno-builtin-stpcpy -fno-builtin-strncpy -ffunction-sections -fdata-sections -Wall -Werror=all -Wno-error=unused-function -Wno-error=unused-variable -Wno-error=unused-but-set-variable -Wno-error=deprecated-declarations -Wextra -Wno-unused-parameter -Wno-sign-compare -Wno-enum-conversion -gdwarf-4 -ggdb -Og -fno-shrink-wrap -fmacro-prefix-map=C:/Users/Max/temp/espidf-hello-world=. -fmacro-prefix-map=C:/Users/Max/.platformio/packages/framework-espidf=/IDF -fstrict-volatile-bitfields -fno-jump-tables -fno-tree-switch-conversion -Wno-old-style-declaration -DPLATFORMIO=60115 -DARDUINO_ESP32_DEV -DESP_PLATFORM -DIDF_VER=\"5.3.0\" -DSOC_MMU_PAGE_SIZE=CONFIG_MMU_PAGE_SIZE -DSOC_XTAL_FREQ_MHZ=CONFIG_XTAL_FREQ -D_GLIBCXX_HAVE_POSIX_SEMAPHORE -D_GLIBCXX_USE_POSIX_SEMAPHORE -D_GNU_SOURCE -D_POSIX_READER_WRITER_LOCKS -I.pio\build\esp32dev\config -IC:\Users\Max\.platformio\packages\framework-espidf\components\app_update\include -IC:\Users\Max\.platformio\packages\framework-espidf\components\newlib\platform_include -IC:\Users\Max\.platformio\packages\framework-espidf\components\freertos\config\include -IC:\Users\Max\.platformio\packages\framework-espidf\components\freertos\config\include\freertos -IC:\Users\Max\.platformio\packages\framework-espidf\components\freertos\config\xtensa\include -IC:\Users\Max\.platformio\packages\framework-espidf\components\freertos\FreeRTOS-Kernel\include -IC:\Users\Max\.platformio\packages\framework-espidf\components\freertos\FreeRTOS-Kernel\portable\xtensa\include -IC:\Users\Max\.platformio\packages\framework-espidf\components\freertos\FreeRTOS-Kernel\portable\xtensa\include\freertos -IC:\Users\Max\.platformio\packages\framework-espidf\components\freertos\esp_additions\include -IC:\Users\Max\.platformio\packages\framework-espidf\components\esp_hw_support\include -IC:\Users\Max\.platformio\packages\framework-espidf\components\esp_hw_support\include\soc -IC:\Users\Max\.platformio\packages\framework-espidf\components\esp_hw_support\include\soc\esp32 -IC:\Users\Max\.platformio\packages\framework-espidf\components\esp_hw_support\dma\include -IC:\Users\Max\.platformio\packages\framework-espidf\components\esp_hw_support\ldo\include -IC:\Users\Max\.platformio\packages\framework-espidf\components\esp_hw_support\port\esp32 -IC:\Users\Max\.platformio\packages\framework-espidf\components\esp_hw_support\port\esp32\include -IC:\Users\Max\.platformio\packages\framework-espidf\components\heap\include -IC:\Users\Max\.platformio\packages\framework-espidf\components\log\include -IC:\Users\Max\.platformio\packages\framework-espidf\components\soc\include -IC:\Users\Max\.platformio\packages\framework-espidf\components\soc\esp32 -IC:\Users\Max\.platformio\packages\framework-espidf\components\soc\esp32\include -IC:\Users\Max\.platformio\packages\framework-espidf\components\hal\platform_port\include -IC:\Users\Max\.platformio\packages\framework-espidf\components\hal\esp32\include -IC:\Users\Max\.platformio\packages\framework-espidf\components\hal\include -IC:\Users\Max\.platformio\packages\framework-espidf\components\esp_rom\include -IC:\Users\Max\.platformio\packages\framework-espidf\components\esp_rom\include\esp32 -IC:\Users\Max\.platformio\packages\framework-espidf\components\esp_rom\esp32 -IC:\Users\Max\.platformio\packages\framework-espidf\components\esp_common\include -IC:\Users\Max\.platformio\packages\framework-espidf\components\esp_system\include -IC:\Users\Max\.platformio\packages\framework-espidf\components\esp_system\port\soc -IC:\Users\Max\.platformio\packages\framework-espidf\components\esp_system\port\include\private -IC:\Users\Max\.platformio\packages\framework-espidf\components\xtensa\esp32\include -IC:\Users\Max\.platformio\packages\framework-espidf\components\xtensa\include -IC:\Users\Max\.platformio\packages\framework-espidf\components\xtensa\deprecated_include -IC:\Users\Max\.platformio\packages\framework-espidf\components\lwip\include -IC:\Users\Max\.platformio\packages\framework-espidf\components\lwip\include\apps -IC:\Users\Max\.platformio\packages\framework-espidf\components\lwip\include\apps\sntp -IC:\Users\Max\.platformio\packages\framework-espidf\components\lwip\lwip\src\include -IC:\Users\Max\.platformio\packages\framework-espidf\components\lwip\port\include -IC:\Users\Max\.platformio\packages\framework-espidf\components\lwip\port\freertos\include -IC:\Users\Max\.platformio\packages\framework-espidf\components\lwip\port\esp32xx\include -IC:\Users\Max\.platformio\packages\framework-espidf\components\lwip\port\esp32xx\include\arch -IC:\Users\Max\.platformio\packages\framework-espidf\components\lwip\port\esp32xx\include\sys -IC:\Users\Max\.platformio\packages\framework-espidf\components\bootloader_support\include -IC:\Users\Max\.platformio\packages\framework-espidf\components\bootloader_support\bootloader_flash\include -IC:\Users\Max\.platformio\packages\framework-espidf\components\esp_app_format\include -IC:\Users\Max\.platformio\packages\framework-espidf\components\esp_bootloader_format\include -IC:\Users\Max\.platformio\packages\framework-espidf\components\esp_partition\include -IC:\Users\Max\.platformio\packages\framework-espidf\components\efuse\include -IC:\Users\Max\.platformio\packages\framework-espidf\components\efuse\esp32\include -IC:\Users\Max\.platformio\packages\framework-espidf\components\spi_flash\include C:\Users\Max\.platformio\packages\framework-espidf\components\app_update\esp_ota_app_desc.c
xtensa-esp32-elf-gcc -o .pio\build\esp32dev\bootloader_support\src\bootloader_common.c.o -c -Wno-pointer-sign -std=gnu17 -mlongcalls -Wno-frame-address -fno-builtin-memcpy -fno-builtin-memset -fno-builtin-bzero -fno-builtin-stpcpy -fno-builtin-strncpy -ffunction-sections -fdata-sections -Wall -Werror=all -Wno-error=unused-function -Wno-error=unused-variable -Wno-error=unused-but-set-variable -Wno-error=deprecated-declarations -Wextra -Wno-unused-parameter -Wno-sign-compare -Wno-enum-conversion -gdwarf-4 -ggdb -Og -fno-shrink-wrap -fmacro-prefix-map=C:/Users/Max/temp/espidf-hello-world=. -fmacro-prefix-map=C:/Users/Max/.platformio/packages/framework-espidf=/IDF -fstrict-volatile-bitfields -fno-jump-tables -fno-tree-switch-conversion -Wno-old-style-declaration -DPLATFORMIO=60115 -DARDUINO_ESP32_DEV -DESP_PLATFORM -DIDF_VER=\"5.3.0\" -DMBEDTLS_CONFIG_FILE=\"mbedtls/esp_config.h\" -DSOC_MMU_PAGE_SIZE=CONFIG_MMU_PAGE_SIZE -DSOC_XTAL_FREQ_MHZ=CONFIG_XTAL_FREQ -D_GLIBCXX_HAVE_POSIX_SEMAPHORE -D_GLIBCXX_USE_POSIX_SEMAPHORE -D_GNU_SOURCE -D_POSIX_READER_WRITER_LOCKS -I.pio\build\esp32dev\config -IC:\Users\Max\.platformio\packages\framework-espidf\components\bootloader_support\include -IC:\Users\Max\.platformio\packages\framework-espidf\components\bootloader_support\bootloader_flash\include -IC:\Users\Max\.platformio\packages\framework-espidf\components\bootloader_support\private_include -IC:\Users\Max\.platformio\packages\framework-espidf\components\newlib\platform_include -IC:\Users\Max\.platformio\packages\framework-espidf\components\freertos\config\include -IC:\Users\Max\.platformio\packages\framework-espidf\components\freertos\config\include\freertos -IC:\Users\Max\.platformio\packages\framework-espidf\components\freertos\config\xtensa\include -IC:\Users\Max\.platformio\packages\framework-espidf\components\freertos\FreeRTOS-Kernel\include -IC:\Users\Max\.platformio\packages\framework-espidf\components\freertos\FreeRTOS-Kernel\portable\xtensa\include -IC:\Users\Max\.platformio\packages\framework-espidf\components\freertos\FreeRTOS-Kernel\portable\xtensa\include\freertos -IC:\Users\Max\.platformio\packages\framework-espidf\components\freertos\esp_additions\include -IC:\Users\Max\.platformio\packages\framework-espidf\components\esp_hw_support\include -IC:\Users\Max\.platformio\packages\framework-espidf\components\esp_hw_support\include\soc -IC:\Users\Max\.platformio\packages\framework-espidf\components\esp_hw_support\include\soc\esp32 -IC:\Users\Max\.platformio\packages\framework-espidf\components\esp_hw_support\dma\include -IC:\Users\Max\.platformio\packages\framework-espidf\components\esp_hw_support\ldo\include -IC:\Users\Max\.platformio\packages\framework-espidf\components\esp_hw_support\port\esp32 -IC:\Users\Max\.platformio\packages\framework-espidf\components\esp_hw_support\port\esp32\include -IC:\Users\Max\.platformio\packages\framework-espidf\components\heap\include -IC:\Users\Max\.platformio\packages\framework-espidf\components\log\include -IC:\Users\Max\.platformio\packages\framework-espidf\components\soc\include -IC:\Users\Max\.platformio\packages\framework-espidf\components\soc\esp32 -IC:\Users\Max\.platformio\packages\framework-espidf\components\soc\esp32\include -IC:\Users\Max\.platformio\packages\framework-espidf\components\hal\platform_port\include -IC:\Users\Max\.platformio\packages\framework-espidf\components\hal\esp32\include -IC:\Users\Max\.platformio\packages\framework-espidf\components\hal\include -IC:\Users\Max\.platformio\packages\framework-espidf\components\esp_rom\include -IC:\Users\Max\.platformio\packages\framework-espidf\components\esp_rom\include\esp32 -IC:\Users\Max\.platformio\packages\framework-espidf\components\esp_rom\esp32 -IC:\Users\Max\.platformio\packages\framework-espidf\components\esp_common\include -IC:\Users\Max\.platformio\packages\framework-espidf\components\esp_system\include -IC:\Users\Max\.platformio\packages\framework-espidf\components\esp_system\port\soc -IC:\Users\Max\.platformio\packages\framework-espidf\components\esp_system\port\include\private -IC:\Users\Max\.platformio\packages\framework-espidf\components\xtensa\esp32\include -IC:\Users\Max\.platformio\packages\framework-espidf\components\xtensa\include -IC:\Users\Max\.platformio\packages\framework-espidf\components\xtensa\deprecated_include -IC:\Users\Max\.platformio\packages\framework-espidf\components\lwip\include -IC:\Users\Max\.platformio\packages\framework-espidf\components\lwip\include\apps -IC:\Users\Max\.platformio\packages\framework-espidf\components\lwip\include\apps\sntp -IC:\Users\Max\.platformio\packages\framework-espidf\components\lwip\lwip\src\include -IC:\Users\Max\.platformio\packages\framework-espidf\components\lwip\port\include -IC:\Users\Max\.platformio\packages\framework-espidf\components\lwip\port\freertos\include -IC:\Users\Max\.platformio\packages\framework-espidf\components\lwip\port\esp32xx\include -IC:\Users\Max\.platformio\packages\framework-espidf\components\lwip\port\esp32xx\include\arch -IC:\Users\Max\.platformio\packages\framework-espidf\components\lwip\port\esp32xx\include\sys -IC:\Users\Max\.platformio\packages\framework-espidf\components\spi_flash\include -IC:\Users\Max\.platformio\packages\framework-espidf\components\mbedtls\port\include -IC:\Users\Max\.platformio\packages\framework-espidf\components\mbedtls\mbedtls\include -IC:\Users\Max\.platformio\packages\framework-espidf\components\mbedtls\mbedtls\library -IC:\Users\Max\.platformio\packages\framework-espidf\components\mbedtls\esp_crt_bundle\include -IC:\Users\Max\.platformio\packages\framework-espidf\components\mbedtls\mbedtls\3rdparty\everest\include -IC:\Users\Max\.platformio\packages\framework-espidf\components\mbedtls\mbedtls\3rdparty\p256-m -IC:\Users\Max\.platformio\packages\framework-espidf\components\mbedtls\mbedtls\3rdparty\p256-m\p256-m -IC:\Users\Max\.platformio\packages\framework-espidf\components\efuse\include -IC:\Users\Max\.platformio\packages\framework-espidf\components\efuse\esp32\include -IC:\Users\Max\.platformio\packages\framework-espidf\components\esp_bootloader_format\include -IC:\Users\Max\.platformio\packages\framework-espidf\components\esp_app_format\include C:\Users\Max\.platformio\packages\framework-espidf\components\bootloader_support\src\bootloader_common.c
xtensa-esp32-elf-gcc -o .pio\build\esp32dev\bootloader_support\src\bootloader_common_loader.c.o -c -Wno-pointer-sign -std=gnu17 -mlongcalls -Wno-frame-address -fno-builtin-memcpy -fno-builtin-memset -fno-builtin-bzero -fno-builtin-stpcpy -fno-builtin-strncpy -ffunction-sections -fdata-sections -Wall -Werror=all -Wno-error=unused-function -Wno-error=unused-variable -Wno-error=unused-but-set-variable -Wno-error=deprecated-declarations -Wextra -Wno-unused-parameter -Wno-sign-compare -Wno-enum-conversion -gdwarf-4 -ggdb -Og -fno-shrink-wrap -fmacro-prefix-map=C:/Users/Max/temp/espidf-hello-world=. -fmacro-prefix-map=C:/Users/Max/.platformio/packages/framework-espidf=/IDF -fstrict-volatile-bitfields -fno-jump-tables -fno-tree-switch-conversion -Wno-old-style-declaration -DPLATFORMIO=60115 -DARDUINO_ESP32_DEV -DESP_PLATFORM -DIDF_VER=\"5.3.0\" -DMBEDTLS_CONFIG_FILE=\"mbedtls/esp_config.h\" -DSOC_MMU_PAGE_SIZE=CONFIG_MMU_PAGE_SIZE -DSOC_XTAL_FREQ_MHZ=CONFIG_XTAL_FREQ -D_GLIBCXX_HAVE_POSIX_SEMAPHORE -D_GLIBCXX_USE_POSIX_SEMAPHORE -D_GNU_SOURCE -D_POSIX_READER_WRITER_LOCKS -I.pio\build\esp32dev\config -IC:\Users\Max\.platformio\packages\framework-espidf\components\bootloader_support\include -IC:\Users\Max\.platformio\packages\framework-espidf\components\bootloader_support\bootloader_flash\include -IC:\Users\Max\.platformio\packages\framework-espidf\components\bootloader_support\private_include -IC:\Users\Max\.platformio\packages\framework-espidf\components\newlib\platform_include -IC:\Users\Max\.platformio\packages\framework-espidf\components\freertos\config\include -IC:\Users\Max\.platformio\packages\framework-espidf\components\freertos\config\include\freertos -IC:\Users\Max\.platformio\packages\framework-espidf\components\freertos\config\xtensa\include -IC:\Users\Max\.platformio\packages\framework-espidf\components\freertos\FreeRTOS-Kernel\include -IC:\Users\Max\.platformio\packages\framework-espidf\components\freertos\FreeRTOS-Kernel\portable\xtensa\include -IC:\Users\Max\.platformio\packages\framework-espidf\components\freertos\FreeRTOS-Kernel\portable\xtensa\include\freertos -IC:\Users\Max\.platformio\packages\framework-espidf\components\freertos\esp_additions\include -IC:\Users\Max\.platformio\packages\framework-espidf\components\esp_hw_support\include -IC:\Users\Max\.platformio\packages\framework-espidf\components\esp_hw_support\include\soc -IC:\Users\Max\.platformio\packages\framework-espidf\components\esp_hw_support\include\soc\esp32 -IC:\Users\Max\.platformio\packages\framework-espidf\components\esp_hw_support\dma\include -IC:\Users\Max\.platformio\packages\framework-espidf\components\esp_hw_support\ldo\include -IC:\Users\Max\.platformio\packages\framework-espidf\components\esp_hw_support\port\esp32 -IC:\Users\Max\.platformio\packages\framework-espidf\components\esp_hw_support\port\esp32\include -IC:\Users\Max\.platformio\packages\framework-espidf\components\heap\include -IC:\Users\Max\.platformio\packages\framework-espidf\components\log\include -IC:\Users\Max\.platformio\packages\framework-espidf\components\soc\include -IC:\Users\Max\.platformio\packages\framework-espidf\components\soc\esp32 -IC:\Users\Max\.platformio\packages\framework-espidf\components\soc\esp32\include -IC:\Users\Max\.platformio\packages\framework-espidf\components\hal\platform_port\include -IC:\Users\Max\.platformio\packages\framework-espidf\components\hal\esp32\include -IC:\Users\Max\.platformio\packages\framework-espidf\components\hal\include -IC:\Users\Max\.platformio\packages\framework-espidf\components\esp_rom\include -IC:\Users\Max\.platformio\packages\framework-espidf\components\esp_rom\include\esp32 -IC:\Users\Max\.platformio\packages\framework-espidf\components\esp_rom\esp32 -IC:\Users\Max\.platformio\packages\framework-espidf\components\esp_common\include -IC:\Users\Max\.platformio\packages\framework-espidf\components\esp_system\include -IC:\Users\Max\.platformio\packages\framework-espidf\components\esp_system\port\soc -IC:\Users\Max\.platformio\packages\framework-espidf\components\esp_system\port\include\private -IC:\Users\Max\.platformio\packages\framework-espidf\components\xtensa\esp32\include -IC:\Users\Max\.platformio\packages\framework-espidf\components\xtensa\include -IC:\Users\Max\.platformio\packages\framework-espidf\components\xtensa\deprecated_include -IC:\Users\Max\.platformio\packages\framework-espidf\components\lwip\include -IC:\Users\Max\.platformio\packages\framework-espidf\components\lwip\include\apps -IC:\Users\Max\.platformio\packages\framework-espidf\components\lwip\include\apps\sntp -IC:\Users\Max\.platformio\packages\framework-espidf\components\lwip\lwip\src\include -IC:\Users\Max\.platformio\packages\framework-espidf\components\lwip\port\include -IC:\Users\Max\.platformio\packages\framework-espidf\components\lwip\port\freertos\include -IC:\Users\Max\.platformio\packages\framework-espidf\components\lwip\port\esp32xx\include -IC:\Users\Max\.platformio\packages\framework-espidf\components\lwip\port\esp32xx\include\arch -IC:\Users\Max\.platformio\packages\framework-espidf\components\lwip\port\esp32xx\include\sys -IC:\Users\Max\.platformio\packages\framework-espidf\components\spi_flash\include -IC:\Users\Max\.platformio\packages\framework-espidf\components\mbedtls\port\include -IC:\Users\Max\.platformio\packages\framework-espidf\components\mbedtls\mbedtls\include -IC:\Users\Max\.platformio\packages\framework-espidf\components\mbedtls\mbedtls\library -IC:\Users\Max\.platformio\packages\framework-espidf\components\mbedtls\esp_crt_bundle\include -IC:\Users\Max\.platformio\packages\framework-espidf\components\mbedtls\mbedtls\3rdparty\everest\include -IC:\Users\Max\.platformio\packages\framework-espidf\components\mbedtls\mbedtls\3rdparty\p256-m -IC:\Users\Max\.platformio\packages\framework-espidf\components\mbedtls\mbedtls\3rdparty\p256-m\p256-m -IC:\Users\Max\.platformio\packages\framework-espidf\components\efuse\include -IC:\Users\Max\.platformio\packages\framework-espidf\components\efuse\esp32\include -IC:\Users\Max\.platformio\packages\framework-espidf\components\esp_bootloader_format\include -IC:\Users\Max\.platformio\packages\framework-espidf\components\esp_app_format\include C:\Users\Max\.platformio\packages\framework-espidf\components\bootloader_support\src\bootloader_common_loader.c
xtensa-esp32-elf-gcc -o .pio\build\esp32dev\bootloader_support\src\bootloader_clock_init.c.o -c -Wno-pointer-sign -std=gnu17 -mlongcalls -Wno-frame-address -fno-builtin-memcpy -fno-builtin-memset -fno-builtin-bzero -fno-builtin-stpcpy -fno-builtin-strncpy -ffunction-sections -fdata-sections -Wall -Werror=all -Wno-error=unused-function -Wno-error=unused-variable -Wno-error=unused-but-set-variable -Wno-error=deprecated-declarations -Wextra -Wno-unused-parameter -Wno-sign-compare -Wno-enum-conversion -gdwarf-4 -ggdb -Og -fno-shrink-wrap -fmacro-prefix-map=C:/Users/Max/temp/espidf-hello-world=. -fmacro-prefix-map=C:/Users/Max/.platformio/packages/framework-espidf=/IDF -fstrict-volatile-bitfields -fno-jump-tables -fno-tree-switch-conversion -Wno-old-style-declaration -DPLATFORMIO=60115 -DARDUINO_ESP32_DEV -DESP_PLATFORM -DIDF_VER=\"5.3.0\" -DMBEDTLS_CONFIG_FILE=\"mbedtls/esp_config.h\" -DSOC_MMU_PAGE_SIZE=CONFIG_MMU_PAGE_SIZE -DSOC_XTAL_FREQ_MHZ=CONFIG_XTAL_FREQ -D_GLIBCXX_HAVE_POSIX_SEMAPHORE -D_GLIBCXX_USE_POSIX_SEMAPHORE -D_GNU_SOURCE -D_POSIX_READER_WRITER_LOCKS -I.pio\build\esp32dev\config -IC:\Users\Max\.platformio\packages\framework-espidf\components\bootloader_support\include -IC:\Users\Max\.platformio\packages\framework-espidf\components\bootloader_support\bootloader_flash\include -IC:\Users\Max\.platformio\packages\framework-espidf\components\bootloader_support\private_include -IC:\Users\Max\.platformio\packages\framework-espidf\components\newlib\platform_include -IC:\Users\Max\.platformio\packages\framework-espidf\components\freertos\config\include -IC:\Users\Max\.platformio\packages\framework-espidf\components\freertos\config\include\freertos -IC:\Users\Max\.platformio\packages\framework-espidf\components\freertos\config\xtensa\include -IC:\Users\Max\.platformio\packages\framework-espidf\components\freertos\FreeRTOS-Kernel\include -IC:\Users\Max\.platformio\packages\framework-espidf\components\freertos\FreeRTOS-Kernel\portable\xtensa\include -IC:\Users\Max\.platformio\packages\framework-espidf\components\freertos\FreeRTOS-Kernel\portable\xtensa\include\freertos -IC:\Users\Max\.platformio\packages\framework-espidf\components\freertos\esp_additions\include -IC:\Users\Max\.platformio\packages\framework-espidf\components\esp_hw_support\include -IC:\Users\Max\.platformio\packages\framework-espidf\components\esp_hw_support\include\soc -IC:\Users\Max\.platformio\packages\framework-espidf\components\esp_hw_support\include\soc\esp32 -IC:\Users\Max\.platformio\packages\framework-espidf\components\esp_hw_support\dma\include -IC:\Users\Max\.platformio\packages\framework-espidf\components\esp_hw_support\ldo\include -IC:\Users\Max\.platformio\packages\framework-espidf\components\esp_hw_support\port\esp32 -IC:\Users\Max\.platformio\packages\framework-espidf\components\esp_hw_support\port\esp32\include -IC:\Users\Max\.platformio\packages\framework-espidf\components\heap\include -IC:\Users\Max\.platformio\packages\framework-espidf\components\log\include -IC:\Users\Max\.platformio\packages\framework-espidf\components\soc\include -IC:\Users\Max\.platformio\packages\framework-espidf\components\soc\esp32 -IC:\Users\Max\.platformio\packages\framework-espidf\components\soc\esp32\include -IC:\Users\Max\.platformio\packages\framework-espidf\components\hal\platform_port\include -IC:\Users\Max\.platformio\packages\framework-espidf\components\hal\esp32\include -IC:\Users\Max\.platformio\packages\framework-espidf\components\hal\include -IC:\Users\Max\.platformio\packages\framework-espidf\components\esp_rom\include -IC:\Users\Max\.platformio\packages\framework-espidf\components\esp_rom\include\esp32 -IC:\Users\Max\.platformio\packages\framework-espidf\components\esp_rom\esp32 -IC:\Users\Max\.platformio\packages\framework-espidf\components\esp_common\include -IC:\Users\Max\.platformio\packages\framework-espidf\components\esp_system\include -IC:\Users\Max\.platformio\packages\framework-espidf\components\esp_system\port\soc -IC:\Users\Max\.platformio\packages\framework-espidf\components\esp_system\port\include\private -IC:\Users\Max\.platformio\packages\framework-espidf\components\xtensa\esp32\include -IC:\Users\Max\.platformio\packages\framework-espidf\components\xtensa\include -IC:\Users\Max\.platformio\packages\framework-espidf\components\xtensa\deprecated_include -IC:\Users\Max\.platformio\packages\framework-espidf\components\lwip\include -IC:\Users\Max\.platformio\packages\framework-espidf\components\lwip\include\apps -IC:\Users\Max\.platformio\packages\framework-espidf\components\lwip\include\apps\sntp -IC:\Users\Max\.platformio\packages\framework-espidf\components\lwip\lwip\src\include -IC:\Users\Max\.platformio\packages\framework-espidf\components\lwip\port\include -IC:\Users\Max\.platformio\packages\framework-espidf\components\lwip\port\freertos\include -IC:\Users\Max\.platformio\packages\framework-espidf\components\lwip\port\esp32xx\include -IC:\Users\Max\.platformio\packages\framework-espidf\components\lwip\port\esp32xx\include\arch -IC:\Users\Max\.platformio\packages\framework-espidf\components\lwip\port\esp32xx\include\sys -IC:\Users\Max\.platformio\packages\framework-espidf\components\spi_flash\include -IC:\Users\Max\.platformio\packages\framework-espidf\components\mbedtls\port\include -IC:\Users\Max\.platformio\packages\framework-espidf\components\mbedtls\mbedtls\include -IC:\Users\Max\.platformio\packages\framework-espidf\components\mbedtls\mbedtls\library -IC:\Users\Max\.platformio\packages\framework-espidf\components\mbedtls\esp_crt_bundle\include -IC:\Users\Max\.platformio\packages\framework-espidf\components\mbedtls\mbedtls\3rdparty\everest\include -IC:\Users\Max\.platformio\packages\framework-espidf\components\mbedtls\mbedtls\3rdparty\p256-m -IC:\Users\Max\.platformio\packages\framework-espidf\components\mbedtls\mbedtls\3rdparty\p256-m\p256-m -IC:\Users\Max\.platformio\packages\framework-espidf\components\efuse\include -IC:\Users\Max\.platformio\packages\framework-espidf\components\efuse\esp32\include -IC:\Users\Max\.platformio\packages\framework-espidf\components\esp_bootloader_format\include -IC:\Users\Max\.platformio\packages\framework-espidf\components\esp_app_format\include C:\Users\Max\.platformio\packages\framework-espidf\components\bootloader_support\src\bootloader_clock_init.c
xtensa-esp32-elf-gcc -o .pio\build\esp32dev\bootloader_support\src\bootloader_mem.c.o -c -Wno-pointer-sign -std=gnu17 -mlongcalls -Wno-frame-address -fno-builtin-memcpy -fno-builtin-memset -fno-builtin-bzero -fno-builtin-stpcpy -fno-builtin-strncpy -ffunction-sections -fdata-sections -Wall -Werror=all -Wno-error=unused-function -Wno-error=unused-variable -Wno-error=unused-but-set-variable -Wno-error=deprecated-declarations -Wextra -Wno-unused-parameter -Wno-sign-compare -Wno-enum-conversion -gdwarf-4 -ggdb -Og -fno-shrink-wrap -fmacro-prefix-map=C:/Users/Max/temp/espidf-hello-world=. -fmacro-prefix-map=C:/Users/Max/.platformio/packages/framework-espidf=/IDF -fstrict-volatile-bitfields -fno-jump-tables -fno-tree-switch-conversion -Wno-old-style-declaration -DPLATFORMIO=60115 -DARDUINO_ESP32_DEV -DESP_PLATFORM -DIDF_VER=\"5.3.0\" -DMBEDTLS_CONFIG_FILE=\"mbedtls/esp_config.h\" -DSOC_MMU_PAGE_SIZE=CONFIG_MMU_PAGE_SIZE -DSOC_XTAL_FREQ_MHZ=CONFIG_XTAL_FREQ -D_GLIBCXX_HAVE_POSIX_SEMAPHORE -D_GLIBCXX_USE_POSIX_SEMAPHORE -D_GNU_SOURCE -D_POSIX_READER_WRITER_LOCKS -I.pio\build\esp32dev\config -IC:\Users\Max\.platformio\packages\framework-espidf\components\bootloader_support\include -IC:\Users\Max\.platformio\packages\framework-espidf\components\bootloader_support\bootloader_flash\include -IC:\Users\Max\.platformio\packages\framework-espidf\components\bootloader_support\private_include -IC:\Users\Max\.platformio\packages\framework-espidf\components\newlib\platform_include -IC:\Users\Max\.platformio\packages\framework-espidf\components\freertos\config\include -IC:\Users\Max\.platformio\packages\framework-espidf\components\freertos\config\include\freertos -IC:\Users\Max\.platformio\packages\framework-espidf\components\freertos\config\xtensa\include -IC:\Users\Max\.platformio\packages\framework-espidf\components\freertos\FreeRTOS-Kernel\include -IC:\Users\Max\.platformio\packages\framework-espidf\components\freertos\FreeRTOS-Kernel\portable\xtensa\include -IC:\Users\Max\.platformio\packages\framework-espidf\components\freertos\FreeRTOS-Kernel\portable\xtensa\include\freertos -IC:\Users\Max\.platformio\packages\framework-espidf\components\freertos\esp_additions\include -IC:\Users\Max\.platformio\packages\framework-espidf\components\esp_hw_support\include -IC:\Users\Max\.platformio\packages\framework-espidf\components\esp_hw_support\include\soc -IC:\Users\Max\.platformio\packages\framework-espidf\components\esp_hw_support\include\soc\esp32 -IC:\Users\Max\.platformio\packages\framework-espidf\components\esp_hw_support\dma\include -IC:\Users\Max\.platformio\packages\framework-espidf\components\esp_hw_support\ldo\include -IC:\Users\Max\.platformio\packages\framework-espidf\components\esp_hw_support\port\esp32 -IC:\Users\Max\.platformio\packages\framework-espidf\components\esp_hw_support\port\esp32\include -IC:\Users\Max\.platformio\packages\framework-espidf\components\heap\include -IC:\Users\Max\.platformio\packages\framework-espidf\components\log\include -IC:\Users\Max\.platformio\packages\framework-espidf\components\soc\include -IC:\Users\Max\.platformio\packages\framework-espidf\components\soc\esp32 -IC:\Users\Max\.platformio\packages\framework-espidf\components\soc\esp32\include -IC:\Users\Max\.platformio\packages\framework-espidf\components\hal\platform_port\include -IC:\Users\Max\.platformio\packages\framework-espidf\components\hal\esp32\include -IC:\Users\Max\.platformio\packages\framework-espidf\components\hal\include -IC:\Users\Max\.platformio\packages\framework-espidf\components\esp_rom\include -IC:\Users\Max\.platformio\packages\framework-espidf\components\esp_rom\include\esp32 -IC:\Users\Max\.platformio\packages\framework-espidf\components\esp_rom\esp32 -IC:\Users\Max\.platformio\packages\framework-espidf\components\esp_common\include -IC:\Users\Max\.platformio\packages\framework-espidf\components\esp_system\include -IC:\Users\Max\.platformio\packages\framework-espidf\components\esp_system\port\soc -IC:\Users\Max\.platformio\packages\framework-espidf\components\esp_system\port\include\private -IC:\Users\Max\.platformio\packages\framework-espidf\components\xtensa\esp32\include -IC:\Users\Max\.platformio\packages\framework-espidf\components\xtensa\include -IC:\Users\Max\.platformio\packages\framework-espidf\components\xtensa\deprecated_include -IC:\Users\Max\.platformio\packages\framework-espidf\components\lwip\include -IC:\Users\Max\.platformio\packages\framework-espidf\components\lwip\include\apps -IC:\Users\Max\.platformio\packages\framework-espidf\components\lwip\include\apps\sntp -IC:\Users\Max\.platformio\packages\framework-espidf\components\lwip\lwip\src\include -IC:\Users\Max\.platformio\packages\framework-espidf\components\lwip\port\include -IC:\Users\Max\.platformio\packages\framework-espidf\components\lwip\port\freertos\include -IC:\Users\Max\.platformio\packages\framework-espidf\components\lwip\port\esp32xx\include -IC:\Users\Max\.platformio\packages\framework-espidf\components\lwip\port\esp32xx\include\arch -IC:\Users\Max\.platformio\packages\framework-espidf\components\lwip\port\esp32xx\include\sys -IC:\Users\Max\.platformio\packages\framework-espidf\components\spi_flash\include -IC:\Users\Max\.platformio\packages\framework-espidf\components\mbedtls\port\include -IC:\Users\Max\.platformio\packages\framework-espidf\components\mbedtls\mbedtls\include -IC:\Users\Max\.platformio\packages\framework-espidf\components\mbedtls\mbedtls\library -IC:\Users\Max\.platformio\packages\framework-espidf\components\mbedtls\esp_crt_bundle\include -IC:\Users\Max\.platformio\packages\framework-espidf\components\mbedtls\mbedtls\3rdparty\everest\include -IC:\Users\Max\.platformio\packages\framework-espidf\components\mbedtls\mbedtls\3rdparty\p256-m -IC:\Users\Max\.platformio\packages\framework-espidf\components\mbedtls\mbedtls\3rdparty\p256-m\p256-m -IC:\Users\Max\.platformio\packages\framework-espidf\components\efuse\include -IC:\Users\Max\.platformio\packages\framework-espidf\components\efuse\esp32\include -IC:\Users\Max\.platformio\packages\framework-espidf\components\esp_bootloader_format\include -IC:\Users\Max\.platformio\packages\framework-espidf\components\esp_app_format\include C:\Users\Max\.platformio\packages\framework-espidf\components\bootloader_support\src\bootloader_mem.c
xtensa-esp32-elf-gcc -o .pio\build\esp32dev\bootloader_support\src\bootloader_random.c.o -c -Wno-pointer-sign -std=gnu17 -mlongcalls -Wno-frame-address -fno-builtin-memcpy -fno-builtin-memset -fno-builtin-bzero -fno-builtin-stpcpy -fno-builtin-strncpy -ffunction-sections -fdata-sections -Wall -Werror=all -Wno-error=unused-function -Wno-error=unused-variable -Wno-error=unused-but-set-variable -Wno-error=deprecated-declarations -Wextra -Wno-unused-parameter -Wno-sign-compare -Wno-enum-conversion -gdwarf-4 -ggdb -Og -fno-shrink-wrap -fmacro-prefix-map=C:/Users/Max/temp/espidf-hello-world=. -fmacro-prefix-map=C:/Users/Max/.platformio/packages/framework-espidf=/IDF -fstrict-volatile-bitfields -fno-jump-tables -fno-tree-switch-conversion -Wno-old-style-declaration -DPLATFORMIO=60115 -DARDUINO_ESP32_DEV -DESP_PLATFORM -DIDF_VER=\"5.3.0\" -DMBEDTLS_CONFIG_FILE=\"mbedtls/esp_config.h\" -DSOC_MMU_PAGE_SIZE=CONFIG_MMU_PAGE_SIZE -DSOC_XTAL_FREQ_MHZ=CONFIG_XTAL_FREQ -D_GLIBCXX_HAVE_POSIX_SEMAPHORE -D_GLIBCXX_USE_POSIX_SEMAPHORE -D_GNU_SOURCE -D_POSIX_READER_WRITER_LOCKS -I.pio\build\esp32dev\config -IC:\Users\Max\.platformio\packages\framework-espidf\components\bootloader_support\include -IC:\Users\Max\.platformio\packages\framework-espidf\components\bootloader_support\bootloader_flash\include -IC:\Users\Max\.platformio\packages\framework-espidf\components\bootloader_support\private_include -IC:\Users\Max\.platformio\packages\framework-espidf\components\newlib\platform_include -IC:\Users\Max\.platformio\packages\framework-espidf\components\freertos\config\include -IC:\Users\Max\.platformio\packages\framework-espidf\components\freertos\config\include\freertos -IC:\Users\Max\.platformio\packages\framework-espidf\components\freertos\config\xtensa\include -IC:\Users\Max\.platformio\packages\framework-espidf\components\freertos\FreeRTOS-Kernel\include -IC:\Users\Max\.platformio\packages\framework-espidf\components\freertos\FreeRTOS-Kernel\portable\xtensa\include -IC:\Users\Max\.platformio\packages\framework-espidf\components\freertos\FreeRTOS-Kernel\portable\xtensa\include\freertos -IC:\Users\Max\.platformio\packages\framework-espidf\components\freertos\esp_additions\include -IC:\Users\Max\.platformio\packages\framework-espidf\components\esp_hw_support\include -IC:\Users\Max\.platformio\packages\framework-espidf\components\esp_hw_support\include\soc -IC:\Users\Max\.platformio\packages\framework-espidf\components\esp_hw_support\include\soc\esp32 -IC:\Users\Max\.platformio\packages\framework-espidf\components\esp_hw_support\dma\include -IC:\Users\Max\.platformio\packages\framework-espidf\components\esp_hw_support\ldo\include -IC:\Users\Max\.platformio\packages\framework-espidf\components\esp_hw_support\port\esp32 -IC:\Users\Max\.platformio\packages\framework-espidf\components\esp_hw_support\port\esp32\include -IC:\Users\Max\.platformio\packages\framework-espidf\components\heap\include -IC:\Users\Max\.platformio\packages\framework-espidf\components\log\include -IC:\Users\Max\.platformio\packages\framework-espidf\components\soc\include -IC:\Users\Max\.platformio\packages\framework-espidf\components\soc\esp32 -IC:\Users\Max\.platformio\packages\framework-espidf\components\soc\esp32\include -IC:\Users\Max\.platformio\packages\framework-espidf\components\hal\platform_port\include -IC:\Users\Max\.platformio\packages\framework-espidf\components\hal\esp32\include -IC:\Users\Max\.platformio\packages\framework-espidf\components\hal\include -IC:\Users\Max\.platformio\packages\framework-espidf\components\esp_rom\include -IC:\Users\Max\.platformio\packages\framework-espidf\components\esp_rom\include\esp32 -IC:\Users\Max\.platformio\packages\framework-espidf\components\esp_rom\esp32 -IC:\Users\Max\.platformio\packages\framework-espidf\components\esp_common\include -IC:\Users\Max\.platformio\packages\framework-espidf\components\esp_system\include -IC:\Users\Max\.platformio\packages\framework-espidf\components\esp_system\port\soc -IC:\Users\Max\.platformio\packages\framework-espidf\components\esp_system\port\include\private -IC:\Users\Max\.platformio\packages\framework-espidf\components\xtensa\esp32\include -IC:\Users\Max\.platformio\packages\framework-espidf\components\xtensa\include -IC:\Users\Max\.platformio\packages\framework-espidf\components\xtensa\deprecated_include -IC:\Users\Max\.platformio\packages\framework-espidf\components\lwip\include -IC:\Users\Max\.platformio\packages\framework-espidf\components\lwip\include\apps -IC:\Users\Max\.platformio\packages\framework-espidf\components\lwip\include\apps\sntp -IC:\Users\Max\.platformio\packages\framework-espidf\components\lwip\lwip\src\include -IC:\Users\Max\.platformio\packages\framework-espidf\components\lwip\port\include -IC:\Users\Max\.platformio\packages\framework-espidf\components\lwip\port\freertos\include -IC:\Users\Max\.platformio\packages\framework-espidf\components\lwip\port\esp32xx\include -IC:\Users\Max\.platformio\packages\framework-espidf\components\lwip\port\esp32xx\include\arch -IC:\Users\Max\.platformio\packages\framework-espidf\components\lwip\port\esp32xx\include\sys -IC:\Users\Max\.platformio\packages\framework-espidf\components\spi_flash\include -IC:\Users\Max\.platformio\packages\framework-espidf\components\mbedtls\port\include -IC:\Users\Max\.platformio\packages\framework-espidf\components\mbedtls\mbedtls\include -IC:\Users\Max\.platformio\packages\framework-espidf\components\mbedtls\mbedtls\library -IC:\Users\Max\.platformio\packages\framework-espidf\components\mbedtls\esp_crt_bundle\include -IC:\Users\Max\.platformio\packages\framework-espidf\components\mbedtls\mbedtls\3rdparty\everest\include -IC:\Users\Max\.platformio\packages\framework-espidf\components\mbedtls\mbedtls\3rdparty\p256-m -IC:\Users\Max\.platformio\packages\framework-espidf\components\mbedtls\mbedtls\3rdparty\p256-m\p256-m -IC:\Users\Max\.platformio\packages\framework-espidf\components\efuse\include -IC:\Users\Max\.platformio\packages\framework-espidf\components\efuse\esp32\include -IC:\Users\Max\.platformio\packages\framework-espidf\components\esp_bootloader_format\include -IC:\Users\Max\.platformio\packages\framework-espidf\components\esp_app_format\include C:\Users\Max\.platformio\packages\framework-espidf\components\bootloader_support\src\bootloader_random.c
xtensa-esp32-elf-gcc-ar rc .pio\build\esp32dev\esp-idf\app_trace\libapp_trace.a .pio\build\esp32dev\app_trace\app_trace.c.o .pio\build\esp32dev\app_trace\app_trace_util.c.o .pio\build\esp32dev\app_trace\host_file_io.c.o .pio\build\esp32dev\app_trace\port\port_uart.c.o
xtensa-esp32-elf-gcc -o .pio\build\esp32dev\bootloader_support\src\bootloader_efuse.c.o -c -Wno-pointer-sign -std=gnu17 -mlongcalls -Wno-frame-address -fno-builtin-memcpy -fno-builtin-memset -fno-builtin-bzero -fno-builtin-stpcpy -fno-builtin-strncpy -ffunction-sections -fdata-sections -Wall -Werror=all -Wno-error=unused-function -Wno-error=unused-variable -Wno-error=unused-but-set-variable -Wno-error=deprecated-declarations -Wextra -Wno-unused-parameter -Wno-sign-compare -Wno-enum-conversion -gdwarf-4 -ggdb -Og -fno-shrink-wrap -fmacro-prefix-map=C:/Users/Max/temp/espidf-hello-world=. -fmacro-prefix-map=C:/Users/Max/.platformio/packages/framework-espidf=/IDF -fstrict-volatile-bitfields -fno-jump-tables -fno-tree-switch-conversion -Wno-old-style-declaration -DPLATFORMIO=60115 -DARDUINO_ESP32_DEV -DESP_PLATFORM -DIDF_VER=\"5.3.0\" -DMBEDTLS_CONFIG_FILE=\"mbedtls/esp_config.h\" -DSOC_MMU_PAGE_SIZE=CONFIG_MMU_PAGE_SIZE -DSOC_XTAL_FREQ_MHZ=CONFIG_XTAL_FREQ -D_GLIBCXX_HAVE_POSIX_SEMAPHORE -D_GLIBCXX_USE_POSIX_SEMAPHORE -D_GNU_SOURCE -D_POSIX_READER_WRITER_LOCKS -I.pio\build\esp32dev\config -IC:\Users\Max\.platformio\packages\framework-espidf\components\bootloader_support\include -IC:\Users\Max\.platformio\packages\framework-espidf\components\bootloader_support\bootloader_flash\include -IC:\Users\Max\.platformio\packages\framework-espidf\components\bootloader_support\private_include -IC:\Users\Max\.platformio\packages\framework-espidf\components\newlib\platform_include -IC:\Users\Max\.platformio\packages\framework-espidf\components\freertos\config\include -IC:\Users\Max\.platformio\packages\framework-espidf\components\freertos\config\include\freertos -IC:\Users\Max\.platformio\packages\framework-espidf\components\freertos\config\xtensa\include -IC:\Users\Max\.platformio\packages\framework-espidf\components\freertos\FreeRTOS-Kernel\include -IC:\Users\Max\.platformio\packages\framework-espidf\components\freertos\FreeRTOS-Kernel\portable\xtensa\include -IC:\Users\Max\.platformio\packages\framework-espidf\components\freertos\FreeRTOS-Kernel\portable\xtensa\include\freertos -IC:\Users\Max\.platformio\packages\framework-espidf\components\freertos\esp_additions\include -IC:\Users\Max\.platformio\packages\framework-espidf\components\esp_hw_support\include -IC:\Users\Max\.platformio\packages\framework-espidf\components\esp_hw_support\include\soc -IC:\Users\Max\.platformio\packages\framework-espidf\components\esp_hw_support\include\soc\esp32 -IC:\Users\Max\.platformio\packages\framework-espidf\components\esp_hw_support\dma\include -IC:\Users\Max\.platformio\packages\framework-espidf\components\esp_hw_support\ldo\include -IC:\Users\Max\.platformio\packages\framework-espidf\components\esp_hw_support\port\esp32 -IC:\Users\Max\.platformio\packages\framework-espidf\components\esp_hw_support\port\esp32\include -IC:\Users\Max\.platformio\packages\framework-espidf\components\heap\include -IC:\Users\Max\.platformio\packages\framework-espidf\components\log\include -IC:\Users\Max\.platformio\packages\framework-espidf\components\soc\include -IC:\Users\Max\.platformio\packages\framework-espidf\components\soc\esp32 -IC:\Users\Max\.platformio\packages\framework-espidf\components\soc\esp32\include -IC:\Users\Max\.platformio\packages\framework-espidf\components\hal\platform_port\include -IC:\Users\Max\.platformio\packages\framework-espidf\components\hal\esp32\include -IC:\Users\Max\.platformio\packages\framework-espidf\components\hal\include -IC:\Users\Max\.platformio\packages\framework-espidf\components\esp_rom\include -IC:\Users\Max\.platformio\packages\framework-espidf\components\esp_rom\include\esp32 -IC:\Users\Max\.platformio\packages\framework-espidf\components\esp_rom\esp32 -IC:\Users\Max\.platformio\packages\framework-espidf\components\esp_common\include -IC:\Users\Max\.platformio\packages\framework-espidf\components\esp_system\include -IC:\Users\Max\.platformio\packages\framework-espidf\components\esp_system\port\soc -IC:\Users\Max\.platformio\packages\framework-espidf\components\esp_system\port\include\private -IC:\Users\Max\.platformio\packages\framework-espidf\components\xtensa\esp32\include -IC:\Users\Max\.platformio\packages\framework-espidf\components\xtensa\include -IC:\Users\Max\.platformio\packages\framework-espidf\components\xtensa\deprecated_include -IC:\Users\Max\.platformio\packages\framework-espidf\components\lwip\include -IC:\Users\Max\.platformio\packages\framework-espidf\components\lwip\include\apps -IC:\Users\Max\.platformio\packages\framework-espidf\components\lwip\include\apps\sntp -IC:\Users\Max\.platformio\packages\framework-espidf\components\lwip\lwip\src\include -IC:\Users\Max\.platformio\packages\framework-espidf\components\lwip\port\include -IC:\Users\Max\.platformio\packages\framework-espidf\components\lwip\port\freertos\include -IC:\Users\Max\.platformio\packages\framework-espidf\components\lwip\port\esp32xx\include -IC:\Users\Max\.platformio\packages\framework-espidf\components\lwip\port\esp32xx\include\arch -IC:\Users\Max\.platformio\packages\framework-espidf\components\lwip\port\esp32xx\include\sys -IC:\Users\Max\.platformio\packages\framework-espidf\components\spi_flash\include -IC:\Users\Max\.platformio\packages\framework-espidf\components\mbedtls\port\include -IC:\Users\Max\.platformio\packages\framework-espidf\components\mbedtls\mbedtls\include -IC:\Users\Max\.platformio\packages\framework-espidf\components\mbedtls\mbedtls\library -IC:\Users\Max\.platformio\packages\framework-espidf\components\mbedtls\esp_crt_bundle\include -IC:\Users\Max\.platformio\packages\framework-espidf\components\mbedtls\mbedtls\3rdparty\everest\include -IC:\Users\Max\.platformio\packages\framework-espidf\components\mbedtls\mbedtls\3rdparty\p256-m -IC:\Users\Max\.platformio\packages\framework-espidf\components\mbedtls\mbedtls\3rdparty\p256-m\p256-m -IC:\Users\Max\.platformio\packages\framework-espidf\components\efuse\include -IC:\Users\Max\.platformio\packages\framework-espidf\components\efuse\esp32\include -IC:\Users\Max\.platformio\packages\framework-espidf\components\esp_bootloader_format\include -IC:\Users\Max\.platformio\packages\framework-espidf\components\esp_app_format\include C:\Users\Max\.platformio\packages\framework-espidf\components\bootloader_support\src\bootloader_efuse.c
xtensa-esp32-elf-gcc -o .pio\build\esp32dev\bootloader_support\src\flash_encrypt.c.o -c -Wno-pointer-sign -std=gnu17 -mlongcalls -Wno-frame-address -fno-builtin-memcpy -fno-builtin-memset -fno-builtin-bzero -fno-builtin-stpcpy -fno-builtin-strncpy -ffunction-sections -fdata-sections -Wall -Werror=all -Wno-error=unused-function -Wno-error=unused-variable -Wno-error=unused-but-set-variable -Wno-error=deprecated-declarations -Wextra -Wno-unused-parameter -Wno-sign-compare -Wno-enum-conversion -gdwarf-4 -ggdb -Og -fno-shrink-wrap -fmacro-prefix-map=C:/Users/Max/temp/espidf-hello-world=. -fmacro-prefix-map=C:/Users/Max/.platformio/packages/framework-espidf=/IDF -fstrict-volatile-bitfields -fno-jump-tables -fno-tree-switch-conversion -Wno-old-style-declaration -DPLATFORMIO=60115 -DARDUINO_ESP32_DEV -DESP_PLATFORM -DIDF_VER=\"5.3.0\" -DMBEDTLS_CONFIG_FILE=\"mbedtls/esp_config.h\" -DSOC_MMU_PAGE_SIZE=CONFIG_MMU_PAGE_SIZE -DSOC_XTAL_FREQ_MHZ=CONFIG_XTAL_FREQ -D_GLIBCXX_HAVE_POSIX_SEMAPHORE -D_GLIBCXX_USE_POSIX_SEMAPHORE -D_GNU_SOURCE -D_POSIX_READER_WRITER_LOCKS -I.pio\build\esp32dev\config -IC:\Users\Max\.platformio\packages\framework-espidf\components\bootloader_support\include -IC:\Users\Max\.platformio\packages\framework-espidf\components\bootloader_support\bootloader_flash\include -IC:\Users\Max\.platformio\packages\framework-espidf\components\bootloader_support\private_include -IC:\Users\Max\.platformio\packages\framework-espidf\components\newlib\platform_include -IC:\Users\Max\.platformio\packages\framework-espidf\components\freertos\config\include -IC:\Users\Max\.platformio\packages\framework-espidf\components\freertos\config\include\freertos -IC:\Users\Max\.platformio\packages\framework-espidf\components\freertos\config\xtensa\include -IC:\Users\Max\.platformio\packages\framework-espidf\components\freertos\FreeRTOS-Kernel\include -IC:\Users\Max\.platformio\packages\framework-espidf\components\freertos\FreeRTOS-Kernel\portable\xtensa\include -IC:\Users\Max\.platformio\packages\framework-espidf\components\freertos\FreeRTOS-Kernel\portable\xtensa\include\freertos -IC:\Users\Max\.platformio\packages\framework-espidf\components\freertos\esp_additions\include -IC:\Users\Max\.platformio\packages\framework-espidf\components\esp_hw_support\include -IC:\Users\Max\.platformio\packages\framework-espidf\components\esp_hw_support\include\soc -IC:\Users\Max\.platformio\packages\framework-espidf\components\esp_hw_support\include\soc\esp32 -IC:\Users\Max\.platformio\packages\framework-espidf\components\esp_hw_support\dma\include -IC:\Users\Max\.platformio\packages\framework-espidf\components\esp_hw_support\ldo\include -IC:\Users\Max\.platformio\packages\framework-espidf\components\esp_hw_support\port\esp32 -IC:\Users\Max\.platformio\packages\framework-espidf\components\esp_hw_support\port\esp32\include -IC:\Users\Max\.platformio\packages\framework-espidf\components\heap\include -IC:\Users\Max\.platformio\packages\framework-espidf\components\log\include -IC:\Users\Max\.platformio\packages\framework-espidf\components\soc\include -IC:\Users\Max\.platformio\packages\framework-espidf\components\soc\esp32 -IC:\Users\Max\.platformio\packages\framework-espidf\components\soc\esp32\include -IC:\Users\Max\.platformio\packages\framework-espidf\components\hal\platform_port\include -IC:\Users\Max\.platformio\packages\framework-espidf\components\hal\esp32\include -IC:\Users\Max\.platformio\packages\framework-espidf\components\hal\include -IC:\Users\Max\.platformio\packages\framework-espidf\components\esp_rom\include -IC:\Users\Max\.platformio\packages\framework-espidf\components\esp_rom\include\esp32 -IC:\Users\Max\.platformio\packages\framework-espidf\components\esp_rom\esp32 -IC:\Users\Max\.platformio\packages\framework-espidf\components\esp_common\include -IC:\Users\Max\.platformio\packages\framework-espidf\components\esp_system\include -IC:\Users\Max\.platformio\packages\framework-espidf\components\esp_system\port\soc -IC:\Users\Max\.platformio\packages\framework-espidf\components\esp_system\port\include\private -IC:\Users\Max\.platformio\packages\framework-espidf\components\xtensa\esp32\include -IC:\Users\Max\.platformio\packages\framework-espidf\components\xtensa\include -IC:\Users\Max\.platformio\packages\framework-espidf\components\xtensa\deprecated_include -IC:\Users\Max\.platformio\packages\framework-espidf\components\lwip\include -IC:\Users\Max\.platformio\packages\framework-espidf\components\lwip\include\apps -IC:\Users\Max\.platformio\packages\framework-espidf\components\lwip\include\apps\sntp -IC:\Users\Max\.platformio\packages\framework-espidf\components\lwip\lwip\src\include -IC:\Users\Max\.platformio\packages\framework-espidf\components\lwip\port\include -IC:\Users\Max\.platformio\packages\framework-espidf\components\lwip\port\freertos\include -IC:\Users\Max\.platformio\packages\framework-espidf\components\lwip\port\esp32xx\include -IC:\Users\Max\.platformio\packages\framework-espidf\components\lwip\port\esp32xx\include\arch -IC:\Users\Max\.platformio\packages\framework-espidf\components\lwip\port\esp32xx\include\sys -IC:\Users\Max\.platformio\packages\framework-espidf\components\spi_flash\include -IC:\Users\Max\.platformio\packages\framework-espidf\components\mbedtls\port\include -IC:\Users\Max\.platformio\packages\framework-espidf\components\mbedtls\mbedtls\include -IC:\Users\Max\.platformio\packages\framework-espidf\components\mbedtls\mbedtls\library -IC:\Users\Max\.platformio\packages\framework-espidf\components\mbedtls\esp_crt_bundle\include -IC:\Users\Max\.platformio\packages\framework-espidf\components\mbedtls\mbedtls\3rdparty\everest\include -IC:\Users\Max\.platformio\packages\framework-espidf\components\mbedtls\mbedtls\3rdparty\p256-m -IC:\Users\Max\.platformio\packages\framework-espidf\components\mbedtls\mbedtls\3rdparty\p256-m\p256-m -IC:\Users\Max\.platformio\packages\framework-espidf\components\efuse\include -IC:\Users\Max\.platformio\packages\framework-espidf\components\efuse\esp32\include -IC:\Users\Max\.platformio\packages\framework-espidf\components\esp_bootloader_format\include -IC:\Users\Max\.platformio\packages\framework-espidf\components\esp_app_format\include C:\Users\Max\.platformio\packages\framework-espidf\components\bootloader_support\src\flash_encrypt.c
xtensa-esp32-elf-gcc -o .pio\build\esp32dev\bootloader_support\src\secure_boot.c.o -c -Wno-pointer-sign -std=gnu17 -mlongcalls -Wno-frame-address -fno-builtin-memcpy -fno-builtin-memset -fno-builtin-bzero -fno-builtin-stpcpy -fno-builtin-strncpy -ffunction-sections -fdata-sections -Wall -Werror=all -Wno-error=unused-function -Wno-error=unused-variable -Wno-error=unused-but-set-variable -Wno-error=deprecated-declarations -Wextra -Wno-unused-parameter -Wno-sign-compare -Wno-enum-conversion -gdwarf-4 -ggdb -Og -fno-shrink-wrap -fmacro-prefix-map=C:/Users/Max/temp/espidf-hello-world=. -fmacro-prefix-map=C:/Users/Max/.platformio/packages/framework-espidf=/IDF -fstrict-volatile-bitfields -fno-jump-tables -fno-tree-switch-conversion -Wno-old-style-declaration -DPLATFORMIO=60115 -DARDUINO_ESP32_DEV -DESP_PLATFORM -DIDF_VER=\"5.3.0\" -DMBEDTLS_CONFIG_FILE=\"mbedtls/esp_config.h\" -DSOC_MMU_PAGE_SIZE=CONFIG_MMU_PAGE_SIZE -DSOC_XTAL_FREQ_MHZ=CONFIG_XTAL_FREQ -D_GLIBCXX_HAVE_POSIX_SEMAPHORE -D_GLIBCXX_USE_POSIX_SEMAPHORE -D_GNU_SOURCE -D_POSIX_READER_WRITER_LOCKS -I.pio\build\esp32dev\config -IC:\Users\Max\.platformio\packages\framework-espidf\components\bootloader_support\include -IC:\Users\Max\.platformio\packages\framework-espidf\components\bootloader_support\bootloader_flash\include -IC:\Users\Max\.platformio\packages\framework-espidf\components\bootloader_support\private_include -IC:\Users\Max\.platformio\packages\framework-espidf\components\newlib\platform_include -IC:\Users\Max\.platformio\packages\framework-espidf\components\freertos\config\include -IC:\Users\Max\.platformio\packages\framework-espidf\components\freertos\config\include\freertos -IC:\Users\Max\.platformio\packages\framework-espidf\components\freertos\config\xtensa\include -IC:\Users\Max\.platformio\packages\framework-espidf\components\freertos\FreeRTOS-Kernel\include -IC:\Users\Max\.platformio\packages\framework-espidf\components\freertos\FreeRTOS-Kernel\portable\xtensa\include -IC:\Users\Max\.platformio\packages\framework-espidf\components\freertos\FreeRTOS-Kernel\portable\xtensa\include\freertos -IC:\Users\Max\.platformio\packages\framework-espidf\components\freertos\esp_additions\include -IC:\Users\Max\.platformio\packages\framework-espidf\components\esp_hw_support\include -IC:\Users\Max\.platformio\packages\framework-espidf\components\esp_hw_support\include\soc -IC:\Users\Max\.platformio\packages\framework-espidf\components\esp_hw_support\include\soc\esp32 -IC:\Users\Max\.platformio\packages\framework-espidf\components\esp_hw_support\dma\include -IC:\Users\Max\.platformio\packages\framework-espidf\components\esp_hw_support\ldo\include -IC:\Users\Max\.platformio\packages\framework-espidf\components\esp_hw_support\port\esp32 -IC:\Users\Max\.platformio\packages\framework-espidf\components\esp_hw_support\port\esp32\include -IC:\Users\Max\.platformio\packages\framework-espidf\components\heap\include -IC:\Users\Max\.platformio\packages\framework-espidf\components\log\include -IC:\Users\Max\.platformio\packages\framework-espidf\components\soc\include -IC:\Users\Max\.platformio\packages\framework-espidf\components\soc\esp32 -IC:\Users\Max\.platformio\packages\framework-espidf\components\soc\esp32\include -IC:\Users\Max\.platformio\packages\framework-espidf\components\hal\platform_port\include -IC:\Users\Max\.platformio\packages\framework-espidf\components\hal\esp32\include -IC:\Users\Max\.platformio\packages\framework-espidf\components\hal\include -IC:\Users\Max\.platformio\packages\framework-espidf\components\esp_rom\include -IC:\Users\Max\.platformio\packages\framework-espidf\components\esp_rom\include\esp32 -IC:\Users\Max\.platformio\packages\framework-espidf\components\esp_rom\esp32 -IC:\Users\Max\.platformio\packages\framework-espidf\components\esp_common\include -IC:\Users\Max\.platformio\packages\framework-espidf\components\esp_system\include -IC:\Users\Max\.platformio\packages\framework-espidf\components\esp_system\port\soc -IC:\Users\Max\.platformio\packages\framework-espidf\components\esp_system\port\include\private -IC:\Users\Max\.platformio\packages\framework-espidf\components\xtensa\esp32\include -IC:\Users\Max\.platformio\packages\framework-espidf\components\xtensa\include -IC:\Users\Max\.platformio\packages\framework-espidf\components\xtensa\deprecated_include -IC:\Users\Max\.platformio\packages\framework-espidf\components\lwip\include -IC:\Users\Max\.platformio\packages\framework-espidf\components\lwip\include\apps -IC:\Users\Max\.platformio\packages\framework-espidf\components\lwip\include\apps\sntp -IC:\Users\Max\.platformio\packages\framework-espidf\components\lwip\lwip\src\include -IC:\Users\Max\.platformio\packages\framework-espidf\components\lwip\port\include -IC:\Users\Max\.platformio\packages\framework-espidf\components\lwip\port\freertos\include -IC:\Users\Max\.platformio\packages\framework-espidf\components\lwip\port\esp32xx\include -IC:\Users\Max\.platformio\packages\framework-espidf\components\lwip\port\esp32xx\include\arch -IC:\Users\Max\.platformio\packages\framework-espidf\components\lwip\port\esp32xx\include\sys -IC:\Users\Max\.platformio\packages\framework-espidf\components\spi_flash\include -IC:\Users\Max\.platformio\packages\framework-espidf\components\mbedtls\port\include -IC:\Users\Max\.platformio\packages\framework-espidf\components\mbedtls\mbedtls\include -IC:\Users\Max\.platformio\packages\framework-espidf\components\mbedtls\mbedtls\library -IC:\Users\Max\.platformio\packages\framework-espidf\components\mbedtls\esp_crt_bundle\include -IC:\Users\Max\.platformio\packages\framework-espidf\components\mbedtls\mbedtls\3rdparty\everest\include -IC:\Users\Max\.platformio\packages\framework-espidf\components\mbedtls\mbedtls\3rdparty\p256-m -IC:\Users\Max\.platformio\packages\framework-espidf\components\mbedtls\mbedtls\3rdparty\p256-m\p256-m -IC:\Users\Max\.platformio\packages\framework-espidf\components\efuse\include -IC:\Users\Max\.platformio\packages\framework-espidf\components\efuse\esp32\include -IC:\Users\Max\.platformio\packages\framework-espidf\components\esp_bootloader_format\include -IC:\Users\Max\.platformio\packages\framework-espidf\components\esp_app_format\include C:\Users\Max\.platformio\packages\framework-espidf\components\bootloader_support\src\secure_boot.c
xtensa-esp32-elf-gcc -o .pio\build\esp32dev\bootloader_support\src\bootloader_random_esp32.c.o -c -Wno-pointer-sign -std=gnu17 -mlongcalls -Wno-frame-address -fno-builtin-memcpy -fno-builtin-memset -fno-builtin-bzero -fno-builtin-stpcpy -fno-builtin-strncpy -ffunction-sections -fdata-sections -Wall -Werror=all -Wno-error=unused-function -Wno-error=unused-variable -Wno-error=unused-but-set-variable -Wno-error=deprecated-declarations -Wextra -Wno-unused-parameter -Wno-sign-compare -Wno-enum-conversion -gdwarf-4 -ggdb -Og -fno-shrink-wrap -fmacro-prefix-map=C:/Users/Max/temp/espidf-hello-world=. -fmacro-prefix-map=C:/Users/Max/.platformio/packages/framework-espidf=/IDF -fstrict-volatile-bitfields -fno-jump-tables -fno-tree-switch-conversion -Wno-old-style-declaration -DPLATFORMIO=60115 -DARDUINO_ESP32_DEV -DESP_PLATFORM -DIDF_VER=\"5.3.0\" -DMBEDTLS_CONFIG_FILE=\"mbedtls/esp_config.h\" -DSOC_MMU_PAGE_SIZE=CONFIG_MMU_PAGE_SIZE -DSOC_XTAL_FREQ_MHZ=CONFIG_XTAL_FREQ -D_GLIBCXX_HAVE_POSIX_SEMAPHORE -D_GLIBCXX_USE_POSIX_SEMAPHORE -D_GNU_SOURCE -D_POSIX_READER_WRITER_LOCKS -I.pio\build\esp32dev\config -IC:\Users\Max\.platformio\packages\framework-espidf\components\bootloader_support\include -IC:\Users\Max\.platformio\packages\framework-espidf\components\bootloader_support\bootloader_flash\include -IC:\Users\Max\.platformio\packages\framework-espidf\components\bootloader_support\private_include -IC:\Users\Max\.platformio\packages\framework-espidf\components\newlib\platform_include -IC:\Users\Max\.platformio\packages\framework-espidf\components\freertos\config\include -IC:\Users\Max\.platformio\packages\framework-espidf\components\freertos\config\include\freertos -IC:\Users\Max\.platformio\packages\framework-espidf\components\freertos\config\xtensa\include -IC:\Users\Max\.platformio\packages\framework-espidf\components\freertos\FreeRTOS-Kernel\include -IC:\Users\Max\.platformio\packages\framework-espidf\components\freertos\FreeRTOS-Kernel\portable\xtensa\include -IC:\Users\Max\.platformio\packages\framework-espidf\components\freertos\FreeRTOS-Kernel\portable\xtensa\include\freertos -IC:\Users\Max\.platformio\packages\framework-espidf\components\freertos\esp_additions\include -IC:\Users\Max\.platformio\packages\framework-espidf\components\esp_hw_support\include -IC:\Users\Max\.platformio\packages\framework-espidf\components\esp_hw_support\include\soc -IC:\Users\Max\.platformio\packages\framework-espidf\components\esp_hw_support\include\soc\esp32 -IC:\Users\Max\.platformio\packages\framework-espidf\components\esp_hw_support\dma\include -IC:\Users\Max\.platformio\packages\framework-espidf\components\esp_hw_support\ldo\include -IC:\Users\Max\.platformio\packages\framework-espidf\components\esp_hw_support\port\esp32 -IC:\Users\Max\.platformio\packages\framework-espidf\components\esp_hw_support\port\esp32\include -IC:\Users\Max\.platformio\packages\framework-espidf\components\heap\include -IC:\Users\Max\.platformio\packages\framework-espidf\components\log\include -IC:\Users\Max\.platformio\packages\framework-espidf\components\soc\include -IC:\Users\Max\.platformio\packages\framework-espidf\components\soc\esp32 -IC:\Users\Max\.platformio\packages\framework-espidf\components\soc\esp32\include -IC:\Users\Max\.platformio\packages\framework-espidf\components\hal\platform_port\include -IC:\Users\Max\.platformio\packages\framework-espidf\components\hal\esp32\include -IC:\Users\Max\.platformio\packages\framework-espidf\components\hal\include -IC:\Users\Max\.platformio\packages\framework-espidf\components\esp_rom\include -IC:\Users\Max\.platformio\packages\framework-espidf\components\esp_rom\include\esp32 -IC:\Users\Max\.platformio\packages\framework-espidf\components\esp_rom\esp32 -IC:\Users\Max\.platformio\packages\framework-espidf\components\esp_common\include -IC:\Users\Max\.platformio\packages\framework-espidf\components\esp_system\include -IC:\Users\Max\.platformio\packages\framework-espidf\components\esp_system\port\soc -IC:\Users\Max\.platformio\packages\framework-espidf\components\esp_system\port\include\private -IC:\Users\Max\.platformio\packages\framework-espidf\components\xtensa\esp32\include -IC:\Users\Max\.platformio\packages\framework-espidf\components\xtensa\include -IC:\Users\Max\.platformio\packages\framework-espidf\components\xtensa\deprecated_include -IC:\Users\Max\.platformio\packages\framework-espidf\components\lwip\include -IC:\Users\Max\.platformio\packages\framework-espidf\components\lwip\include\apps -IC:\Users\Max\.platformio\packages\framework-espidf\components\lwip\include\apps\sntp -IC:\Users\Max\.platformio\packages\framework-espidf\components\lwip\lwip\src\include -IC:\Users\Max\.platformio\packages\framework-espidf\components\lwip\port\include -IC:\Users\Max\.platformio\packages\framework-espidf\components\lwip\port\freertos\include -IC:\Users\Max\.platformio\packages\framework-espidf\components\lwip\port\esp32xx\include -IC:\Users\Max\.platformio\packages\framework-espidf\components\lwip\port\esp32xx\include\arch -IC:\Users\Max\.platformio\packages\framework-espidf\components\lwip\port\esp32xx\include\sys -IC:\Users\Max\.platformio\packages\framework-espidf\components\spi_flash\include -IC:\Users\Max\.platformio\packages\framework-espidf\components\mbedtls\port\include -IC:\Users\Max\.platformio\packages\framework-espidf\components\mbedtls\mbedtls\include -IC:\Users\Max\.platformio\packages\framework-espidf\components\mbedtls\mbedtls\library -IC:\Users\Max\.platformio\packages\framework-espidf\components\mbedtls\esp_crt_bundle\include -IC:\Users\Max\.platformio\packages\framework-espidf\components\mbedtls\mbedtls\3rdparty\everest\include -IC:\Users\Max\.platformio\packages\framework-espidf\components\mbedtls\mbedtls\3rdparty\p256-m -IC:\Users\Max\.platformio\packages\framework-espidf\components\mbedtls\mbedtls\3rdparty\p256-m\p256-m -IC:\Users\Max\.platformio\packages\framework-espidf\components\efuse\include -IC:\Users\Max\.platformio\packages\framework-espidf\components\efuse\esp32\include -IC:\Users\Max\.platformio\packages\framework-espidf\components\esp_bootloader_format\include -IC:\Users\Max\.platformio\packages\framework-espidf\components\esp_app_format\include C:\Users\Max\.platformio\packages\framework-espidf\components\bootloader_support\src\bootloader_random_esp32.c
xtensa-esp32-elf-gcc-ranlib .pio\build\esp32dev\esp-idf\app_trace\libapp_trace.a
xtensa-esp32-elf-gcc -o .pio\build\esp32dev\bootloader_support\bootloader_flash\src\bootloader_flash.c.o -c -Wno-pointer-sign -std=gnu17 -mlongcalls -Wno-frame-address -fno-builtin-memcpy -fno-builtin-memset -fno-builtin-bzero -fno-builtin-stpcpy -fno-builtin-strncpy -ffunction-sections -fdata-sections -Wall -Werror=all -Wno-error=unused-function -Wno-error=unused-variable -Wno-error=unused-but-set-variable -Wno-error=deprecated-declarations -Wextra -Wno-unused-parameter -Wno-sign-compare -Wno-enum-conversion -gdwarf-4 -ggdb -Og -fno-shrink-wrap -fmacro-prefix-map=C:/Users/Max/temp/espidf-hello-world=. -fmacro-prefix-map=C:/Users/Max/.platformio/packages/framework-espidf=/IDF -fstrict-volatile-bitfields -fno-jump-tables -fno-tree-switch-conversion -Wno-old-style-declaration -DPLATFORMIO=60115 -DARDUINO_ESP32_DEV -DESP_PLATFORM -DIDF_VER=\"5.3.0\" -DMBEDTLS_CONFIG_FILE=\"mbedtls/esp_config.h\" -DSOC_MMU_PAGE_SIZE=CONFIG_MMU_PAGE_SIZE -DSOC_XTAL_FREQ_MHZ=CONFIG_XTAL_FREQ -D_GLIBCXX_HAVE_POSIX_SEMAPHORE -D_GLIBCXX_USE_POSIX_SEMAPHORE -D_GNU_SOURCE -D_POSIX_READER_WRITER_LOCKS -I.pio\build\esp32dev\config -IC:\Users\Max\.platformio\packages\framework-espidf\components\bootloader_support\include -IC:\Users\Max\.platformio\packages\framework-espidf\components\bootloader_support\bootloader_flash\include -IC:\Users\Max\.platformio\packages\framework-espidf\components\bootloader_support\private_include -IC:\Users\Max\.platformio\packages\framework-espidf\components\newlib\platform_include -IC:\Users\Max\.platformio\packages\framework-espidf\components\freertos\config\include -IC:\Users\Max\.platformio\packages\framework-espidf\components\freertos\config\include\freertos -IC:\Users\Max\.platformio\packages\framework-espidf\components\freertos\config\xtensa\include -IC:\Users\Max\.platformio\packages\framework-espidf\components\freertos\FreeRTOS-Kernel\include -IC:\Users\Max\.platformio\packages\framework-espidf\components\freertos\FreeRTOS-Kernel\portable\xtensa\include -IC:\Users\Max\.platformio\packages\framework-espidf\components\freertos\FreeRTOS-Kernel\portable\xtensa\include\freertos -IC:\Users\Max\.platformio\packages\framework-espidf\components\freertos\esp_additions\include -IC:\Users\Max\.platformio\packages\framework-espidf\components\esp_hw_support\include -IC:\Users\Max\.platformio\packages\framework-espidf\components\esp_hw_support\include\soc -IC:\Users\Max\.platformio\packages\framework-espidf\components\esp_hw_support\include\soc\esp32 -IC:\Users\Max\.platformio\packages\framework-espidf\components\esp_hw_support\dma\include -IC:\Users\Max\.platformio\packages\framework-espidf\components\esp_hw_support\ldo\include -IC:\Users\Max\.platformio\packages\framework-espidf\components\esp_hw_support\port\esp32 -IC:\Users\Max\.platformio\packages\framework-espidf\components\esp_hw_support\port\esp32\include -IC:\Users\Max\.platformio\packages\framework-espidf\components\heap\include -IC:\Users\Max\.platformio\packages\framework-espidf\components\log\include -IC:\Users\Max\.platformio\packages\framework-espidf\components\soc\include -IC:\Users\Max\.platformio\packages\framework-espidf\components\soc\esp32 -IC:\Users\Max\.platformio\packages\framework-espidf\components\soc\esp32\include -IC:\Users\Max\.platformio\packages\framework-espidf\components\hal\platform_port\include -IC:\Users\Max\.platformio\packages\framework-espidf\components\hal\esp32\include -IC:\Users\Max\.platformio\packages\framework-espidf\components\hal\include -IC:\Users\Max\.platformio\packages\framework-espidf\components\esp_rom\include -IC:\Users\Max\.platformio\packages\framework-espidf\components\esp_rom\include\esp32 -IC:\Users\Max\.platformio\packages\framework-espidf\components\esp_rom\esp32 -IC:\Users\Max\.platformio\packages\framework-espidf\components\esp_common\include -IC:\Users\Max\.platformio\packages\framework-espidf\components\esp_system\include -IC:\Users\Max\.platformio\packages\framework-espidf\components\esp_system\port\soc -IC:\Users\Max\.platformio\packages\framework-espidf\components\esp_system\port\include\private -IC:\Users\Max\.platformio\packages\framework-espidf\components\xtensa\esp32\include -IC:\Users\Max\.platformio\packages\framework-espidf\components\xtensa\include -IC:\Users\Max\.platformio\packages\framework-espidf\components\xtensa\deprecated_include -IC:\Users\Max\.platformio\packages\framework-espidf\components\lwip\include -IC:\Users\Max\.platformio\packages\framework-espidf\components\lwip\include\apps -IC:\Users\Max\.platformio\packages\framework-espidf\components\lwip\include\apps\sntp -IC:\Users\Max\.platformio\packages\framework-espidf\components\lwip\lwip\src\include -IC:\Users\Max\.platformio\packages\framework-espidf\components\lwip\port\include -IC:\Users\Max\.platformio\packages\framework-espidf\components\lwip\port\freertos\include -IC:\Users\Max\.platformio\packages\framework-espidf\components\lwip\port\esp32xx\include -IC:\Users\Max\.platformio\packages\framework-espidf\components\lwip\port\esp32xx\include\arch -IC:\Users\Max\.platformio\packages\framework-espidf\components\lwip\port\esp32xx\include\sys -IC:\Users\Max\.platformio\packages\framework-espidf\components\spi_flash\include -IC:\Users\Max\.platformio\packages\framework-espidf\components\mbedtls\port\include -IC:\Users\Max\.platformio\packages\framework-espidf\components\mbedtls\mbedtls\include -IC:\Users\Max\.platformio\packages\framework-espidf\components\mbedtls\mbedtls\library -IC:\Users\Max\.platformio\packages\framework-espidf\components\mbedtls\esp_crt_bundle\include -IC:\Users\Max\.platformio\packages\framework-espidf\components\mbedtls\mbedtls\3rdparty\everest\include -IC:\Users\Max\.platformio\packages\framework-espidf\components\mbedtls\mbedtls\3rdparty\p256-m -IC:\Users\Max\.platformio\packages\framework-espidf\components\mbedtls\mbedtls\3rdparty\p256-m\p256-m -IC:\Users\Max\.platformio\packages\framework-espidf\components\efuse\include -IC:\Users\Max\.platformio\packages\framework-espidf\components\efuse\esp32\include -IC:\Users\Max\.platformio\packages\framework-espidf\components\esp_bootloader_format\include -IC:\Users\Max\.platformio\packages\framework-espidf\components\esp_app_format\include C:\Users\Max\.platformio\packages\framework-espidf\components\bootloader_support\bootloader_flash\src\bootloader_flash.c
xtensa-esp32-elf-gcc -o .pio\build\esp32dev\bootloader_support\bootloader_flash\src\flash_qio_mode.c.o -c -Wno-pointer-sign -std=gnu17 -mlongcalls -Wno-frame-address -fno-builtin-memcpy -fno-builtin-memset -fno-builtin-bzero -fno-builtin-stpcpy -fno-builtin-strncpy -ffunction-sections -fdata-sections -Wall -Werror=all -Wno-error=unused-function -Wno-error=unused-variable -Wno-error=unused-but-set-variable -Wno-error=deprecated-declarations -Wextra -Wno-unused-parameter -Wno-sign-compare -Wno-enum-conversion -gdwarf-4 -ggdb -Og -fno-shrink-wrap -fmacro-prefix-map=C:/Users/Max/temp/espidf-hello-world=. -fmacro-prefix-map=C:/Users/Max/.platformio/packages/framework-espidf=/IDF -fstrict-volatile-bitfields -fno-jump-tables -fno-tree-switch-conversion -Wno-old-style-declaration -DPLATFORMIO=60115 -DARDUINO_ESP32_DEV -DESP_PLATFORM -DIDF_VER=\"5.3.0\" -DMBEDTLS_CONFIG_FILE=\"mbedtls/esp_config.h\" -DSOC_MMU_PAGE_SIZE=CONFIG_MMU_PAGE_SIZE -DSOC_XTAL_FREQ_MHZ=CONFIG_XTAL_FREQ -D_GLIBCXX_HAVE_POSIX_SEMAPHORE -D_GLIBCXX_USE_POSIX_SEMAPHORE -D_GNU_SOURCE -D_POSIX_READER_WRITER_LOCKS -I.pio\build\esp32dev\config -IC:\Users\Max\.platformio\packages\framework-espidf\components\bootloader_support\include -IC:\Users\Max\.platformio\packages\framework-espidf\components\bootloader_support\bootloader_flash\include -IC:\Users\Max\.platformio\packages\framework-espidf\components\bootloader_support\private_include -IC:\Users\Max\.platformio\packages\framework-espidf\components\newlib\platform_include -IC:\Users\Max\.platformio\packages\framework-espidf\components\freertos\config\include -IC:\Users\Max\.platformio\packages\framework-espidf\components\freertos\config\include\freertos -IC:\Users\Max\.platformio\packages\framework-espidf\components\freertos\config\xtensa\include -IC:\Users\Max\.platformio\packages\framework-espidf\components\freertos\FreeRTOS-Kernel\include -IC:\Users\Max\.platformio\packages\framework-espidf\components\freertos\FreeRTOS-Kernel\portable\xtensa\include -IC:\Users\Max\.platformio\packages\framework-espidf\components\freertos\FreeRTOS-Kernel\portable\xtensa\include\freertos -IC:\Users\Max\.platformio\packages\framework-espidf\components\freertos\esp_additions\include -IC:\Users\Max\.platformio\packages\framework-espidf\components\esp_hw_support\include -IC:\Users\Max\.platformio\packages\framework-espidf\components\esp_hw_support\include\soc -IC:\Users\Max\.platformio\packages\framework-espidf\components\esp_hw_support\include\soc\esp32 -IC:\Users\Max\.platformio\packages\framework-espidf\components\esp_hw_support\dma\include -IC:\Users\Max\.platformio\packages\framework-espidf\components\esp_hw_support\ldo\include -IC:\Users\Max\.platformio\packages\framework-espidf\components\esp_hw_support\port\esp32 -IC:\Users\Max\.platformio\packages\framework-espidf\components\esp_hw_support\port\esp32\include -IC:\Users\Max\.platformio\packages\framework-espidf\components\heap\include -IC:\Users\Max\.platformio\packages\framework-espidf\components\log\include -IC:\Users\Max\.platformio\packages\framework-espidf\components\soc\include -IC:\Users\Max\.platformio\packages\framework-espidf\components\soc\esp32 -IC:\Users\Max\.platformio\packages\framework-espidf\components\soc\esp32\include -IC:\Users\Max\.platformio\packages\framework-espidf\components\hal\platform_port\include -IC:\Users\Max\.platformio\packages\framework-espidf\components\hal\esp32\include -IC:\Users\Max\.platformio\packages\framework-espidf\components\hal\include -IC:\Users\Max\.platformio\packages\framework-espidf\components\esp_rom\include -IC:\Users\Max\.platformio\packages\framework-espidf\components\esp_rom\include\esp32 -IC:\Users\Max\.platformio\packages\framework-espidf\components\esp_rom\esp32 -IC:\Users\Max\.platformio\packages\framework-espidf\components\esp_common\include -IC:\Users\Max\.platformio\packages\framework-espidf\components\esp_system\include -IC:\Users\Max\.platformio\packages\framework-espidf\components\esp_system\port\soc -IC:\Users\Max\.platformio\packages\framework-espidf\components\esp_system\port\include\private -IC:\Users\Max\.platformio\packages\framework-espidf\components\xtensa\esp32\include -IC:\Users\Max\.platformio\packages\framework-espidf\components\xtensa\include -IC:\Users\Max\.platformio\packages\framework-espidf\components\xtensa\deprecated_include -IC:\Users\Max\.platformio\packages\framework-espidf\components\lwip\include -IC:\Users\Max\.platformio\packages\framework-espidf\components\lwip\include\apps -IC:\Users\Max\.platformio\packages\framework-espidf\components\lwip\include\apps\sntp -IC:\Users\Max\.platformio\packages\framework-espidf\components\lwip\lwip\src\include -IC:\Users\Max\.platformio\packages\framework-espidf\components\lwip\port\include -IC:\Users\Max\.platformio\packages\framework-espidf\components\lwip\port\freertos\include -IC:\Users\Max\.platformio\packages\framework-espidf\components\lwip\port\esp32xx\include -IC:\Users\Max\.platformio\packages\framework-espidf\components\lwip\port\esp32xx\include\arch -IC:\Users\Max\.platformio\packages\framework-espidf\components\lwip\port\esp32xx\include\sys -IC:\Users\Max\.platformio\packages\framework-espidf\components\spi_flash\include -IC:\Users\Max\.platformio\packages\framework-espidf\components\mbedtls\port\include -IC:\Users\Max\.platformio\packages\framework-espidf\components\mbedtls\mbedtls\include -IC:\Users\Max\.platformio\packages\framework-espidf\components\mbedtls\mbedtls\library -IC:\Users\Max\.platformio\packages\framework-espidf\components\mbedtls\esp_crt_bundle\include -IC:\Users\Max\.platformio\packages\framework-espidf\components\mbedtls\mbedtls\3rdparty\everest\include -IC:\Users\Max\.platformio\packages\framework-espidf\components\mbedtls\mbedtls\3rdparty\p256-m -IC:\Users\Max\.platformio\packages\framework-espidf\components\mbedtls\mbedtls\3rdparty\p256-m\p256-m -IC:\Users\Max\.platformio\packages\framework-espidf\components\efuse\include -IC:\Users\Max\.platformio\packages\framework-espidf\components\efuse\esp32\include -IC:\Users\Max\.platformio\packages\framework-espidf\components\esp_bootloader_format\include -IC:\Users\Max\.platformio\packages\framework-espidf\components\esp_app_format\include C:\Users\Max\.platformio\packages\framework-espidf\components\bootloader_support\bootloader_flash\src\flash_qio_mode.c
xtensa-esp32-elf-gcc -o .pio\build\esp32dev\bootloader_support\bootloader_flash\src\bootloader_flash_config_esp32.c.o -c -Wno-pointer-sign -std=gnu17 -mlongcalls -Wno-frame-address -fno-builtin-memcpy -fno-builtin-memset -fno-builtin-bzero -fno-builtin-stpcpy -fno-builtin-strncpy -ffunction-sections -fdata-sections -Wall -Werror=all -Wno-error=unused-function -Wno-error=unused-variable -Wno-error=unused-but-set-variable -Wno-error=deprecated-declarations -Wextra -Wno-unused-parameter -Wno-sign-compare -Wno-enum-conversion -gdwarf-4 -ggdb -Og -fno-shrink-wrap -fmacro-prefix-map=C:/Users/Max/temp/espidf-hello-world=. -fmacro-prefix-map=C:/Users/Max/.platformio/packages/framework-espidf=/IDF -fstrict-volatile-bitfields -fno-jump-tables -fno-tree-switch-conversion -Wno-old-style-declaration -DPLATFORMIO=60115 -DARDUINO_ESP32_DEV -DESP_PLATFORM -DIDF_VER=\"5.3.0\" -DMBEDTLS_CONFIG_FILE=\"mbedtls/esp_config.h\" -DSOC_MMU_PAGE_SIZE=CONFIG_MMU_PAGE_SIZE -DSOC_XTAL_FREQ_MHZ=CONFIG_XTAL_FREQ -D_GLIBCXX_HAVE_POSIX_SEMAPHORE -D_GLIBCXX_USE_POSIX_SEMAPHORE -D_GNU_SOURCE -D_POSIX_READER_WRITER_LOCKS -I.pio\build\esp32dev\config -IC:\Users\Max\.platformio\packages\framework-espidf\components\bootloader_support\include -IC:\Users\Max\.platformio\packages\framework-espidf\components\bootloader_support\bootloader_flash\include -IC:\Users\Max\.platformio\packages\framework-espidf\components\bootloader_support\private_include -IC:\Users\Max\.platformio\packages\framework-espidf\components\newlib\platform_include -IC:\Users\Max\.platformio\packages\framework-espidf\components\freertos\config\include -IC:\Users\Max\.platformio\packages\framework-espidf\components\freertos\config\include\freertos -IC:\Users\Max\.platformio\packages\framework-espidf\components\freertos\config\xtensa\include -IC:\Users\Max\.platformio\packages\framework-espidf\components\freertos\FreeRTOS-Kernel\include -IC:\Users\Max\.platformio\packages\framework-espidf\components\freertos\FreeRTOS-Kernel\portable\xtensa\include -IC:\Users\Max\.platformio\packages\framework-espidf\components\freertos\FreeRTOS-Kernel\portable\xtensa\include\freertos -IC:\Users\Max\.platformio\packages\framework-espidf\components\freertos\esp_additions\include -IC:\Users\Max\.platformio\packages\framework-espidf\components\esp_hw_support\include -IC:\Users\Max\.platformio\packages\framework-espidf\components\esp_hw_support\include\soc -IC:\Users\Max\.platformio\packages\framework-espidf\components\esp_hw_support\include\soc\esp32 -IC:\Users\Max\.platformio\packages\framework-espidf\components\esp_hw_support\dma\include -IC:\Users\Max\.platformio\packages\framework-espidf\components\esp_hw_support\ldo\include -IC:\Users\Max\.platformio\packages\framework-espidf\components\esp_hw_support\port\esp32 -IC:\Users\Max\.platformio\packages\framework-espidf\components\esp_hw_support\port\esp32\include -IC:\Users\Max\.platformio\packages\framework-espidf\components\heap\include -IC:\Users\Max\.platformio\packages\framework-espidf\components\log\include -IC:\Users\Max\.platformio\packages\framework-espidf\components\soc\include -IC:\Users\Max\.platformio\packages\framework-espidf\components\soc\esp32 -IC:\Users\Max\.platformio\packages\framework-espidf\components\soc\esp32\include -IC:\Users\Max\.platformio\packages\framework-espidf\components\hal\platform_port\include -IC:\Users\Max\.platformio\packages\framework-espidf\components\hal\esp32\include -IC:\Users\Max\.platformio\packages\framework-espidf\components\hal\include -IC:\Users\Max\.platformio\packages\framework-espidf\components\esp_rom\include -IC:\Users\Max\.platformio\packages\framework-espidf\components\esp_rom\include\esp32 -IC:\Users\Max\.platformio\packages\framework-espidf\components\esp_rom\esp32 -IC:\Users\Max\.platformio\packages\framework-espidf\components\esp_common\include -IC:\Users\Max\.platformio\packages\framework-espidf\components\esp_system\include -IC:\Users\Max\.platformio\packages\framework-espidf\components\esp_system\port\soc -IC:\Users\Max\.platformio\packages\framework-espidf\components\esp_system\port\include\private -IC:\Users\Max\.platformio\packages\framework-espidf\components\xtensa\esp32\include -IC:\Users\Max\.platformio\packages\framework-espidf\components\xtensa\include -IC:\Users\Max\.platformio\packages\framework-espidf\components\xtensa\deprecated_include -IC:\Users\Max\.platformio\packages\framework-espidf\components\lwip\include -IC:\Users\Max\.platformio\packages\framework-espidf\components\lwip\include\apps -IC:\Users\Max\.platformio\packages\framework-espidf\components\lwip\include\apps\sntp -IC:\Users\Max\.platformio\packages\framework-espidf\components\lwip\lwip\src\include -IC:\Users\Max\.platformio\packages\framework-espidf\components\lwip\port\include -IC:\Users\Max\.platformio\packages\framework-espidf\components\lwip\port\freertos\include -IC:\Users\Max\.platformio\packages\framework-espidf\components\lwip\port\esp32xx\include -IC:\Users\Max\.platformio\packages\framework-espidf\components\lwip\port\esp32xx\include\arch -IC:\Users\Max\.platformio\packages\framework-espidf\components\lwip\port\esp32xx\include\sys -IC:\Users\Max\.platformio\packages\framework-espidf\components\spi_flash\include -IC:\Users\Max\.platformio\packages\framework-espidf\components\mbedtls\port\include -IC:\Users\Max\.platformio\packages\framework-espidf\components\mbedtls\mbedtls\include -IC:\Users\Max\.platformio\packages\framework-espidf\components\mbedtls\mbedtls\library -IC:\Users\Max\.platformio\packages\framework-espidf\components\mbedtls\esp_crt_bundle\include -IC:\Users\Max\.platformio\packages\framework-espidf\components\mbedtls\mbedtls\3rdparty\everest\include -IC:\Users\Max\.platformio\packages\framework-espidf\components\mbedtls\mbedtls\3rdparty\p256-m -IC:\Users\Max\.platformio\packages\framework-espidf\components\mbedtls\mbedtls\3rdparty\p256-m\p256-m -IC:\Users\Max\.platformio\packages\framework-espidf\components\efuse\include -IC:\Users\Max\.platformio\packages\framework-espidf\components\efuse\esp32\include -IC:\Users\Max\.platformio\packages\framework-espidf\components\esp_bootloader_format\include -IC:\Users\Max\.platformio\packages\framework-espidf\components\esp_app_format\include C:\Users\Max\.platformio\packages\framework-espidf\components\bootloader_support\bootloader_flash\src\bootloader_flash_config_esp32.c
xtensa-esp32-elf-gcc -o .pio\build\esp32dev\bootloader_support\src\bootloader_utility.c.o -c -Wno-pointer-sign -std=gnu17 -mlongcalls -Wno-frame-address -fno-builtin-memcpy -fno-builtin-memset -fno-builtin-bzero -fno-builtin-stpcpy -fno-builtin-strncpy -ffunction-sections -fdata-sections -Wall -Werror=all -Wno-error=unused-function -Wno-error=unused-variable -Wno-error=unused-but-set-variable -Wno-error=deprecated-declarations -Wextra -Wno-unused-parameter -Wno-sign-compare -Wno-enum-conversion -gdwarf-4 -ggdb -Og -fno-shrink-wrap -fmacro-prefix-map=C:/Users/Max/temp/espidf-hello-world=. -fmacro-prefix-map=C:/Users/Max/.platformio/packages/framework-espidf=/IDF -fstrict-volatile-bitfields -fno-jump-tables -fno-tree-switch-conversion -Wno-old-style-declaration -DPLATFORMIO=60115 -DARDUINO_ESP32_DEV -DESP_PLATFORM -DIDF_VER=\"5.3.0\" -DMBEDTLS_CONFIG_FILE=\"mbedtls/esp_config.h\" -DSOC_MMU_PAGE_SIZE=CONFIG_MMU_PAGE_SIZE -DSOC_XTAL_FREQ_MHZ=CONFIG_XTAL_FREQ -D_GLIBCXX_HAVE_POSIX_SEMAPHORE -D_GLIBCXX_USE_POSIX_SEMAPHORE -D_GNU_SOURCE -D_POSIX_READER_WRITER_LOCKS -I.pio\build\esp32dev\config -IC:\Users\Max\.platformio\packages\framework-espidf\components\bootloader_support\include -IC:\Users\Max\.platformio\packages\framework-espidf\components\bootloader_support\bootloader_flash\include -IC:\Users\Max\.platformio\packages\framework-espidf\components\bootloader_support\private_include -IC:\Users\Max\.platformio\packages\framework-espidf\components\newlib\platform_include -IC:\Users\Max\.platformio\packages\framework-espidf\components\freertos\config\include -IC:\Users\Max\.platformio\packages\framework-espidf\components\freertos\config\include\freertos -IC:\Users\Max\.platformio\packages\framework-espidf\components\freertos\config\xtensa\include -IC:\Users\Max\.platformio\packages\framework-espidf\components\freertos\FreeRTOS-Kernel\include -IC:\Users\Max\.platformio\packages\framework-espidf\components\freertos\FreeRTOS-Kernel\portable\xtensa\include -IC:\Users\Max\.platformio\packages\framework-espidf\components\freertos\FreeRTOS-Kernel\portable\xtensa\include\freertos -IC:\Users\Max\.platformio\packages\framework-espidf\components\freertos\esp_additions\include -IC:\Users\Max\.platformio\packages\framework-espidf\components\esp_hw_support\include -IC:\Users\Max\.platformio\packages\framework-espidf\components\esp_hw_support\include\soc -IC:\Users\Max\.platformio\packages\framework-espidf\components\esp_hw_support\include\soc\esp32 -IC:\Users\Max\.platformio\packages\framework-espidf\components\esp_hw_support\dma\include -IC:\Users\Max\.platformio\packages\framework-espidf\components\esp_hw_support\ldo\include -IC:\Users\Max\.platformio\packages\framework-espidf\components\esp_hw_support\port\esp32 -IC:\Users\Max\.platformio\packages\framework-espidf\components\esp_hw_support\port\esp32\include -IC:\Users\Max\.platformio\packages\framework-espidf\components\heap\include -IC:\Users\Max\.platformio\packages\framework-espidf\components\log\include -IC:\Users\Max\.platformio\packages\framework-espidf\components\soc\include -IC:\Users\Max\.platformio\packages\framework-espidf\components\soc\esp32 -IC:\Users\Max\.platformio\packages\framework-espidf\components\soc\esp32\include -IC:\Users\Max\.platformio\packages\framework-espidf\components\hal\platform_port\include -IC:\Users\Max\.platformio\packages\framework-espidf\components\hal\esp32\include -IC:\Users\Max\.platformio\packages\framework-espidf\components\hal\include -IC:\Users\Max\.platformio\packages\framework-espidf\components\esp_rom\include -IC:\Users\Max\.platformio\packages\framework-espidf\components\esp_rom\include\esp32 -IC:\Users\Max\.platformio\packages\framework-espidf\components\esp_rom\esp32 -IC:\Users\Max\.platformio\packages\framework-espidf\components\esp_common\include -IC:\Users\Max\.platformio\packages\framework-espidf\components\esp_system\include -IC:\Users\Max\.platformio\packages\framework-espidf\components\esp_system\port\soc -IC:\Users\Max\.platformio\packages\framework-espidf\components\esp_system\port\include\private -IC:\Users\Max\.platformio\packages\framework-espidf\components\xtensa\esp32\include -IC:\Users\Max\.platformio\packages\framework-espidf\components\xtensa\include -IC:\Users\Max\.platformio\packages\framework-espidf\components\xtensa\deprecated_include -IC:\Users\Max\.platformio\packages\framework-espidf\components\lwip\include -IC:\Users\Max\.platformio\packages\framework-espidf\components\lwip\include\apps -IC:\Users\Max\.platformio\packages\framework-espidf\components\lwip\include\apps\sntp -IC:\Users\Max\.platformio\packages\framework-espidf\components\lwip\lwip\src\include -IC:\Users\Max\.platformio\packages\framework-espidf\components\lwip\port\include -IC:\Users\Max\.platformio\packages\framework-espidf\components\lwip\port\freertos\include -IC:\Users\Max\.platformio\packages\framework-espidf\components\lwip\port\esp32xx\include -IC:\Users\Max\.platformio\packages\framework-espidf\components\lwip\port\esp32xx\include\arch -IC:\Users\Max\.platformio\packages\framework-espidf\components\lwip\port\esp32xx\include\sys -IC:\Users\Max\.platformio\packages\framework-espidf\components\spi_flash\include -IC:\Users\Max\.platformio\packages\framework-espidf\components\mbedtls\port\include -IC:\Users\Max\.platformio\packages\framework-espidf\components\mbedtls\mbedtls\include -IC:\Users\Max\.platformio\packages\framework-espidf\components\mbedtls\mbedtls\library -IC:\Users\Max\.platformio\packages\framework-espidf\components\mbedtls\esp_crt_bundle\include -IC:\Users\Max\.platformio\packages\framework-espidf\components\mbedtls\mbedtls\3rdparty\everest\include -IC:\Users\Max\.platformio\packages\framework-espidf\components\mbedtls\mbedtls\3rdparty\p256-m -IC:\Users\Max\.platformio\packages\framework-espidf\components\mbedtls\mbedtls\3rdparty\p256-m\p256-m -IC:\Users\Max\.platformio\packages\framework-espidf\components\efuse\include -IC:\Users\Max\.platformio\packages\framework-espidf\components\efuse\esp32\include -IC:\Users\Max\.platformio\packages\framework-espidf\components\esp_bootloader_format\include -IC:\Users\Max\.platformio\packages\framework-espidf\components\esp_app_format\include C:\Users\Max\.platformio\packages\framework-espidf\components\bootloader_support\src\bootloader_utility.c
xtensa-esp32-elf-gcc -o .pio\build\esp32dev\bootloader_support\src\flash_partitions.c.o -c -Wno-pointer-sign -std=gnu17 -mlongcalls -Wno-frame-address -fno-builtin-memcpy -fno-builtin-memset -fno-builtin-bzero -fno-builtin-stpcpy -fno-builtin-strncpy -ffunction-sections -fdata-sections -Wall -Werror=all -Wno-error=unused-function -Wno-error=unused-variable -Wno-error=unused-but-set-variable -Wno-error=deprecated-declarations -Wextra -Wno-unused-parameter -Wno-sign-compare -Wno-enum-conversion -gdwarf-4 -ggdb -Og -fno-shrink-wrap -fmacro-prefix-map=C:/Users/Max/temp/espidf-hello-world=. -fmacro-prefix-map=C:/Users/Max/.platformio/packages/framework-espidf=/IDF -fstrict-volatile-bitfields -fno-jump-tables -fno-tree-switch-conversion -Wno-old-style-declaration -DPLATFORMIO=60115 -DARDUINO_ESP32_DEV -DESP_PLATFORM -DIDF_VER=\"5.3.0\" -DMBEDTLS_CONFIG_FILE=\"mbedtls/esp_config.h\" -DSOC_MMU_PAGE_SIZE=CONFIG_MMU_PAGE_SIZE -DSOC_XTAL_FREQ_MHZ=CONFIG_XTAL_FREQ -D_GLIBCXX_HAVE_POSIX_SEMAPHORE -D_GLIBCXX_USE_POSIX_SEMAPHORE -D_GNU_SOURCE -D_POSIX_READER_WRITER_LOCKS -I.pio\build\esp32dev\config -IC:\Users\Max\.platformio\packages\framework-espidf\components\bootloader_support\include -IC:\Users\Max\.platformio\packages\framework-espidf\components\bootloader_support\bootloader_flash\include -IC:\Users\Max\.platformio\packages\framework-espidf\components\bootloader_support\private_include -IC:\Users\Max\.platformio\packages\framework-espidf\components\newlib\platform_include -IC:\Users\Max\.platformio\packages\framework-espidf\components\freertos\config\include -IC:\Users\Max\.platformio\packages\framework-espidf\components\freertos\config\include\freertos -IC:\Users\Max\.platformio\packages\framework-espidf\components\freertos\config\xtensa\include -IC:\Users\Max\.platformio\packages\framework-espidf\components\freertos\FreeRTOS-Kernel\include -IC:\Users\Max\.platformio\packages\framework-espidf\components\freertos\FreeRTOS-Kernel\portable\xtensa\include -IC:\Users\Max\.platformio\packages\framework-espidf\components\freertos\FreeRTOS-Kernel\portable\xtensa\include\freertos -IC:\Users\Max\.platformio\packages\framework-espidf\components\freertos\esp_additions\include -IC:\Users\Max\.platformio\packages\framework-espidf\components\esp_hw_support\include -IC:\Users\Max\.platformio\packages\framework-espidf\components\esp_hw_support\include\soc -IC:\Users\Max\.platformio\packages\framework-espidf\components\esp_hw_support\include\soc\esp32 -IC:\Users\Max\.platformio\packages\framework-espidf\components\esp_hw_support\dma\include -IC:\Users\Max\.platformio\packages\framework-espidf\components\esp_hw_support\ldo\include -IC:\Users\Max\.platformio\packages\framework-espidf\components\esp_hw_support\port\esp32 -IC:\Users\Max\.platformio\packages\framework-espidf\components\esp_hw_support\port\esp32\include -IC:\Users\Max\.platformio\packages\framework-espidf\components\heap\include -IC:\Users\Max\.platformio\packages\framework-espidf\components\log\include -IC:\Users\Max\.platformio\packages\framework-espidf\components\soc\include -IC:\Users\Max\.platformio\packages\framework-espidf\components\soc\esp32 -IC:\Users\Max\.platformio\packages\framework-espidf\components\soc\esp32\include -IC:\Users\Max\.platformio\packages\framework-espidf\components\hal\platform_port\include -IC:\Users\Max\.platformio\packages\framework-espidf\components\hal\esp32\include -IC:\Users\Max\.platformio\packages\framework-espidf\components\hal\include -IC:\Users\Max\.platformio\packages\framework-espidf\components\esp_rom\include -IC:\Users\Max\.platformio\packages\framework-espidf\components\esp_rom\include\esp32 -IC:\Users\Max\.platformio\packages\framework-espidf\components\esp_rom\esp32 -IC:\Users\Max\.platformio\packages\framework-espidf\components\esp_common\include -IC:\Users\Max\.platformio\packages\framework-espidf\components\esp_system\include -IC:\Users\Max\.platformio\packages\framework-espidf\components\esp_system\port\soc -IC:\Users\Max\.platformio\packages\framework-espidf\components\esp_system\port\include\private -IC:\Users\Max\.platformio\packages\framework-espidf\components\xtensa\esp32\include -IC:\Users\Max\.platformio\packages\framework-espidf\components\xtensa\include -IC:\Users\Max\.platformio\packages\framework-espidf\components\xtensa\deprecated_include -IC:\Users\Max\.platformio\packages\framework-espidf\components\lwip\include -IC:\Users\Max\.platformio\packages\framework-espidf\components\lwip\include\apps -IC:\Users\Max\.platformio\packages\framework-espidf\components\lwip\include\apps\sntp -IC:\Users\Max\.platformio\packages\framework-espidf\components\lwip\lwip\src\include -IC:\Users\Max\.platformio\packages\framework-espidf\components\lwip\port\include -IC:\Users\Max\.platformio\packages\framework-espidf\components\lwip\port\freertos\include -IC:\Users\Max\.platformio\packages\framework-espidf\components\lwip\port\esp32xx\include -IC:\Users\Max\.platformio\packages\framework-espidf\components\lwip\port\esp32xx\include\arch -IC:\Users\Max\.platformio\packages\framework-espidf\components\lwip\port\esp32xx\include\sys -IC:\Users\Max\.platformio\packages\framework-espidf\components\spi_flash\include -IC:\Users\Max\.platformio\packages\framework-espidf\components\mbedtls\port\include -IC:\Users\Max\.platformio\packages\framework-espidf\components\mbedtls\mbedtls\include -IC:\Users\Max\.platformio\packages\framework-espidf\components\mbedtls\mbedtls\library -IC:\Users\Max\.platformio\packages\framework-espidf\components\mbedtls\esp_crt_bundle\include -IC:\Users\Max\.platformio\packages\framework-espidf\components\mbedtls\mbedtls\3rdparty\everest\include -IC:\Users\Max\.platformio\packages\framework-espidf\components\mbedtls\mbedtls\3rdparty\p256-m -IC:\Users\Max\.platformio\packages\framework-espidf\components\mbedtls\mbedtls\3rdparty\p256-m\p256-m -IC:\Users\Max\.platformio\packages\framework-espidf\components\efuse\include -IC:\Users\Max\.platformio\packages\framework-espidf\components\efuse\esp32\include -IC:\Users\Max\.platformio\packages\framework-espidf\components\esp_bootloader_format\include -IC:\Users\Max\.platformio\packages\framework-espidf\components\esp_app_format\include C:\Users\Max\.platformio\packages\framework-espidf\components\bootloader_support\src\flash_partitions.c
xtensa-esp32-elf-gcc -o .pio\build\esp32dev\bootloader_support\src\esp_image_format.c.o -c -Wno-pointer-sign -std=gnu17 -mlongcalls -Wno-frame-address -fno-builtin-memcpy -fno-builtin-memset -fno-builtin-bzero -fno-builtin-stpcpy -fno-builtin-strncpy -ffunction-sections -fdata-sections -Wall -Werror=all -Wno-error=unused-function -Wno-error=unused-variable -Wno-error=unused-but-set-variable -Wno-error=deprecated-declarations -Wextra -Wno-unused-parameter -Wno-sign-compare -Wno-enum-conversion -gdwarf-4 -ggdb -Og -fno-shrink-wrap -fmacro-prefix-map=C:/Users/Max/temp/espidf-hello-world=. -fmacro-prefix-map=C:/Users/Max/.platformio/packages/framework-espidf=/IDF -fstrict-volatile-bitfields -fno-jump-tables -fno-tree-switch-conversion -Wno-old-style-declaration -DPLATFORMIO=60115 -DARDUINO_ESP32_DEV -DESP_PLATFORM -DIDF_VER=\"5.3.0\" -DMBEDTLS_CONFIG_FILE=\"mbedtls/esp_config.h\" -DSOC_MMU_PAGE_SIZE=CONFIG_MMU_PAGE_SIZE -DSOC_XTAL_FREQ_MHZ=CONFIG_XTAL_FREQ -D_GLIBCXX_HAVE_POSIX_SEMAPHORE -D_GLIBCXX_USE_POSIX_SEMAPHORE -D_GNU_SOURCE -D_POSIX_READER_WRITER_LOCKS -I.pio\build\esp32dev\config -IC:\Users\Max\.platformio\packages\framework-espidf\components\bootloader_support\include -IC:\Users\Max\.platformio\packages\framework-espidf\components\bootloader_support\bootloader_flash\include -IC:\Users\Max\.platformio\packages\framework-espidf\components\bootloader_support\private_include -IC:\Users\Max\.platformio\packages\framework-espidf\components\newlib\platform_include -IC:\Users\Max\.platformio\packages\framework-espidf\components\freertos\config\include -IC:\Users\Max\.platformio\packages\framework-espidf\components\freertos\config\include\freertos -IC:\Users\Max\.platformio\packages\framework-espidf\components\freertos\config\xtensa\include -IC:\Users\Max\.platformio\packages\framework-espidf\components\freertos\FreeRTOS-Kernel\include -IC:\Users\Max\.platformio\packages\framework-espidf\components\freertos\FreeRTOS-Kernel\portable\xtensa\include -IC:\Users\Max\.platformio\packages\framework-espidf\components\freertos\FreeRTOS-Kernel\portable\xtensa\include\freertos -IC:\Users\Max\.platformio\packages\framework-espidf\components\freertos\esp_additions\include -IC:\Users\Max\.platformio\packages\framework-espidf\components\esp_hw_support\include -IC:\Users\Max\.platformio\packages\framework-espidf\components\esp_hw_support\include\soc -IC:\Users\Max\.platformio\packages\framework-espidf\components\esp_hw_support\include\soc\esp32 -IC:\Users\Max\.platformio\packages\framework-espidf\components\esp_hw_support\dma\include -IC:\Users\Max\.platformio\packages\framework-espidf\components\esp_hw_support\ldo\include -IC:\Users\Max\.platformio\packages\framework-espidf\components\esp_hw_support\port\esp32 -IC:\Users\Max\.platformio\packages\framework-espidf\components\esp_hw_support\port\esp32\include -IC:\Users\Max\.platformio\packages\framework-espidf\components\heap\include -IC:\Users\Max\.platformio\packages\framework-espidf\components\log\include -IC:\Users\Max\.platformio\packages\framework-espidf\components\soc\include -IC:\Users\Max\.platformio\packages\framework-espidf\components\soc\esp32 -IC:\Users\Max\.platformio\packages\framework-espidf\components\soc\esp32\include -IC:\Users\Max\.platformio\packages\framework-espidf\components\hal\platform_port\include -IC:\Users\Max\.platformio\packages\framework-espidf\components\hal\esp32\include -IC:\Users\Max\.platformio\packages\framework-espidf\components\hal\include -IC:\Users\Max\.platformio\packages\framework-espidf\components\esp_rom\include -IC:\Users\Max\.platformio\packages\framework-espidf\components\esp_rom\include\esp32 -IC:\Users\Max\.platformio\packages\framework-espidf\components\esp_rom\esp32 -IC:\Users\Max\.platformio\packages\framework-espidf\components\esp_common\include -IC:\Users\Max\.platformio\packages\framework-espidf\components\esp_system\include -IC:\Users\Max\.platformio\packages\framework-espidf\components\esp_system\port\soc -IC:\Users\Max\.platformio\packages\framework-espidf\components\esp_system\port\include\private -IC:\Users\Max\.platformio\packages\framework-espidf\components\xtensa\esp32\include -IC:\Users\Max\.platformio\packages\framework-espidf\components\xtensa\include -IC:\Users\Max\.platformio\packages\framework-espidf\components\xtensa\deprecated_include -IC:\Users\Max\.platformio\packages\framework-espidf\components\lwip\include -IC:\Users\Max\.platformio\packages\framework-espidf\components\lwip\include\apps -IC:\Users\Max\.platformio\packages\framework-espidf\components\lwip\include\apps\sntp -IC:\Users\Max\.platformio\packages\framework-espidf\components\lwip\lwip\src\include -IC:\Users\Max\.platformio\packages\framework-espidf\components\lwip\port\include -IC:\Users\Max\.platformio\packages\framework-espidf\components\lwip\port\freertos\include -IC:\Users\Max\.platformio\packages\framework-espidf\components\lwip\port\esp32xx\include -IC:\Users\Max\.platformio\packages\framework-espidf\components\lwip\port\esp32xx\include\arch -IC:\Users\Max\.platformio\packages\framework-espidf\components\lwip\port\esp32xx\include\sys -IC:\Users\Max\.platformio\packages\framework-espidf\components\spi_flash\include -IC:\Users\Max\.platformio\packages\framework-espidf\components\mbedtls\port\include -IC:\Users\Max\.platformio\packages\framework-espidf\components\mbedtls\mbedtls\include -IC:\Users\Max\.platformio\packages\framework-espidf\components\mbedtls\mbedtls\library -IC:\Users\Max\.platformio\packages\framework-espidf\components\mbedtls\esp_crt_bundle\include -IC:\Users\Max\.platformio\packages\framework-espidf\components\mbedtls\mbedtls\3rdparty\everest\include -IC:\Users\Max\.platformio\packages\framework-espidf\components\mbedtls\mbedtls\3rdparty\p256-m -IC:\Users\Max\.platformio\packages\framework-espidf\components\mbedtls\mbedtls\3rdparty\p256-m\p256-m -IC:\Users\Max\.platformio\packages\framework-espidf\components\efuse\include -IC:\Users\Max\.platformio\packages\framework-espidf\components\efuse\esp32\include -IC:\Users\Max\.platformio\packages\framework-espidf\components\esp_bootloader_format\include -IC:\Users\Max\.platformio\packages\framework-espidf\components\esp_app_format\include C:\Users\Max\.platformio\packages\framework-espidf\components\bootloader_support\src\esp_image_format.c
xtensa-esp32-elf-gcc-ar rc .pio\build\esp32dev\esp-idf\app_update\libapp_update.a .pio\build\esp32dev\app_update\esp_ota_ops.c.o .pio\build\esp32dev\app_update\esp_ota_app_desc.c.o
xtensa-esp32-elf-gcc -o .pio\build\esp32dev\bootloader_support\src\idf\bootloader_sha.c.o -c -Wno-pointer-sign -std=gnu17 -mlongcalls -Wno-frame-address -fno-builtin-memcpy -fno-builtin-memset -fno-builtin-bzero -fno-builtin-stpcpy -fno-builtin-strncpy -ffunction-sections -fdata-sections -Wall -Werror=all -Wno-error=unused-function -Wno-error=unused-variable -Wno-error=unused-but-set-variable -Wno-error=deprecated-declarations -Wextra -Wno-unused-parameter -Wno-sign-compare -Wno-enum-conversion -gdwarf-4 -ggdb -Og -fno-shrink-wrap -fmacro-prefix-map=C:/Users/Max/temp/espidf-hello-world=. -fmacro-prefix-map=C:/Users/Max/.platformio/packages/framework-espidf=/IDF -fstrict-volatile-bitfields -fno-jump-tables -fno-tree-switch-conversion -Wno-old-style-declaration -DPLATFORMIO=60115 -DARDUINO_ESP32_DEV -DESP_PLATFORM -DIDF_VER=\"5.3.0\" -DMBEDTLS_CONFIG_FILE=\"mbedtls/esp_config.h\" -DSOC_MMU_PAGE_SIZE=CONFIG_MMU_PAGE_SIZE -DSOC_XTAL_FREQ_MHZ=CONFIG_XTAL_FREQ -D_GLIBCXX_HAVE_POSIX_SEMAPHORE -D_GLIBCXX_USE_POSIX_SEMAPHORE -D_GNU_SOURCE -D_POSIX_READER_WRITER_LOCKS -I.pio\build\esp32dev\config -IC:\Users\Max\.platformio\packages\framework-espidf\components\bootloader_support\include -IC:\Users\Max\.platformio\packages\framework-espidf\components\bootloader_support\bootloader_flash\include -IC:\Users\Max\.platformio\packages\framework-espidf\components\bootloader_support\private_include -IC:\Users\Max\.platformio\packages\framework-espidf\components\newlib\platform_include -IC:\Users\Max\.platformio\packages\framework-espidf\components\freertos\config\include -IC:\Users\Max\.platformio\packages\framework-espidf\components\freertos\config\include\freertos -IC:\Users\Max\.platformio\packages\framework-espidf\components\freertos\config\xtensa\include -IC:\Users\Max\.platformio\packages\framework-espidf\components\freertos\FreeRTOS-Kernel\include -IC:\Users\Max\.platformio\packages\framework-espidf\components\freertos\FreeRTOS-Kernel\portable\xtensa\include -IC:\Users\Max\.platformio\packages\framework-espidf\components\freertos\FreeRTOS-Kernel\portable\xtensa\include\freertos -IC:\Users\Max\.platformio\packages\framework-espidf\components\freertos\esp_additions\include -IC:\Users\Max\.platformio\packages\framework-espidf\components\esp_hw_support\include -IC:\Users\Max\.platformio\packages\framework-espidf\components\esp_hw_support\include\soc -IC:\Users\Max\.platformio\packages\framework-espidf\components\esp_hw_support\include\soc\esp32 -IC:\Users\Max\.platformio\packages\framework-espidf\components\esp_hw_support\dma\include -IC:\Users\Max\.platformio\packages\framework-espidf\components\esp_hw_support\ldo\include -IC:\Users\Max\.platformio\packages\framework-espidf\components\esp_hw_support\port\esp32 -IC:\Users\Max\.platformio\packages\framework-espidf\components\esp_hw_support\port\esp32\include -IC:\Users\Max\.platformio\packages\framework-espidf\components\heap\include -IC:\Users\Max\.platformio\packages\framework-espidf\components\log\include -IC:\Users\Max\.platformio\packages\framework-espidf\components\soc\include -IC:\Users\Max\.platformio\packages\framework-espidf\components\soc\esp32 -IC:\Users\Max\.platformio\packages\framework-espidf\components\soc\esp32\include -IC:\Users\Max\.platformio\packages\framework-espidf\components\hal\platform_port\include -IC:\Users\Max\.platformio\packages\framework-espidf\components\hal\esp32\include -IC:\Users\Max\.platformio\packages\framework-espidf\components\hal\include -IC:\Users\Max\.platformio\packages\framework-espidf\components\esp_rom\include -IC:\Users\Max\.platformio\packages\framework-espidf\components\esp_rom\include\esp32 -IC:\Users\Max\.platformio\packages\framework-espidf\components\esp_rom\esp32 -IC:\Users\Max\.platformio\packages\framework-espidf\components\esp_common\include -IC:\Users\Max\.platformio\packages\framework-espidf\components\esp_system\include -IC:\Users\Max\.platformio\packages\framework-espidf\components\esp_system\port\soc -IC:\Users\Max\.platformio\packages\framework-espidf\components\esp_system\port\include\private -IC:\Users\Max\.platformio\packages\framework-espidf\components\xtensa\esp32\include -IC:\Users\Max\.platformio\packages\framework-espidf\components\xtensa\include -IC:\Users\Max\.platformio\packages\framework-espidf\components\xtensa\deprecated_include -IC:\Users\Max\.platformio\packages\framework-espidf\components\lwip\include -IC:\Users\Max\.platformio\packages\framework-espidf\components\lwip\include\apps -IC:\Users\Max\.platformio\packages\framework-espidf\components\lwip\include\apps\sntp -IC:\Users\Max\.platformio\packages\framework-espidf\components\lwip\lwip\src\include -IC:\Users\Max\.platformio\packages\framework-espidf\components\lwip\port\include -IC:\Users\Max\.platformio\packages\framework-espidf\components\lwip\port\freertos\include -IC:\Users\Max\.platformio\packages\framework-espidf\components\lwip\port\esp32xx\include -IC:\Users\Max\.platformio\packages\framework-espidf\components\lwip\port\esp32xx\include\arch -IC:\Users\Max\.platformio\packages\framework-espidf\components\lwip\port\esp32xx\include\sys -IC:\Users\Max\.platformio\packages\framework-espidf\components\spi_flash\include -IC:\Users\Max\.platformio\packages\framework-espidf\components\mbedtls\port\include -IC:\Users\Max\.platformio\packages\framework-espidf\components\mbedtls\mbedtls\include -IC:\Users\Max\.platformio\packages\framework-espidf\components\mbedtls\mbedtls\library -IC:\Users\Max\.platformio\packages\framework-espidf\components\mbedtls\esp_crt_bundle\include -IC:\Users\Max\.platformio\packages\framework-espidf\components\mbedtls\mbedtls\3rdparty\everest\include -IC:\Users\Max\.platformio\packages\framework-espidf\components\mbedtls\mbedtls\3rdparty\p256-m -IC:\Users\Max\.platformio\packages\framework-espidf\components\mbedtls\mbedtls\3rdparty\p256-m\p256-m -IC:\Users\Max\.platformio\packages\framework-espidf\components\efuse\include -IC:\Users\Max\.platformio\packages\framework-espidf\components\efuse\esp32\include -IC:\Users\Max\.platformio\packages\framework-espidf\components\esp_bootloader_format\include -IC:\Users\Max\.platformio\packages\framework-espidf\components\esp_app_format\include C:\Users\Max\.platformio\packages\framework-espidf\components\bootloader_support\src\idf\bootloader_sha.c
xtensa-esp32-elf-gcc -o .pio\build\esp32dev\bootloader_support\src\esp32\secure_boot_secure_features.c.o -c -Wno-pointer-sign -std=gnu17 -mlongcalls -Wno-frame-address -fno-builtin-memcpy -fno-builtin-memset -fno-builtin-bzero -fno-builtin-stpcpy -fno-builtin-strncpy -ffunction-sections -fdata-sections -Wall -Werror=all -Wno-error=unused-function -Wno-error=unused-variable -Wno-error=unused-but-set-variable -Wno-error=deprecated-declarations -Wextra -Wno-unused-parameter -Wno-sign-compare -Wno-enum-conversion -gdwarf-4 -ggdb -Og -fno-shrink-wrap -fmacro-prefix-map=C:/Users/Max/temp/espidf-hello-world=. -fmacro-prefix-map=C:/Users/Max/.platformio/packages/framework-espidf=/IDF -fstrict-volatile-bitfields -fno-jump-tables -fno-tree-switch-conversion -Wno-old-style-declaration -DPLATFORMIO=60115 -DARDUINO_ESP32_DEV -DESP_PLATFORM -DIDF_VER=\"5.3.0\" -DMBEDTLS_CONFIG_FILE=\"mbedtls/esp_config.h\" -DSOC_MMU_PAGE_SIZE=CONFIG_MMU_PAGE_SIZE -DSOC_XTAL_FREQ_MHZ=CONFIG_XTAL_FREQ -D_GLIBCXX_HAVE_POSIX_SEMAPHORE -D_GLIBCXX_USE_POSIX_SEMAPHORE -D_GNU_SOURCE -D_POSIX_READER_WRITER_LOCKS -I.pio\build\esp32dev\config -IC:\Users\Max\.platformio\packages\framework-espidf\components\bootloader_support\include -IC:\Users\Max\.platformio\packages\framework-espidf\components\bootloader_support\bootloader_flash\include -IC:\Users\Max\.platformio\packages\framework-espidf\components\bootloader_support\private_include -IC:\Users\Max\.platformio\packages\framework-espidf\components\newlib\platform_include -IC:\Users\Max\.platformio\packages\framework-espidf\components\freertos\config\include -IC:\Users\Max\.platformio\packages\framework-espidf\components\freertos\config\include\freertos -IC:\Users\Max\.platformio\packages\framework-espidf\components\freertos\config\xtensa\include -IC:\Users\Max\.platformio\packages\framework-espidf\components\freertos\FreeRTOS-Kernel\include -IC:\Users\Max\.platformio\packages\framework-espidf\components\freertos\FreeRTOS-Kernel\portable\xtensa\include -IC:\Users\Max\.platformio\packages\framework-espidf\components\freertos\FreeRTOS-Kernel\portable\xtensa\include\freertos -IC:\Users\Max\.platformio\packages\framework-espidf\components\freertos\esp_additions\include -IC:\Users\Max\.platformio\packages\framework-espidf\components\esp_hw_support\include -IC:\Users\Max\.platformio\packages\framework-espidf\components\esp_hw_support\include\soc -IC:\Users\Max\.platformio\packages\framework-espidf\components\esp_hw_support\include\soc\esp32 -IC:\Users\Max\.platformio\packages\framework-espidf\components\esp_hw_support\dma\include -IC:\Users\Max\.platformio\packages\framework-espidf\components\esp_hw_support\ldo\include -IC:\Users\Max\.platformio\packages\framework-espidf\components\esp_hw_support\port\esp32 -IC:\Users\Max\.platformio\packages\framework-espidf\components\esp_hw_support\port\esp32\include -IC:\Users\Max\.platformio\packages\framework-espidf\components\heap\include -IC:\Users\Max\.platformio\packages\framework-espidf\components\log\include -IC:\Users\Max\.platformio\packages\framework-espidf\components\soc\include -IC:\Users\Max\.platformio\packages\framework-espidf\components\soc\esp32 -IC:\Users\Max\.platformio\packages\framework-espidf\components\soc\esp32\include -IC:\Users\Max\.platformio\packages\framework-espidf\components\hal\platform_port\include -IC:\Users\Max\.platformio\packages\framework-espidf\components\hal\esp32\include -IC:\Users\Max\.platformio\packages\framework-espidf\components\hal\include -IC:\Users\Max\.platformio\packages\framework-espidf\components\esp_rom\include -IC:\Users\Max\.platformio\packages\framework-espidf\components\esp_rom\include\esp32 -IC:\Users\Max\.platformio\packages\framework-espidf\components\esp_rom\esp32 -IC:\Users\Max\.platformio\packages\framework-espidf\components\esp_common\include -IC:\Users\Max\.platformio\packages\framework-espidf\components\esp_system\include -IC:\Users\Max\.platformio\packages\framework-espidf\components\esp_system\port\soc -IC:\Users\Max\.platformio\packages\framework-espidf\components\esp_system\port\include\private -IC:\Users\Max\.platformio\packages\framework-espidf\components\xtensa\esp32\include -IC:\Users\Max\.platformio\packages\framework-espidf\components\xtensa\include -IC:\Users\Max\.platformio\packages\framework-espidf\components\xtensa\deprecated_include -IC:\Users\Max\.platformio\packages\framework-espidf\components\lwip\include -IC:\Users\Max\.platformio\packages\framework-espidf\components\lwip\include\apps -IC:\Users\Max\.platformio\packages\framework-espidf\components\lwip\include\apps\sntp -IC:\Users\Max\.platformio\packages\framework-espidf\components\lwip\lwip\src\include -IC:\Users\Max\.platformio\packages\framework-espidf\components\lwip\port\include -IC:\Users\Max\.platformio\packages\framework-espidf\components\lwip\port\freertos\include -IC:\Users\Max\.platformio\packages\framework-espidf\components\lwip\port\esp32xx\include -IC:\Users\Max\.platformio\packages\framework-espidf\components\lwip\port\esp32xx\include\arch -IC:\Users\Max\.platformio\packages\framework-espidf\components\lwip\port\esp32xx\include\sys -IC:\Users\Max\.platformio\packages\framework-espidf\components\spi_flash\include -IC:\Users\Max\.platformio\packages\framework-espidf\components\mbedtls\port\include -IC:\Users\Max\.platformio\packages\framework-espidf\components\mbedtls\mbedtls\include -IC:\Users\Max\.platformio\packages\framework-espidf\components\mbedtls\mbedtls\library -IC:\Users\Max\.platformio\packages\framework-espidf\components\mbedtls\esp_crt_bundle\include -IC:\Users\Max\.platformio\packages\framework-espidf\components\mbedtls\mbedtls\3rdparty\everest\include -IC:\Users\Max\.platformio\packages\framework-espidf\components\mbedtls\mbedtls\3rdparty\p256-m -IC:\Users\Max\.platformio\packages\framework-espidf\components\mbedtls\mbedtls\3rdparty\p256-m\p256-m -IC:\Users\Max\.platformio\packages\framework-espidf\components\efuse\include -IC:\Users\Max\.platformio\packages\framework-espidf\components\efuse\esp32\include -IC:\Users\Max\.platformio\packages\framework-espidf\components\esp_bootloader_format\include -IC:\Users\Max\.platformio\packages\framework-espidf\components\esp_app_format\include C:\Users\Max\.platformio\packages\framework-espidf\components\bootloader_support\src\esp32\secure_boot_secure_features.c
xtensa-esp32-elf-gcc-ranlib .pio\build\esp32dev\esp-idf\app_update\libapp_update.a
xtensa-esp32-elf-gcc -o .pio\build\esp32dev\cmock\CMock\src\cmock.c.o -c -Wno-pointer-sign -std=gnu17 -mlongcalls -Wno-frame-address -fno-builtin-memcpy -fno-builtin-memset -fno-builtin-bzero -fno-builtin-stpcpy -fno-builtin-strncpy -ffunction-sections -fdata-sections -Wall -Werror=all -Wno-error=unused-function -Wno-error=unused-variable -Wno-error=unused-but-set-variable -Wno-error=deprecated-declarations -Wextra -Wno-unused-parameter -Wno-sign-compare -Wno-enum-conversion -gdwarf-4 -ggdb -Og -fno-shrink-wrap -fmacro-prefix-map=C:/Users/Max/temp/espidf-hello-world=. -fmacro-prefix-map=C:/Users/Max/.platformio/packages/framework-espidf=/IDF -fstrict-volatile-bitfields -fno-jump-tables -fno-tree-switch-conversion -Wno-old-style-declaration -DPLATFORMIO=60115 -DARDUINO_ESP32_DEV -DESP_PLATFORM -DIDF_VER=\"5.3.0\" -DSOC_MMU_PAGE_SIZE=CONFIG_MMU_PAGE_SIZE -DSOC_XTAL_FREQ_MHZ=CONFIG_XTAL_FREQ -DUNITY_INCLUDE_CONFIG_H -D_GLIBCXX_HAVE_POSIX_SEMAPHORE -D_GLIBCXX_USE_POSIX_SEMAPHORE -D_GNU_SOURCE -D_POSIX_READER_WRITER_LOCKS -I.pio\build\esp32dev\config -IC:\Users\Max\.platformio\packages\framework-espidf\components\cmock\CMock\src -IC:\Users\Max\.platformio\packages\framework-espidf\components\newlib\platform_include -IC:\Users\Max\.platformio\packages\framework-espidf\components\freertos\config\include -IC:\Users\Max\.platformio\packages\framework-espidf\components\freertos\config\include\freertos -IC:\Users\Max\.platformio\packages\framework-espidf\components\freertos\config\xtensa\include -IC:\Users\Max\.platformio\packages\framework-espidf\components\freertos\FreeRTOS-Kernel\include -IC:\Users\Max\.platformio\packages\framework-espidf\components\freertos\FreeRTOS-Kernel\portable\xtensa\include -IC:\Users\Max\.platformio\packages\framework-espidf\components\freertos\FreeRTOS-Kernel\portable\xtensa\include\freertos -IC:\Users\Max\.platformio\packages\framework-espidf\components\freertos\esp_additions\include -IC:\Users\Max\.platformio\packages\framework-espidf\components\esp_hw_support\include -IC:\Users\Max\.platformio\packages\framework-espidf\components\esp_hw_support\include\soc -IC:\Users\Max\.platformio\packages\framework-espidf\components\esp_hw_support\include\soc\esp32 -IC:\Users\Max\.platformio\packages\framework-espidf\components\esp_hw_support\dma\include -IC:\Users\Max\.platformio\packages\framework-espidf\components\esp_hw_support\ldo\include -IC:\Users\Max\.platformio\packages\framework-espidf\components\esp_hw_support\port\esp32 -IC:\Users\Max\.platformio\packages\framework-espidf\components\esp_hw_support\port\esp32\include -IC:\Users\Max\.platformio\packages\framework-espidf\components\heap\include -IC:\Users\Max\.platformio\packages\framework-espidf\components\log\include -IC:\Users\Max\.platformio\packages\framework-espidf\components\soc\include -IC:\Users\Max\.platformio\packages\framework-espidf\components\soc\esp32 -IC:\Users\Max\.platformio\packages\framework-espidf\components\soc\esp32\include -IC:\Users\Max\.platformio\packages\framework-espidf\components\hal\platform_port\include -IC:\Users\Max\.platformio\packages\framework-espidf\components\hal\esp32\include -IC:\Users\Max\.platformio\packages\framework-espidf\components\hal\include -IC:\Users\Max\.platformio\packages\framework-espidf\components\esp_rom\include -IC:\Users\Max\.platformio\packages\framework-espidf\components\esp_rom\include\esp32 -IC:\Users\Max\.platformio\packages\framework-espidf\components\esp_rom\esp32 -IC:\Users\Max\.platformio\packages\framework-espidf\components\esp_common\include -IC:\Users\Max\.platformio\packages\framework-espidf\components\esp_system\include -IC:\Users\Max\.platformio\packages\framework-espidf\components\esp_system\port\soc -IC:\Users\Max\.platformio\packages\framework-espidf\components\esp_system\port\include\private -IC:\Users\Max\.platformio\packages\framework-espidf\components\xtensa\esp32\include -IC:\Users\Max\.platformio\packages\framework-espidf\components\xtensa\include -IC:\Users\Max\.platformio\packages\framework-espidf\components\xtensa\deprecated_include -IC:\Users\Max\.platformio\packages\framework-espidf\components\lwip\include -IC:\Users\Max\.platformio\packages\framework-espidf\components\lwip\include\apps -IC:\Users\Max\.platformio\packages\framework-espidf\components\lwip\include\apps\sntp -IC:\Users\Max\.platformio\packages\framework-espidf\components\lwip\lwip\src\include -IC:\Users\Max\.platformio\packages\framework-espidf\components\lwip\port\include -IC:\Users\Max\.platformio\packages\framework-espidf\components\lwip\port\freertos\include -IC:\Users\Max\.platformio\packages\framework-espidf\components\lwip\port\esp32xx\include -IC:\Users\Max\.platformio\packages\framework-espidf\components\lwip\port\esp32xx\include\arch -IC:\Users\Max\.platformio\packages\framework-espidf\components\lwip\port\esp32xx\include\sys -IC:\Users\Max\.platformio\packages\framework-espidf\components\unity\include -IC:\Users\Max\.platformio\packages\framework-espidf\components\unity\unity\src C:\Users\Max\.platformio\packages\framework-espidf\components\cmock\CMock\src\cmock.c
xtensa-esp32-elf-gcc -o .pio\build\esp32dev\console\commands.c.o -c -Wno-pointer-sign -std=gnu17 -mlongcalls -Wno-frame-address -fno-builtin-memcpy -fno-builtin-memset -fno-builtin-bzero -fno-builtin-stpcpy -fno-builtin-strncpy -ffunction-sections -fdata-sections -Wall -Werror=all -Wno-error=unused-function -Wno-error=unused-variable -Wno-error=unused-but-set-variable -Wno-error=deprecated-declarations -Wextra -Wno-unused-parameter -Wno-sign-compare -Wno-enum-conversion -gdwarf-4 -ggdb -Og -fno-shrink-wrap -fmacro-prefix-map=C:/Users/Max/temp/espidf-hello-world=. -fmacro-prefix-map=C:/Users/Max/.platformio/packages/framework-espidf=/IDF -fstrict-volatile-bitfields -fno-jump-tables -fno-tree-switch-conversion -Wno-old-style-declaration -DPLATFORMIO=60115 -DARDUINO_ESP32_DEV -DESP_PLATFORM -DIDF_VER=\"5.3.0\" -DSOC_MMU_PAGE_SIZE=CONFIG_MMU_PAGE_SIZE -DSOC_XTAL_FREQ_MHZ=CONFIG_XTAL_FREQ -D_GLIBCXX_HAVE_POSIX_SEMAPHORE -D_GLIBCXX_USE_POSIX_SEMAPHORE -D_GNU_SOURCE -D_POSIX_READER_WRITER_LOCKS -I.pio\build\esp32dev\config -IC:\Users\Max\.platformio\packages\framework-espidf\components\console -IC:\Users\Max\.platformio\packages\framework-espidf\components\console\private_include -IC:\Users\Max\.platformio\packages\framework-espidf\components\newlib\platform_include -IC:\Users\Max\.platformio\packages\framework-espidf\components\freertos\config\include -IC:\Users\Max\.platformio\packages\framework-espidf\components\freertos\config\include\freertos -IC:\Users\Max\.platformio\packages\framework-espidf\components\freertos\config\xtensa\include -IC:\Users\Max\.platformio\packages\framework-espidf\components\freertos\FreeRTOS-Kernel\include -IC:\Users\Max\.platformio\packages\framework-espidf\components\freertos\FreeRTOS-Kernel\portable\xtensa\include -IC:\Users\Max\.platformio\packages\framework-espidf\components\freertos\FreeRTOS-Kernel\portable\xtensa\include\freertos -IC:\Users\Max\.platformio\packages\framework-espidf\components\freertos\esp_additions\include -IC:\Users\Max\.platformio\packages\framework-espidf\components\esp_hw_support\include -IC:\Users\Max\.platformio\packages\framework-espidf\components\esp_hw_support\include\soc -IC:\Users\Max\.platformio\packages\framework-espidf\components\esp_hw_support\include\soc\esp32 -IC:\Users\Max\.platformio\packages\framework-espidf\components\esp_hw_support\dma\include -IC:\Users\Max\.platformio\packages\framework-espidf\components\esp_hw_support\ldo\include -IC:\Users\Max\.platformio\packages\framework-espidf\components\esp_hw_support\port\esp32 -IC:\Users\Max\.platformio\packages\framework-espidf\components\esp_hw_support\port\esp32\include -IC:\Users\Max\.platformio\packages\framework-espidf\components\heap\include -IC:\Users\Max\.platformio\packages\framework-espidf\components\log\include -IC:\Users\Max\.platformio\packages\framework-espidf\components\soc\include -IC:\Users\Max\.platformio\packages\framework-espidf\components\soc\esp32 -IC:\Users\Max\.platformio\packages\framework-espidf\components\soc\esp32\include -IC:\Users\Max\.platformio\packages\framework-espidf\components\hal\platform_port\include -IC:\Users\Max\.platformio\packages\framework-espidf\components\hal\esp32\include -IC:\Users\Max\.platformio\packages\framework-espidf\components\hal\include -IC:\Users\Max\.platformio\packages\framework-espidf\components\esp_rom\include -IC:\Users\Max\.platformio\packages\framework-espidf\components\esp_rom\include\esp32 -IC:\Users\Max\.platformio\packages\framework-espidf\components\esp_rom\esp32 -IC:\Users\Max\.platformio\packages\framework-espidf\components\esp_common\include -IC:\Users\Max\.platformio\packages\framework-espidf\components\esp_system\include -IC:\Users\Max\.platformio\packages\framework-espidf\components\esp_system\port\soc -IC:\Users\Max\.platformio\packages\framework-espidf\components\esp_system\port\include\private -IC:\Users\Max\.platformio\packages\framework-espidf\components\xtensa\esp32\include -IC:\Users\Max\.platformio\packages\framework-espidf\components\xtensa\include -IC:\Users\Max\.platformio\packages\framework-espidf\components\xtensa\deprecated_include -IC:\Users\Max\.platformio\packages\framework-espidf\components\lwip\include -IC:\Users\Max\.platformio\packages\framework-espidf\components\lwip\include\apps -IC:\Users\Max\.platformio\packages\framework-espidf\components\lwip\include\apps\sntp -IC:\Users\Max\.platformio\packages\framework-espidf\components\lwip\lwip\src\include -IC:\Users\Max\.platformio\packages\framework-espidf\components\lwip\port\include -IC:\Users\Max\.platformio\packages\framework-espidf\components\lwip\port\freertos\include -IC:\Users\Max\.platformio\packages\framework-espidf\components\lwip\port\esp32xx\include -IC:\Users\Max\.platformio\packages\framework-espidf\components\lwip\port\esp32xx\include\arch -IC:\Users\Max\.platformio\packages\framework-espidf\components\lwip\port\esp32xx\include\sys -IC:\Users\Max\.platformio\packages\framework-espidf\components\vfs\include -IC:\Users\Max\.platformio\packages\framework-espidf\components\esp_vfs_console\include -IC:\Users\Max\.platformio\packages\framework-espidf\components\esp_driver_uart\include -IC:\Users\Max\.platformio\packages\framework-espidf\components\esp_driver_usb_serial_jtag\include C:\Users\Max\.platformio\packages\framework-espidf\components\console\commands.c
xtensa-esp32-elf-gcc -o .pio\build\esp32dev\console\esp_console_common.c.o -c -Wno-pointer-sign -std=gnu17 -mlongcalls -Wno-frame-address -fno-builtin-memcpy -fno-builtin-memset -fno-builtin-bzero -fno-builtin-stpcpy -fno-builtin-strncpy -ffunction-sections -fdata-sections -Wall -Werror=all -Wno-error=unused-function -Wno-error=unused-variable -Wno-error=unused-but-set-variable -Wno-error=deprecated-declarations -Wextra -Wno-unused-parameter -Wno-sign-compare -Wno-enum-conversion -gdwarf-4 -ggdb -Og -fno-shrink-wrap -fmacro-prefix-map=C:/Users/Max/temp/espidf-hello-world=. -fmacro-prefix-map=C:/Users/Max/.platformio/packages/framework-espidf=/IDF -fstrict-volatile-bitfields -fno-jump-tables -fno-tree-switch-conversion -Wno-old-style-declaration -DPLATFORMIO=60115 -DARDUINO_ESP32_DEV -DESP_PLATFORM -DIDF_VER=\"5.3.0\" -DSOC_MMU_PAGE_SIZE=CONFIG_MMU_PAGE_SIZE -DSOC_XTAL_FREQ_MHZ=CONFIG_XTAL_FREQ -D_GLIBCXX_HAVE_POSIX_SEMAPHORE -D_GLIBCXX_USE_POSIX_SEMAPHORE -D_GNU_SOURCE -D_POSIX_READER_WRITER_LOCKS -I.pio\build\esp32dev\config -IC:\Users\Max\.platformio\packages\framework-espidf\components\console -IC:\Users\Max\.platformio\packages\framework-espidf\components\console\private_include -IC:\Users\Max\.platformio\packages\framework-espidf\components\newlib\platform_include -IC:\Users\Max\.platformio\packages\framework-espidf\components\freertos\config\include -IC:\Users\Max\.platformio\packages\framework-espidf\components\freertos\config\include\freertos -IC:\Users\Max\.platformio\packages\framework-espidf\components\freertos\config\xtensa\include -IC:\Users\Max\.platformio\packages\framework-espidf\components\freertos\FreeRTOS-Kernel\include -IC:\Users\Max\.platformio\packages\framework-espidf\components\freertos\FreeRTOS-Kernel\portable\xtensa\include -IC:\Users\Max\.platformio\packages\framework-espidf\components\freertos\FreeRTOS-Kernel\portable\xtensa\include\freertos -IC:\Users\Max\.platformio\packages\framework-espidf\components\freertos\esp_additions\include -IC:\Users\Max\.platformio\packages\framework-espidf\components\esp_hw_support\include -IC:\Users\Max\.platformio\packages\framework-espidf\components\esp_hw_support\include\soc -IC:\Users\Max\.platformio\packages\framework-espidf\components\esp_hw_support\include\soc\esp32 -IC:\Users\Max\.platformio\packages\framework-espidf\components\esp_hw_support\dma\include -IC:\Users\Max\.platformio\packages\framework-espidf\components\esp_hw_support\ldo\include -IC:\Users\Max\.platformio\packages\framework-espidf\components\esp_hw_support\port\esp32 -IC:\Users\Max\.platformio\packages\framework-espidf\components\esp_hw_support\port\esp32\include -IC:\Users\Max\.platformio\packages\framework-espidf\components\heap\include -IC:\Users\Max\.platformio\packages\framework-espidf\components\log\include -IC:\Users\Max\.platformio\packages\framework-espidf\components\soc\include -IC:\Users\Max\.platformio\packages\framework-espidf\components\soc\esp32 -IC:\Users\Max\.platformio\packages\framework-espidf\components\soc\esp32\include -IC:\Users\Max\.platformio\packages\framework-espidf\components\hal\platform_port\include -IC:\Users\Max\.platformio\packages\framework-espidf\components\hal\esp32\include -IC:\Users\Max\.platformio\packages\framework-espidf\components\hal\include -IC:\Users\Max\.platformio\packages\framework-espidf\components\esp_rom\include -IC:\Users\Max\.platformio\packages\framework-espidf\components\esp_rom\include\esp32 -IC:\Users\Max\.platformio\packages\framework-espidf\components\esp_rom\esp32 -IC:\Users\Max\.platformio\packages\framework-espidf\components\esp_common\include -IC:\Users\Max\.platformio\packages\framework-espidf\components\esp_system\include -IC:\Users\Max\.platformio\packages\framework-espidf\components\esp_system\port\soc -IC:\Users\Max\.platformio\packages\framework-espidf\components\esp_system\port\include\private -IC:\Users\Max\.platformio\packages\framework-espidf\components\xtensa\esp32\include -IC:\Users\Max\.platformio\packages\framework-espidf\components\xtensa\include -IC:\Users\Max\.platformio\packages\framework-espidf\components\xtensa\deprecated_include -IC:\Users\Max\.platformio\packages\framework-espidf\components\lwip\include -IC:\Users\Max\.platformio\packages\framework-espidf\components\lwip\include\apps -IC:\Users\Max\.platformio\packages\framework-espidf\components\lwip\include\apps\sntp -IC:\Users\Max\.platformio\packages\framework-espidf\components\lwip\lwip\src\include -IC:\Users\Max\.platformio\packages\framework-espidf\components\lwip\port\include -IC:\Users\Max\.platformio\packages\framework-espidf\components\lwip\port\freertos\include -IC:\Users\Max\.platformio\packages\framework-espidf\components\lwip\port\esp32xx\include -IC:\Users\Max\.platformio\packages\framework-espidf\components\lwip\port\esp32xx\include\arch -IC:\Users\Max\.platformio\packages\framework-espidf\components\lwip\port\esp32xx\include\sys -IC:\Users\Max\.platformio\packages\framework-espidf\components\vfs\include -IC:\Users\Max\.platformio\packages\framework-espidf\components\esp_vfs_console\include -IC:\Users\Max\.platformio\packages\framework-espidf\components\esp_driver_uart\include -IC:\Users\Max\.platformio\packages\framework-espidf\components\esp_driver_usb_serial_jtag\include C:\Users\Max\.platformio\packages\framework-espidf\components\console\esp_console_common.c
xtensa-esp32-elf-gcc -o .pio\build\esp32dev\console\split_argv.c.o -c -Wno-pointer-sign -std=gnu17 -mlongcalls -Wno-frame-address -fno-builtin-memcpy -fno-builtin-memset -fno-builtin-bzero -fno-builtin-stpcpy -fno-builtin-strncpy -ffunction-sections -fdata-sections -Wall -Werror=all -Wno-error=unused-function -Wno-error=unused-variable -Wno-error=unused-but-set-variable -Wno-error=deprecated-declarations -Wextra -Wno-unused-parameter -Wno-sign-compare -Wno-enum-conversion -gdwarf-4 -ggdb -Og -fno-shrink-wrap -fmacro-prefix-map=C:/Users/Max/temp/espidf-hello-world=. -fmacro-prefix-map=C:/Users/Max/.platformio/packages/framework-espidf=/IDF -fstrict-volatile-bitfields -fno-jump-tables -fno-tree-switch-conversion -Wno-old-style-declaration -DPLATFORMIO=60115 -DARDUINO_ESP32_DEV -DESP_PLATFORM -DIDF_VER=\"5.3.0\" -DSOC_MMU_PAGE_SIZE=CONFIG_MMU_PAGE_SIZE -DSOC_XTAL_FREQ_MHZ=CONFIG_XTAL_FREQ -D_GLIBCXX_HAVE_POSIX_SEMAPHORE -D_GLIBCXX_USE_POSIX_SEMAPHORE -D_GNU_SOURCE -D_POSIX_READER_WRITER_LOCKS -I.pio\build\esp32dev\config -IC:\Users\Max\.platformio\packages\framework-espidf\components\console -IC:\Users\Max\.platformio\packages\framework-espidf\components\console\private_include -IC:\Users\Max\.platformio\packages\framework-espidf\components\newlib\platform_include -IC:\Users\Max\.platformio\packages\framework-espidf\components\freertos\config\include -IC:\Users\Max\.platformio\packages\framework-espidf\components\freertos\config\include\freertos -IC:\Users\Max\.platformio\packages\framework-espidf\components\freertos\config\xtensa\include -IC:\Users\Max\.platformio\packages\framework-espidf\components\freertos\FreeRTOS-Kernel\include -IC:\Users\Max\.platformio\packages\framework-espidf\components\freertos\FreeRTOS-Kernel\portable\xtensa\include -IC:\Users\Max\.platformio\packages\framework-espidf\components\freertos\FreeRTOS-Kernel\portable\xtensa\include\freertos -IC:\Users\Max\.platformio\packages\framework-espidf\components\freertos\esp_additions\include -IC:\Users\Max\.platformio\packages\framework-espidf\components\esp_hw_support\include -IC:\Users\Max\.platformio\packages\framework-espidf\components\esp_hw_support\include\soc -IC:\Users\Max\.platformio\packages\framework-espidf\components\esp_hw_support\include\soc\esp32 -IC:\Users\Max\.platformio\packages\framework-espidf\components\esp_hw_support\dma\include -IC:\Users\Max\.platformio\packages\framework-espidf\components\esp_hw_support\ldo\include -IC:\Users\Max\.platformio\packages\framework-espidf\components\esp_hw_support\port\esp32 -IC:\Users\Max\.platformio\packages\framework-espidf\components\esp_hw_support\port\esp32\include -IC:\Users\Max\.platformio\packages\framework-espidf\components\heap\include -IC:\Users\Max\.platformio\packages\framework-espidf\components\log\include -IC:\Users\Max\.platformio\packages\framework-espidf\components\soc\include -IC:\Users\Max\.platformio\packages\framework-espidf\components\soc\esp32 -IC:\Users\Max\.platformio\packages\framework-espidf\components\soc\esp32\include -IC:\Users\Max\.platformio\packages\framework-espidf\components\hal\platform_port\include -IC:\Users\Max\.platformio\packages\framework-espidf\components\hal\esp32\include -IC:\Users\Max\.platformio\packages\framework-espidf\components\hal\include -IC:\Users\Max\.platformio\packages\framework-espidf\components\esp_rom\include -IC:\Users\Max\.platformio\packages\framework-espidf\components\esp_rom\include\esp32 -IC:\Users\Max\.platformio\packages\framework-espidf\components\esp_rom\esp32 -IC:\Users\Max\.platformio\packages\framework-espidf\components\esp_common\include -IC:\Users\Max\.platformio\packages\framework-espidf\components\esp_system\include -IC:\Users\Max\.platformio\packages\framework-espidf\components\esp_system\port\soc -IC:\Users\Max\.platformio\packages\framework-espidf\components\esp_system\port\include\private -IC:\Users\Max\.platformio\packages\framework-espidf\components\xtensa\esp32\include -IC:\Users\Max\.platformio\packages\framework-espidf\components\xtensa\include -IC:\Users\Max\.platformio\packages\framework-espidf\components\xtensa\deprecated_include -IC:\Users\Max\.platformio\packages\framework-espidf\components\lwip\include -IC:\Users\Max\.platformio\packages\framework-espidf\components\lwip\include\apps -IC:\Users\Max\.platformio\packages\framework-espidf\components\lwip\include\apps\sntp -IC:\Users\Max\.platformio\packages\framework-espidf\components\lwip\lwip\src\include -IC:\Users\Max\.platformio\packages\framework-espidf\components\lwip\port\include -IC:\Users\Max\.platformio\packages\framework-espidf\components\lwip\port\freertos\include -IC:\Users\Max\.platformio\packages\framework-espidf\components\lwip\port\esp32xx\include -IC:\Users\Max\.platformio\packages\framework-espidf\components\lwip\port\esp32xx\include\arch -IC:\Users\Max\.platformio\packages\framework-espidf\components\lwip\port\esp32xx\include\sys -IC:\Users\Max\.platformio\packages\framework-espidf\components\vfs\include -IC:\Users\Max\.platformio\packages\framework-espidf\components\esp_vfs_console\include -IC:\Users\Max\.platformio\packages\framework-espidf\components\esp_driver_uart\include -IC:\Users\Max\.platformio\packages\framework-espidf\components\esp_driver_usb_serial_jtag\include C:\Users\Max\.platformio\packages\framework-espidf\components\console\split_argv.c
xtensa-esp32-elf-gcc -o .pio\build\esp32dev\console\linenoise\linenoise.c.o -c -Wno-pointer-sign -std=gnu17 -mlongcalls -Wno-frame-address -fno-builtin-memcpy -fno-builtin-memset -fno-builtin-bzero -fno-builtin-stpcpy -fno-builtin-strncpy -ffunction-sections -fdata-sections -Wall -Werror=all -Wno-error=unused-function -Wno-error=unused-variable -Wno-error=unused-but-set-variable -Wno-error=deprecated-declarations -Wextra -Wno-unused-parameter -Wno-sign-compare -Wno-enum-conversion -gdwarf-4 -ggdb -Og -fno-shrink-wrap -fmacro-prefix-map=C:/Users/Max/temp/espidf-hello-world=. -fmacro-prefix-map=C:/Users/Max/.platformio/packages/framework-espidf=/IDF -fstrict-volatile-bitfields -fno-jump-tables -fno-tree-switch-conversion -Wno-old-style-declaration -DPLATFORMIO=60115 -DARDUINO_ESP32_DEV -DESP_PLATFORM -DIDF_VER=\"5.3.0\" -DSOC_MMU_PAGE_SIZE=CONFIG_MMU_PAGE_SIZE -DSOC_XTAL_FREQ_MHZ=CONFIG_XTAL_FREQ -D_GLIBCXX_HAVE_POSIX_SEMAPHORE -D_GLIBCXX_USE_POSIX_SEMAPHORE -D_GNU_SOURCE -D_POSIX_READER_WRITER_LOCKS -I.pio\build\esp32dev\config -IC:\Users\Max\.platformio\packages\framework-espidf\components\console -IC:\Users\Max\.platformio\packages\framework-espidf\components\console\private_include -IC:\Users\Max\.platformio\packages\framework-espidf\components\newlib\platform_include -IC:\Users\Max\.platformio\packages\framework-espidf\components\freertos\config\include -IC:\Users\Max\.platformio\packages\framework-espidf\components\freertos\config\include\freertos -IC:\Users\Max\.platformio\packages\framework-espidf\components\freertos\config\xtensa\include -IC:\Users\Max\.platformio\packages\framework-espidf\components\freertos\FreeRTOS-Kernel\include -IC:\Users\Max\.platformio\packages\framework-espidf\components\freertos\FreeRTOS-Kernel\portable\xtensa\include -IC:\Users\Max\.platformio\packages\framework-espidf\components\freertos\FreeRTOS-Kernel\portable\xtensa\include\freertos -IC:\Users\Max\.platformio\packages\framework-espidf\components\freertos\esp_additions\include -IC:\Users\Max\.platformio\packages\framework-espidf\components\esp_hw_support\include -IC:\Users\Max\.platformio\packages\framework-espidf\components\esp_hw_support\include\soc -IC:\Users\Max\.platformio\packages\framework-espidf\components\esp_hw_support\include\soc\esp32 -IC:\Users\Max\.platformio\packages\framework-espidf\components\esp_hw_support\dma\include -IC:\Users\Max\.platformio\packages\framework-espidf\components\esp_hw_support\ldo\include -IC:\Users\Max\.platformio\packages\framework-espidf\components\esp_hw_support\port\esp32 -IC:\Users\Max\.platformio\packages\framework-espidf\components\esp_hw_support\port\esp32\include -IC:\Users\Max\.platformio\packages\framework-espidf\components\heap\include -IC:\Users\Max\.platformio\packages\framework-espidf\components\log\include -IC:\Users\Max\.platformio\packages\framework-espidf\components\soc\include -IC:\Users\Max\.platformio\packages\framework-espidf\components\soc\esp32 -IC:\Users\Max\.platformio\packages\framework-espidf\components\soc\esp32\include -IC:\Users\Max\.platformio\packages\framework-espidf\components\hal\platform_port\include -IC:\Users\Max\.platformio\packages\framework-espidf\components\hal\esp32\include -IC:\Users\Max\.platformio\packages\framework-espidf\components\hal\include -IC:\Users\Max\.platformio\packages\framework-espidf\components\esp_rom\include -IC:\Users\Max\.platformio\packages\framework-espidf\components\esp_rom\include\esp32 -IC:\Users\Max\.platformio\packages\framework-espidf\components\esp_rom\esp32 -IC:\Users\Max\.platformio\packages\framework-espidf\components\esp_common\include -IC:\Users\Max\.platformio\packages\framework-espidf\components\esp_system\include -IC:\Users\Max\.platformio\packages\framework-espidf\components\esp_system\port\soc -IC:\Users\Max\.platformio\packages\framework-espidf\components\esp_system\port\include\private -IC:\Users\Max\.platformio\packages\framework-espidf\components\xtensa\esp32\include -IC:\Users\Max\.platformio\packages\framework-espidf\components\xtensa\include -IC:\Users\Max\.platformio\packages\framework-espidf\components\xtensa\deprecated_include -IC:\Users\Max\.platformio\packages\framework-espidf\components\lwip\include -IC:\Users\Max\.platformio\packages\framework-espidf\components\lwip\include\apps -IC:\Users\Max\.platformio\packages\framework-espidf\components\lwip\include\apps\sntp -IC:\Users\Max\.platformio\packages\framework-espidf\components\lwip\lwip\src\include -IC:\Users\Max\.platformio\packages\framework-espidf\components\lwip\port\include -IC:\Users\Max\.platformio\packages\framework-espidf\components\lwip\port\freertos\include -IC:\Users\Max\.platformio\packages\framework-espidf\components\lwip\port\esp32xx\include -IC:\Users\Max\.platformio\packages\framework-espidf\components\lwip\port\esp32xx\include\arch -IC:\Users\Max\.platformio\packages\framework-espidf\components\lwip\port\esp32xx\include\sys -IC:\Users\Max\.platformio\packages\framework-espidf\components\vfs\include -IC:\Users\Max\.platformio\packages\framework-espidf\components\esp_vfs_console\include -IC:\Users\Max\.platformio\packages\framework-espidf\components\esp_driver_uart\include -IC:\Users\Max\.platformio\packages\framework-espidf\components\esp_driver_usb_serial_jtag\include C:\Users\Max\.platformio\packages\framework-espidf\components\console\linenoise\linenoise.c
xtensa-esp32-elf-gcc -o .pio\build\esp32dev\console\esp_console_repl_chip.c.o -c -Wno-pointer-sign -std=gnu17 -mlongcalls -Wno-frame-address -fno-builtin-memcpy -fno-builtin-memset -fno-builtin-bzero -fno-builtin-stpcpy -fno-builtin-strncpy -ffunction-sections -fdata-sections -Wall -Werror=all -Wno-error=unused-function -Wno-error=unused-variable -Wno-error=unused-but-set-variable -Wno-error=deprecated-declarations -Wextra -Wno-unused-parameter -Wno-sign-compare -Wno-enum-conversion -gdwarf-4 -ggdb -Og -fno-shrink-wrap -fmacro-prefix-map=C:/Users/Max/temp/espidf-hello-world=. -fmacro-prefix-map=C:/Users/Max/.platformio/packages/framework-espidf=/IDF -fstrict-volatile-bitfields -fno-jump-tables -fno-tree-switch-conversion -Wno-old-style-declaration -DPLATFORMIO=60115 -DARDUINO_ESP32_DEV -DESP_PLATFORM -DIDF_VER=\"5.3.0\" -DSOC_MMU_PAGE_SIZE=CONFIG_MMU_PAGE_SIZE -DSOC_XTAL_FREQ_MHZ=CONFIG_XTAL_FREQ -D_GLIBCXX_HAVE_POSIX_SEMAPHORE -D_GLIBCXX_USE_POSIX_SEMAPHORE -D_GNU_SOURCE -D_POSIX_READER_WRITER_LOCKS -I.pio\build\esp32dev\config -IC:\Users\Max\.platformio\packages\framework-espidf\components\console -IC:\Users\Max\.platformio\packages\framework-espidf\components\console\private_include -IC:\Users\Max\.platformio\packages\framework-espidf\components\newlib\platform_include -IC:\Users\Max\.platformio\packages\framework-espidf\components\freertos\config\include -IC:\Users\Max\.platformio\packages\framework-espidf\components\freertos\config\include\freertos -IC:\Users\Max\.platformio\packages\framework-espidf\components\freertos\config\xtensa\include -IC:\Users\Max\.platformio\packages\framework-espidf\components\freertos\FreeRTOS-Kernel\include -IC:\Users\Max\.platformio\packages\framework-espidf\components\freertos\FreeRTOS-Kernel\portable\xtensa\include -IC:\Users\Max\.platformio\packages\framework-espidf\components\freertos\FreeRTOS-Kernel\portable\xtensa\include\freertos -IC:\Users\Max\.platformio\packages\framework-espidf\components\freertos\esp_additions\include -IC:\Users\Max\.platformio\packages\framework-espidf\components\esp_hw_support\include -IC:\Users\Max\.platformio\packages\framework-espidf\components\esp_hw_support\include\soc -IC:\Users\Max\.platformio\packages\framework-espidf\components\esp_hw_support\include\soc\esp32 -IC:\Users\Max\.platformio\packages\framework-espidf\components\esp_hw_support\dma\include -IC:\Users\Max\.platformio\packages\framework-espidf\components\esp_hw_support\ldo\include -IC:\Users\Max\.platformio\packages\framework-espidf\components\esp_hw_support\port\esp32 -IC:\Users\Max\.platformio\packages\framework-espidf\components\esp_hw_support\port\esp32\include -IC:\Users\Max\.platformio\packages\framework-espidf\components\heap\include -IC:\Users\Max\.platformio\packages\framework-espidf\components\log\include -IC:\Users\Max\.platformio\packages\framework-espidf\components\soc\include -IC:\Users\Max\.platformio\packages\framework-espidf\components\soc\esp32 -IC:\Users\Max\.platformio\packages\framework-espidf\components\soc\esp32\include -IC:\Users\Max\.platformio\packages\framework-espidf\components\hal\platform_port\include -IC:\Users\Max\.platformio\packages\framework-espidf\components\hal\esp32\include -IC:\Users\Max\.platformio\packages\framework-espidf\components\hal\include -IC:\Users\Max\.platformio\packages\framework-espidf\components\esp_rom\include -IC:\Users\Max\.platformio\packages\framework-espidf\components\esp_rom\include\esp32 -IC:\Users\Max\.platformio\packages\framework-espidf\components\esp_rom\esp32 -IC:\Users\Max\.platformio\packages\framework-espidf\components\esp_common\include -IC:\Users\Max\.platformio\packages\framework-espidf\components\esp_system\include -IC:\Users\Max\.platformio\packages\framework-espidf\components\esp_system\port\soc -IC:\Users\Max\.platformio\packages\framework-espidf\components\esp_system\port\include\private -IC:\Users\Max\.platformio\packages\framework-espidf\components\xtensa\esp32\include -IC:\Users\Max\.platformio\packages\framework-espidf\components\xtensa\include -IC:\Users\Max\.platformio\packages\framework-espidf\components\xtensa\deprecated_include -IC:\Users\Max\.platformio\packages\framework-espidf\components\lwip\include -IC:\Users\Max\.platformio\packages\framework-espidf\components\lwip\include\apps -IC:\Users\Max\.platformio\packages\framework-espidf\components\lwip\include\apps\sntp -IC:\Users\Max\.platformio\packages\framework-espidf\components\lwip\lwip\src\include -IC:\Users\Max\.platformio\packages\framework-espidf\components\lwip\port\include -IC:\Users\Max\.platformio\packages\framework-espidf\components\lwip\port\freertos\include -IC:\Users\Max\.platformio\packages\framework-espidf\components\lwip\port\esp32xx\include -IC:\Users\Max\.platformio\packages\framework-espidf\components\lwip\port\esp32xx\include\arch -IC:\Users\Max\.platformio\packages\framework-espidf\components\lwip\port\esp32xx\include\sys -IC:\Users\Max\.platformio\packages\framework-espidf\components\vfs\include -IC:\Users\Max\.platformio\packages\framework-espidf\components\esp_vfs_console\include -IC:\Users\Max\.platformio\packages\framework-espidf\components\esp_driver_uart\include -IC:\Users\Max\.platformio\packages\framework-espidf\components\esp_driver_usb_serial_jtag\include C:\Users\Max\.platformio\packages\framework-espidf\components\console\esp_console_repl_chip.c
xtensa-esp32-elf-gcc -o .pio\build\esp32dev\console\argtable3\arg_cmd.c.o -c -Wno-pointer-sign -std=gnu17 -mlongcalls -Wno-frame-address -fno-builtin-memcpy -fno-builtin-memset -fno-builtin-bzero -fno-builtin-stpcpy -fno-builtin-strncpy -ffunction-sections -fdata-sections -Wall -Werror=all -Wno-error=unused-function -Wno-error=unused-variable -Wno-error=unused-but-set-variable -Wno-error=deprecated-declarations -Wextra -Wno-unused-parameter -Wno-sign-compare -Wno-enum-conversion -gdwarf-4 -ggdb -Og -fno-shrink-wrap -fmacro-prefix-map=C:/Users/Max/temp/espidf-hello-world=. -fmacro-prefix-map=C:/Users/Max/.platformio/packages/framework-espidf=/IDF -fstrict-volatile-bitfields -fno-jump-tables -fno-tree-switch-conversion -Wno-old-style-declaration -DPLATFORMIO=60115 -DARDUINO_ESP32_DEV -DESP_PLATFORM -DIDF_VER=\"5.3.0\" -DSOC_MMU_PAGE_SIZE=CONFIG_MMU_PAGE_SIZE -DSOC_XTAL_FREQ_MHZ=CONFIG_XTAL_FREQ -D_GLIBCXX_HAVE_POSIX_SEMAPHORE -D_GLIBCXX_USE_POSIX_SEMAPHORE -D_GNU_SOURCE -D_POSIX_READER_WRITER_LOCKS -I.pio\build\esp32dev\config -IC:\Users\Max\.platformio\packages\framework-espidf\components\console -IC:\Users\Max\.platformio\packages\framework-espidf\components\console\private_include -IC:\Users\Max\.platformio\packages\framework-espidf\components\newlib\platform_include -IC:\Users\Max\.platformio\packages\framework-espidf\components\freertos\config\include -IC:\Users\Max\.platformio\packages\framework-espidf\components\freertos\config\include\freertos -IC:\Users\Max\.platformio\packages\framework-espidf\components\freertos\config\xtensa\include -IC:\Users\Max\.platformio\packages\framework-espidf\components\freertos\FreeRTOS-Kernel\include -IC:\Users\Max\.platformio\packages\framework-espidf\components\freertos\FreeRTOS-Kernel\portable\xtensa\include -IC:\Users\Max\.platformio\packages\framework-espidf\components\freertos\FreeRTOS-Kernel\portable\xtensa\include\freertos -IC:\Users\Max\.platformio\packages\framework-espidf\components\freertos\esp_additions\include -IC:\Users\Max\.platformio\packages\framework-espidf\components\esp_hw_support\include -IC:\Users\Max\.platformio\packages\framework-espidf\components\esp_hw_support\include\soc -IC:\Users\Max\.platformio\packages\framework-espidf\components\esp_hw_support\include\soc\esp32 -IC:\Users\Max\.platformio\packages\framework-espidf\components\esp_hw_support\dma\include -IC:\Users\Max\.platformio\packages\framework-espidf\components\esp_hw_support\ldo\include -IC:\Users\Max\.platformio\packages\framework-espidf\components\esp_hw_support\port\esp32 -IC:\Users\Max\.platformio\packages\framework-espidf\components\esp_hw_support\port\esp32\include -IC:\Users\Max\.platformio\packages\framework-espidf\components\heap\include -IC:\Users\Max\.platformio\packages\framework-espidf\components\log\include -IC:\Users\Max\.platformio\packages\framework-espidf\components\soc\include -IC:\Users\Max\.platformio\packages\framework-espidf\components\soc\esp32 -IC:\Users\Max\.platformio\packages\framework-espidf\components\soc\esp32\include -IC:\Users\Max\.platformio\packages\framework-espidf\components\hal\platform_port\include -IC:\Users\Max\.platformio\packages\framework-espidf\components\hal\esp32\include -IC:\Users\Max\.platformio\packages\framework-espidf\components\hal\include -IC:\Users\Max\.platformio\packages\framework-espidf\components\esp_rom\include -IC:\Users\Max\.platformio\packages\framework-espidf\components\esp_rom\include\esp32 -IC:\Users\Max\.platformio\packages\framework-espidf\components\esp_rom\esp32 -IC:\Users\Max\.platformio\packages\framework-espidf\components\esp_common\include -IC:\Users\Max\.platformio\packages\framework-espidf\components\esp_system\include -IC:\Users\Max\.platformio\packages\framework-espidf\components\esp_system\port\soc -IC:\Users\Max\.platformio\packages\framework-espidf\components\esp_system\port\include\private -IC:\Users\Max\.platformio\packages\framework-espidf\components\xtensa\esp32\include -IC:\Users\Max\.platformio\packages\framework-espidf\components\xtensa\include -IC:\Users\Max\.platformio\packages\framework-espidf\components\xtensa\deprecated_include -IC:\Users\Max\.platformio\packages\framework-espidf\components\lwip\include -IC:\Users\Max\.platformio\packages\framework-espidf\components\lwip\include\apps -IC:\Users\Max\.platformio\packages\framework-espidf\components\lwip\include\apps\sntp -IC:\Users\Max\.platformio\packages\framework-espidf\components\lwip\lwip\src\include -IC:\Users\Max\.platformio\packages\framework-espidf\components\lwip\port\include -IC:\Users\Max\.platformio\packages\framework-espidf\components\lwip\port\freertos\include -IC:\Users\Max\.platformio\packages\framework-espidf\components\lwip\port\esp32xx\include -IC:\Users\Max\.platformio\packages\framework-espidf\components\lwip\port\esp32xx\include\arch -IC:\Users\Max\.platformio\packages\framework-espidf\components\lwip\port\esp32xx\include\sys -IC:\Users\Max\.platformio\packages\framework-espidf\components\vfs\include -IC:\Users\Max\.platformio\packages\framework-espidf\components\esp_vfs_console\include -IC:\Users\Max\.platformio\packages\framework-espidf\components\esp_driver_uart\include -IC:\Users\Max\.platformio\packages\framework-espidf\components\esp_driver_usb_serial_jtag\include C:\Users\Max\.platformio\packages\framework-espidf\components\console\argtable3\arg_cmd.c
xtensa-esp32-elf-gcc -o .pio\build\esp32dev\console\argtable3\arg_date.c.o -c -Wno-pointer-sign -std=gnu17 -mlongcalls -Wno-frame-address -fno-builtin-memcpy -fno-builtin-memset -fno-builtin-bzero -fno-builtin-stpcpy -fno-builtin-strncpy -ffunction-sections -fdata-sections -Wall -Werror=all -Wno-error=unused-function -Wno-error=unused-variable -Wno-error=unused-but-set-variable -Wno-error=deprecated-declarations -Wextra -Wno-unused-parameter -Wno-sign-compare -Wno-enum-conversion -gdwarf-4 -ggdb -Og -fno-shrink-wrap -fmacro-prefix-map=C:/Users/Max/temp/espidf-hello-world=. -fmacro-prefix-map=C:/Users/Max/.platformio/packages/framework-espidf=/IDF -fstrict-volatile-bitfields -fno-jump-tables -fno-tree-switch-conversion -Wno-old-style-declaration -DPLATFORMIO=60115 -DARDUINO_ESP32_DEV -DESP_PLATFORM -DIDF_VER=\"5.3.0\" -DSOC_MMU_PAGE_SIZE=CONFIG_MMU_PAGE_SIZE -DSOC_XTAL_FREQ_MHZ=CONFIG_XTAL_FREQ -D_GLIBCXX_HAVE_POSIX_SEMAPHORE -D_GLIBCXX_USE_POSIX_SEMAPHORE -D_GNU_SOURCE -D_POSIX_READER_WRITER_LOCKS -I.pio\build\esp32dev\config -IC:\Users\Max\.platformio\packages\framework-espidf\components\console -IC:\Users\Max\.platformio\packages\framework-espidf\components\console\private_include -IC:\Users\Max\.platformio\packages\framework-espidf\components\newlib\platform_include -IC:\Users\Max\.platformio\packages\framework-espidf\components\freertos\config\include -IC:\Users\Max\.platformio\packages\framework-espidf\components\freertos\config\include\freertos -IC:\Users\Max\.platformio\packages\framework-espidf\components\freertos\config\xtensa\include -IC:\Users\Max\.platformio\packages\framework-espidf\components\freertos\FreeRTOS-Kernel\include -IC:\Users\Max\.platformio\packages\framework-espidf\components\freertos\FreeRTOS-Kernel\portable\xtensa\include -IC:\Users\Max\.platformio\packages\framework-espidf\components\freertos\FreeRTOS-Kernel\portable\xtensa\include\freertos -IC:\Users\Max\.platformio\packages\framework-espidf\components\freertos\esp_additions\include -IC:\Users\Max\.platformio\packages\framework-espidf\components\esp_hw_support\include -IC:\Users\Max\.platformio\packages\framework-espidf\components\esp_hw_support\include\soc -IC:\Users\Max\.platformio\packages\framework-espidf\components\esp_hw_support\include\soc\esp32 -IC:\Users\Max\.platformio\packages\framework-espidf\components\esp_hw_support\dma\include -IC:\Users\Max\.platformio\packages\framework-espidf\components\esp_hw_support\ldo\include -IC:\Users\Max\.platformio\packages\framework-espidf\components\esp_hw_support\port\esp32 -IC:\Users\Max\.platformio\packages\framework-espidf\components\esp_hw_support\port\esp32\include -IC:\Users\Max\.platformio\packages\framework-espidf\components\heap\include -IC:\Users\Max\.platformio\packages\framework-espidf\components\log\include -IC:\Users\Max\.platformio\packages\framework-espidf\components\soc\include -IC:\Users\Max\.platformio\packages\framework-espidf\components\soc\esp32 -IC:\Users\Max\.platformio\packages\framework-espidf\components\soc\esp32\include -IC:\Users\Max\.platformio\packages\framework-espidf\components\hal\platform_port\include -IC:\Users\Max\.platformio\packages\framework-espidf\components\hal\esp32\include -IC:\Users\Max\.platformio\packages\framework-espidf\components\hal\include -IC:\Users\Max\.platformio\packages\framework-espidf\components\esp_rom\include -IC:\Users\Max\.platformio\packages\framework-espidf\components\esp_rom\include\esp32 -IC:\Users\Max\.platformio\packages\framework-espidf\components\esp_rom\esp32 -IC:\Users\Max\.platformio\packages\framework-espidf\components\esp_common\include -IC:\Users\Max\.platformio\packages\framework-espidf\components\esp_system\include -IC:\Users\Max\.platformio\packages\framework-espidf\components\esp_system\port\soc -IC:\Users\Max\.platformio\packages\framework-espidf\components\esp_system\port\include\private -IC:\Users\Max\.platformio\packages\framework-espidf\components\xtensa\esp32\include -IC:\Users\Max\.platformio\packages\framework-espidf\components\xtensa\include -IC:\Users\Max\.platformio\packages\framework-espidf\components\xtensa\deprecated_include -IC:\Users\Max\.platformio\packages\framework-espidf\components\lwip\include -IC:\Users\Max\.platformio\packages\framework-espidf\components\lwip\include\apps -IC:\Users\Max\.platformio\packages\framework-espidf\components\lwip\include\apps\sntp -IC:\Users\Max\.platformio\packages\framework-espidf\components\lwip\lwip\src\include -IC:\Users\Max\.platformio\packages\framework-espidf\components\lwip\port\include -IC:\Users\Max\.platformio\packages\framework-espidf\components\lwip\port\freertos\include -IC:\Users\Max\.platformio\packages\framework-espidf\components\lwip\port\esp32xx\include -IC:\Users\Max\.platformio\packages\framework-espidf\components\lwip\port\esp32xx\include\arch -IC:\Users\Max\.platformio\packages\framework-espidf\components\lwip\port\esp32xx\include\sys -IC:\Users\Max\.platformio\packages\framework-espidf\components\vfs\include -IC:\Users\Max\.platformio\packages\framework-espidf\components\esp_vfs_console\include -IC:\Users\Max\.platformio\packages\framework-espidf\components\esp_driver_uart\include -IC:\Users\Max\.platformio\packages\framework-espidf\components\esp_driver_usb_serial_jtag\include C:\Users\Max\.platformio\packages\framework-espidf\components\console\argtable3\arg_date.c
xtensa-esp32-elf-gcc -o .pio\build\esp32dev\console\argtable3\arg_dbl.c.o -c -Wno-pointer-sign -std=gnu17 -mlongcalls -Wno-frame-address -fno-builtin-memcpy -fno-builtin-memset -fno-builtin-bzero -fno-builtin-stpcpy -fno-builtin-strncpy -ffunction-sections -fdata-sections -Wall -Werror=all -Wno-error=unused-function -Wno-error=unused-variable -Wno-error=unused-but-set-variable -Wno-error=deprecated-declarations -Wextra -Wno-unused-parameter -Wno-sign-compare -Wno-enum-conversion -gdwarf-4 -ggdb -Og -fno-shrink-wrap -fmacro-prefix-map=C:/Users/Max/temp/espidf-hello-world=. -fmacro-prefix-map=C:/Users/Max/.platformio/packages/framework-espidf=/IDF -fstrict-volatile-bitfields -fno-jump-tables -fno-tree-switch-conversion -Wno-old-style-declaration -DPLATFORMIO=60115 -DARDUINO_ESP32_DEV -DESP_PLATFORM -DIDF_VER=\"5.3.0\" -DSOC_MMU_PAGE_SIZE=CONFIG_MMU_PAGE_SIZE -DSOC_XTAL_FREQ_MHZ=CONFIG_XTAL_FREQ -D_GLIBCXX_HAVE_POSIX_SEMAPHORE -D_GLIBCXX_USE_POSIX_SEMAPHORE -D_GNU_SOURCE -D_POSIX_READER_WRITER_LOCKS -I.pio\build\esp32dev\config -IC:\Users\Max\.platformio\packages\framework-espidf\components\console -IC:\Users\Max\.platformio\packages\framework-espidf\components\console\private_include -IC:\Users\Max\.platformio\packages\framework-espidf\components\newlib\platform_include -IC:\Users\Max\.platformio\packages\framework-espidf\components\freertos\config\include -IC:\Users\Max\.platformio\packages\framework-espidf\components\freertos\config\include\freertos -IC:\Users\Max\.platformio\packages\framework-espidf\components\freertos\config\xtensa\include -IC:\Users\Max\.platformio\packages\framework-espidf\components\freertos\FreeRTOS-Kernel\include -IC:\Users\Max\.platformio\packages\framework-espidf\components\freertos\FreeRTOS-Kernel\portable\xtensa\include -IC:\Users\Max\.platformio\packages\framework-espidf\components\freertos\FreeRTOS-Kernel\portable\xtensa\include\freertos -IC:\Users\Max\.platformio\packages\framework-espidf\components\freertos\esp_additions\include -IC:\Users\Max\.platformio\packages\framework-espidf\components\esp_hw_support\include -IC:\Users\Max\.platformio\packages\framework-espidf\components\esp_hw_support\include\soc -IC:\Users\Max\.platformio\packages\framework-espidf\components\esp_hw_support\include\soc\esp32 -IC:\Users\Max\.platformio\packages\framework-espidf\components\esp_hw_support\dma\include -IC:\Users\Max\.platformio\packages\framework-espidf\components\esp_hw_support\ldo\include -IC:\Users\Max\.platformio\packages\framework-espidf\components\esp_hw_support\port\esp32 -IC:\Users\Max\.platformio\packages\framework-espidf\components\esp_hw_support\port\esp32\include -IC:\Users\Max\.platformio\packages\framework-espidf\components\heap\include -IC:\Users\Max\.platformio\packages\framework-espidf\components\log\include -IC:\Users\Max\.platformio\packages\framework-espidf\components\soc\include -IC:\Users\Max\.platformio\packages\framework-espidf\components\soc\esp32 -IC:\Users\Max\.platformio\packages\framework-espidf\components\soc\esp32\include -IC:\Users\Max\.platformio\packages\framework-espidf\components\hal\platform_port\include -IC:\Users\Max\.platformio\packages\framework-espidf\components\hal\esp32\include -IC:\Users\Max\.platformio\packages\framework-espidf\components\hal\include -IC:\Users\Max\.platformio\packages\framework-espidf\components\esp_rom\include -IC:\Users\Max\.platformio\packages\framework-espidf\components\esp_rom\include\esp32 -IC:\Users\Max\.platformio\packages\framework-espidf\components\esp_rom\esp32 -IC:\Users\Max\.platformio\packages\framework-espidf\components\esp_common\include -IC:\Users\Max\.platformio\packages\framework-espidf\components\esp_system\include -IC:\Users\Max\.platformio\packages\framework-espidf\components\esp_system\port\soc -IC:\Users\Max\.platformio\packages\framework-espidf\components\esp_system\port\include\private -IC:\Users\Max\.platformio\packages\framework-espidf\components\xtensa\esp32\include -IC:\Users\Max\.platformio\packages\framework-espidf\components\xtensa\include -IC:\Users\Max\.platformio\packages\framework-espidf\components\xtensa\deprecated_include -IC:\Users\Max\.platformio\packages\framework-espidf\components\lwip\include -IC:\Users\Max\.platformio\packages\framework-espidf\components\lwip\include\apps -IC:\Users\Max\.platformio\packages\framework-espidf\components\lwip\include\apps\sntp -IC:\Users\Max\.platformio\packages\framework-espidf\components\lwip\lwip\src\include -IC:\Users\Max\.platformio\packages\framework-espidf\components\lwip\port\include -IC:\Users\Max\.platformio\packages\framework-espidf\components\lwip\port\freertos\include -IC:\Users\Max\.platformio\packages\framework-espidf\components\lwip\port\esp32xx\include -IC:\Users\Max\.platformio\packages\framework-espidf\components\lwip\port\esp32xx\include\arch -IC:\Users\Max\.platformio\packages\framework-espidf\components\lwip\port\esp32xx\include\sys -IC:\Users\Max\.platformio\packages\framework-espidf\components\vfs\include -IC:\Users\Max\.platformio\packages\framework-espidf\components\esp_vfs_console\include -IC:\Users\Max\.platformio\packages\framework-espidf\components\esp_driver_uart\include -IC:\Users\Max\.platformio\packages\framework-espidf\components\esp_driver_usb_serial_jtag\include C:\Users\Max\.platformio\packages\framework-espidf\components\console\argtable3\arg_dbl.c
xtensa-esp32-elf-gcc -o .pio\build\esp32dev\console\argtable3\arg_dstr.c.o -c -Wno-pointer-sign -std=gnu17 -mlongcalls -Wno-frame-address -fno-builtin-memcpy -fno-builtin-memset -fno-builtin-bzero -fno-builtin-stpcpy -fno-builtin-strncpy -ffunction-sections -fdata-sections -Wall -Werror=all -Wno-error=unused-function -Wno-error=unused-variable -Wno-error=unused-but-set-variable -Wno-error=deprecated-declarations -Wextra -Wno-unused-parameter -Wno-sign-compare -Wno-enum-conversion -gdwarf-4 -ggdb -Og -fno-shrink-wrap -fmacro-prefix-map=C:/Users/Max/temp/espidf-hello-world=. -fmacro-prefix-map=C:/Users/Max/.platformio/packages/framework-espidf=/IDF -fstrict-volatile-bitfields -fno-jump-tables -fno-tree-switch-conversion -Wno-old-style-declaration -DPLATFORMIO=60115 -DARDUINO_ESP32_DEV -DESP_PLATFORM -DIDF_VER=\"5.3.0\" -DSOC_MMU_PAGE_SIZE=CONFIG_MMU_PAGE_SIZE -DSOC_XTAL_FREQ_MHZ=CONFIG_XTAL_FREQ -D_GLIBCXX_HAVE_POSIX_SEMAPHORE -D_GLIBCXX_USE_POSIX_SEMAPHORE -D_GNU_SOURCE -D_POSIX_READER_WRITER_LOCKS -I.pio\build\esp32dev\config -IC:\Users\Max\.platformio\packages\framework-espidf\components\console -IC:\Users\Max\.platformio\packages\framework-espidf\components\console\private_include -IC:\Users\Max\.platformio\packages\framework-espidf\components\newlib\platform_include -IC:\Users\Max\.platformio\packages\framework-espidf\components\freertos\config\include -IC:\Users\Max\.platformio\packages\framework-espidf\components\freertos\config\include\freertos -IC:\Users\Max\.platformio\packages\framework-espidf\components\freertos\config\xtensa\include -IC:\Users\Max\.platformio\packages\framework-espidf\components\freertos\FreeRTOS-Kernel\include -IC:\Users\Max\.platformio\packages\framework-espidf\components\freertos\FreeRTOS-Kernel\portable\xtensa\include -IC:\Users\Max\.platformio\packages\framework-espidf\components\freertos\FreeRTOS-Kernel\portable\xtensa\include\freertos -IC:\Users\Max\.platformio\packages\framework-espidf\components\freertos\esp_additions\include -IC:\Users\Max\.platformio\packages\framework-espidf\components\esp_hw_support\include -IC:\Users\Max\.platformio\packages\framework-espidf\components\esp_hw_support\include\soc -IC:\Users\Max\.platformio\packages\framework-espidf\components\esp_hw_support\include\soc\esp32 -IC:\Users\Max\.platformio\packages\framework-espidf\components\esp_hw_support\dma\include -IC:\Users\Max\.platformio\packages\framework-espidf\components\esp_hw_support\ldo\include -IC:\Users\Max\.platformio\packages\framework-espidf\components\esp_hw_support\port\esp32 -IC:\Users\Max\.platformio\packages\framework-espidf\components\esp_hw_support\port\esp32\include -IC:\Users\Max\.platformio\packages\framework-espidf\components\heap\include -IC:\Users\Max\.platformio\packages\framework-espidf\components\log\include -IC:\Users\Max\.platformio\packages\framework-espidf\components\soc\include -IC:\Users\Max\.platformio\packages\framework-espidf\components\soc\esp32 -IC:\Users\Max\.platformio\packages\framework-espidf\components\soc\esp32\include -IC:\Users\Max\.platformio\packages\framework-espidf\components\hal\platform_port\include -IC:\Users\Max\.platformio\packages\framework-espidf\components\hal\esp32\include -IC:\Users\Max\.platformio\packages\framework-espidf\components\hal\include -IC:\Users\Max\.platformio\packages\framework-espidf\components\esp_rom\include -IC:\Users\Max\.platformio\packages\framework-espidf\components\esp_rom\include\esp32 -IC:\Users\Max\.platformio\packages\framework-espidf\components\esp_rom\esp32 -IC:\Users\Max\.platformio\packages\framework-espidf\components\esp_common\include -IC:\Users\Max\.platformio\packages\framework-espidf\components\esp_system\include -IC:\Users\Max\.platformio\packages\framework-espidf\components\esp_system\port\soc -IC:\Users\Max\.platformio\packages\framework-espidf\components\esp_system\port\include\private -IC:\Users\Max\.platformio\packages\framework-espidf\components\xtensa\esp32\include -IC:\Users\Max\.platformio\packages\framework-espidf\components\xtensa\include -IC:\Users\Max\.platformio\packages\framework-espidf\components\xtensa\deprecated_include -IC:\Users\Max\.platformio\packages\framework-espidf\components\lwip\include -IC:\Users\Max\.platformio\packages\framework-espidf\components\lwip\include\apps -IC:\Users\Max\.platformio\packages\framework-espidf\components\lwip\include\apps\sntp -IC:\Users\Max\.platformio\packages\framework-espidf\components\lwip\lwip\src\include -IC:\Users\Max\.platformio\packages\framework-espidf\components\lwip\port\include -IC:\Users\Max\.platformio\packages\framework-espidf\components\lwip\port\freertos\include -IC:\Users\Max\.platformio\packages\framework-espidf\components\lwip\port\esp32xx\include -IC:\Users\Max\.platformio\packages\framework-espidf\components\lwip\port\esp32xx\include\arch -IC:\Users\Max\.platformio\packages\framework-espidf\components\lwip\port\esp32xx\include\sys -IC:\Users\Max\.platformio\packages\framework-espidf\components\vfs\include -IC:\Users\Max\.platformio\packages\framework-espidf\components\esp_vfs_console\include -IC:\Users\Max\.platformio\packages\framework-espidf\components\esp_driver_uart\include -IC:\Users\Max\.platformio\packages\framework-espidf\components\esp_driver_usb_serial_jtag\include C:\Users\Max\.platformio\packages\framework-espidf\components\console\argtable3\arg_dstr.c
xtensa-esp32-elf-gcc -o .pio\build\esp32dev\console\argtable3\arg_end.c.o -c -Wno-pointer-sign -std=gnu17 -mlongcalls -Wno-frame-address -fno-builtin-memcpy -fno-builtin-memset -fno-builtin-bzero -fno-builtin-stpcpy -fno-builtin-strncpy -ffunction-sections -fdata-sections -Wall -Werror=all -Wno-error=unused-function -Wno-error=unused-variable -Wno-error=unused-but-set-variable -Wno-error=deprecated-declarations -Wextra -Wno-unused-parameter -Wno-sign-compare -Wno-enum-conversion -gdwarf-4 -ggdb -Og -fno-shrink-wrap -fmacro-prefix-map=C:/Users/Max/temp/espidf-hello-world=. -fmacro-prefix-map=C:/Users/Max/.platformio/packages/framework-espidf=/IDF -fstrict-volatile-bitfields -fno-jump-tables -fno-tree-switch-conversion -Wno-old-style-declaration -DPLATFORMIO=60115 -DARDUINO_ESP32_DEV -DESP_PLATFORM -DIDF_VER=\"5.3.0\" -DSOC_MMU_PAGE_SIZE=CONFIG_MMU_PAGE_SIZE -DSOC_XTAL_FREQ_MHZ=CONFIG_XTAL_FREQ -D_GLIBCXX_HAVE_POSIX_SEMAPHORE -D_GLIBCXX_USE_POSIX_SEMAPHORE -D_GNU_SOURCE -D_POSIX_READER_WRITER_LOCKS -I.pio\build\esp32dev\config -IC:\Users\Max\.platformio\packages\framework-espidf\components\console -IC:\Users\Max\.platformio\packages\framework-espidf\components\console\private_include -IC:\Users\Max\.platformio\packages\framework-espidf\components\newlib\platform_include -IC:\Users\Max\.platformio\packages\framework-espidf\components\freertos\config\include -IC:\Users\Max\.platformio\packages\framework-espidf\components\freertos\config\include\freertos -IC:\Users\Max\.platformio\packages\framework-espidf\components\freertos\config\xtensa\include -IC:\Users\Max\.platformio\packages\framework-espidf\components\freertos\FreeRTOS-Kernel\include -IC:\Users\Max\.platformio\packages\framework-espidf\components\freertos\FreeRTOS-Kernel\portable\xtensa\include -IC:\Users\Max\.platformio\packages\framework-espidf\components\freertos\FreeRTOS-Kernel\portable\xtensa\include\freertos -IC:\Users\Max\.platformio\packages\framework-espidf\components\freertos\esp_additions\include -IC:\Users\Max\.platformio\packages\framework-espidf\components\esp_hw_support\include -IC:\Users\Max\.platformio\packages\framework-espidf\components\esp_hw_support\include\soc -IC:\Users\Max\.platformio\packages\framework-espidf\components\esp_hw_support\include\soc\esp32 -IC:\Users\Max\.platformio\packages\framework-espidf\components\esp_hw_support\dma\include -IC:\Users\Max\.platformio\packages\framework-espidf\components\esp_hw_support\ldo\include -IC:\Users\Max\.platformio\packages\framework-espidf\components\esp_hw_support\port\esp32 -IC:\Users\Max\.platformio\packages\framework-espidf\components\esp_hw_support\port\esp32\include -IC:\Users\Max\.platformio\packages\framework-espidf\components\heap\include -IC:\Users\Max\.platformio\packages\framework-espidf\components\log\include -IC:\Users\Max\.platformio\packages\framework-espidf\components\soc\include -IC:\Users\Max\.platformio\packages\framework-espidf\components\soc\esp32 -IC:\Users\Max\.platformio\packages\framework-espidf\components\soc\esp32\include -IC:\Users\Max\.platformio\packages\framework-espidf\components\hal\platform_port\include -IC:\Users\Max\.platformio\packages\framework-espidf\components\hal\esp32\include -IC:\Users\Max\.platformio\packages\framework-espidf\components\hal\include -IC:\Users\Max\.platformio\packages\framework-espidf\components\esp_rom\include -IC:\Users\Max\.platformio\packages\framework-espidf\components\esp_rom\include\esp32 -IC:\Users\Max\.platformio\packages\framework-espidf\components\esp_rom\esp32 -IC:\Users\Max\.platformio\packages\framework-espidf\components\esp_common\include -IC:\Users\Max\.platformio\packages\framework-espidf\components\esp_system\include -IC:\Users\Max\.platformio\packages\framework-espidf\components\esp_system\port\soc -IC:\Users\Max\.platformio\packages\framework-espidf\components\esp_system\port\include\private -IC:\Users\Max\.platformio\packages\framework-espidf\components\xtensa\esp32\include -IC:\Users\Max\.platformio\packages\framework-espidf\components\xtensa\include -IC:\Users\Max\.platformio\packages\framework-espidf\components\xtensa\deprecated_include -IC:\Users\Max\.platformio\packages\framework-espidf\components\lwip\include -IC:\Users\Max\.platformio\packages\framework-espidf\components\lwip\include\apps -IC:\Users\Max\.platformio\packages\framework-espidf\components\lwip\include\apps\sntp -IC:\Users\Max\.platformio\packages\framework-espidf\components\lwip\lwip\src\include -IC:\Users\Max\.platformio\packages\framework-espidf\components\lwip\port\include -IC:\Users\Max\.platformio\packages\framework-espidf\components\lwip\port\freertos\include -IC:\Users\Max\.platformio\packages\framework-espidf\components\lwip\port\esp32xx\include -IC:\Users\Max\.platformio\packages\framework-espidf\components\lwip\port\esp32xx\include\arch -IC:\Users\Max\.platformio\packages\framework-espidf\components\lwip\port\esp32xx\include\sys -IC:\Users\Max\.platformio\packages\framework-espidf\components\vfs\include -IC:\Users\Max\.platformio\packages\framework-espidf\components\esp_vfs_console\include -IC:\Users\Max\.platformio\packages\framework-espidf\components\esp_driver_uart\include -IC:\Users\Max\.platformio\packages\framework-espidf\components\esp_driver_usb_serial_jtag\include C:\Users\Max\.platformio\packages\framework-espidf\components\console\argtable3\arg_end.c
xtensa-esp32-elf-gcc -o .pio\build\esp32dev\console\argtable3\arg_file.c.o -c -Wno-pointer-sign -std=gnu17 -mlongcalls -Wno-frame-address -fno-builtin-memcpy -fno-builtin-memset -fno-builtin-bzero -fno-builtin-stpcpy -fno-builtin-strncpy -ffunction-sections -fdata-sections -Wall -Werror=all -Wno-error=unused-function -Wno-error=unused-variable -Wno-error=unused-but-set-variable -Wno-error=deprecated-declarations -Wextra -Wno-unused-parameter -Wno-sign-compare -Wno-enum-conversion -gdwarf-4 -ggdb -Og -fno-shrink-wrap -fmacro-prefix-map=C:/Users/Max/temp/espidf-hello-world=. -fmacro-prefix-map=C:/Users/Max/.platformio/packages/framework-espidf=/IDF -fstrict-volatile-bitfields -fno-jump-tables -fno-tree-switch-conversion -Wno-old-style-declaration -DPLATFORMIO=60115 -DARDUINO_ESP32_DEV -DESP_PLATFORM -DIDF_VER=\"5.3.0\" -DSOC_MMU_PAGE_SIZE=CONFIG_MMU_PAGE_SIZE -DSOC_XTAL_FREQ_MHZ=CONFIG_XTAL_FREQ -D_GLIBCXX_HAVE_POSIX_SEMAPHORE -D_GLIBCXX_USE_POSIX_SEMAPHORE -D_GNU_SOURCE -D_POSIX_READER_WRITER_LOCKS -I.pio\build\esp32dev\config -IC:\Users\Max\.platformio\packages\framework-espidf\components\console -IC:\Users\Max\.platformio\packages\framework-espidf\components\console\private_include -IC:\Users\Max\.platformio\packages\framework-espidf\components\newlib\platform_include -IC:\Users\Max\.platformio\packages\framework-espidf\components\freertos\config\include -IC:\Users\Max\.platformio\packages\framework-espidf\components\freertos\config\include\freertos -IC:\Users\Max\.platformio\packages\framework-espidf\components\freertos\config\xtensa\include -IC:\Users\Max\.platformio\packages\framework-espidf\components\freertos\FreeRTOS-Kernel\include -IC:\Users\Max\.platformio\packages\framework-espidf\components\freertos\FreeRTOS-Kernel\portable\xtensa\include -IC:\Users\Max\.platformio\packages\framework-espidf\components\freertos\FreeRTOS-Kernel\portable\xtensa\include\freertos -IC:\Users\Max\.platformio\packages\framework-espidf\components\freertos\esp_additions\include -IC:\Users\Max\.platformio\packages\framework-espidf\components\esp_hw_support\include -IC:\Users\Max\.platformio\packages\framework-espidf\components\esp_hw_support\include\soc -IC:\Users\Max\.platformio\packages\framework-espidf\components\esp_hw_support\include\soc\esp32 -IC:\Users\Max\.platformio\packages\framework-espidf\components\esp_hw_support\dma\include -IC:\Users\Max\.platformio\packages\framework-espidf\components\esp_hw_support\ldo\include -IC:\Users\Max\.platformio\packages\framework-espidf\components\esp_hw_support\port\esp32 -IC:\Users\Max\.platformio\packages\framework-espidf\components\esp_hw_support\port\esp32\include -IC:\Users\Max\.platformio\packages\framework-espidf\components\heap\include -IC:\Users\Max\.platformio\packages\framework-espidf\components\log\include -IC:\Users\Max\.platformio\packages\framework-espidf\components\soc\include -IC:\Users\Max\.platformio\packages\framework-espidf\components\soc\esp32 -IC:\Users\Max\.platformio\packages\framework-espidf\components\soc\esp32\include -IC:\Users\Max\.platformio\packages\framework-espidf\components\hal\platform_port\include -IC:\Users\Max\.platformio\packages\framework-espidf\components\hal\esp32\include -IC:\Users\Max\.platformio\packages\framework-espidf\components\hal\include -IC:\Users\Max\.platformio\packages\framework-espidf\components\esp_rom\include -IC:\Users\Max\.platformio\packages\framework-espidf\components\esp_rom\include\esp32 -IC:\Users\Max\.platformio\packages\framework-espidf\components\esp_rom\esp32 -IC:\Users\Max\.platformio\packages\framework-espidf\components\esp_common\include -IC:\Users\Max\.platformio\packages\framework-espidf\components\esp_system\include -IC:\Users\Max\.platformio\packages\framework-espidf\components\esp_system\port\soc -IC:\Users\Max\.platformio\packages\framework-espidf\components\esp_system\port\include\private -IC:\Users\Max\.platformio\packages\framework-espidf\components\xtensa\esp32\include -IC:\Users\Max\.platformio\packages\framework-espidf\components\xtensa\include -IC:\Users\Max\.platformio\packages\framework-espidf\components\xtensa\deprecated_include -IC:\Users\Max\.platformio\packages\framework-espidf\components\lwip\include -IC:\Users\Max\.platformio\packages\framework-espidf\components\lwip\include\apps -IC:\Users\Max\.platformio\packages\framework-espidf\components\lwip\include\apps\sntp -IC:\Users\Max\.platformio\packages\framework-espidf\components\lwip\lwip\src\include -IC:\Users\Max\.platformio\packages\framework-espidf\components\lwip\port\include -IC:\Users\Max\.platformio\packages\framework-espidf\components\lwip\port\freertos\include -IC:\Users\Max\.platformio\packages\framework-espidf\components\lwip\port\esp32xx\include -IC:\Users\Max\.platformio\packages\framework-espidf\components\lwip\port\esp32xx\include\arch -IC:\Users\Max\.platformio\packages\framework-espidf\components\lwip\port\esp32xx\include\sys -IC:\Users\Max\.platformio\packages\framework-espidf\components\vfs\include -IC:\Users\Max\.platformio\packages\framework-espidf\components\esp_vfs_console\include -IC:\Users\Max\.platformio\packages\framework-espidf\components\esp_driver_uart\include -IC:\Users\Max\.platformio\packages\framework-espidf\components\esp_driver_usb_serial_jtag\include C:\Users\Max\.platformio\packages\framework-espidf\components\console\argtable3\arg_file.c
xtensa-esp32-elf-gcc -o .pio\build\esp32dev\console\argtable3\arg_hashtable.c.o -c -Wno-pointer-sign -std=gnu17 -mlongcalls -Wno-frame-address -fno-builtin-memcpy -fno-builtin-memset -fno-builtin-bzero -fno-builtin-stpcpy -fno-builtin-strncpy -ffunction-sections -fdata-sections -Wall -Werror=all -Wno-error=unused-function -Wno-error=unused-variable -Wno-error=unused-but-set-variable -Wno-error=deprecated-declarations -Wextra -Wno-unused-parameter -Wno-sign-compare -Wno-enum-conversion -gdwarf-4 -ggdb -Og -fno-shrink-wrap -fmacro-prefix-map=C:/Users/Max/temp/espidf-hello-world=. -fmacro-prefix-map=C:/Users/Max/.platformio/packages/framework-espidf=/IDF -fstrict-volatile-bitfields -fno-jump-tables -fno-tree-switch-conversion -Wno-old-style-declaration -DPLATFORMIO=60115 -DARDUINO_ESP32_DEV -DESP_PLATFORM -DIDF_VER=\"5.3.0\" -DSOC_MMU_PAGE_SIZE=CONFIG_MMU_PAGE_SIZE -DSOC_XTAL_FREQ_MHZ=CONFIG_XTAL_FREQ -D_GLIBCXX_HAVE_POSIX_SEMAPHORE -D_GLIBCXX_USE_POSIX_SEMAPHORE -D_GNU_SOURCE -D_POSIX_READER_WRITER_LOCKS -I.pio\build\esp32dev\config -IC:\Users\Max\.platformio\packages\framework-espidf\components\console -IC:\Users\Max\.platformio\packages\framework-espidf\components\console\private_include -IC:\Users\Max\.platformio\packages\framework-espidf\components\newlib\platform_include -IC:\Users\Max\.platformio\packages\framework-espidf\components\freertos\config\include -IC:\Users\Max\.platformio\packages\framework-espidf\components\freertos\config\include\freertos -IC:\Users\Max\.platformio\packages\framework-espidf\components\freertos\config\xtensa\include -IC:\Users\Max\.platformio\packages\framework-espidf\components\freertos\FreeRTOS-Kernel\include -IC:\Users\Max\.platformio\packages\framework-espidf\components\freertos\FreeRTOS-Kernel\portable\xtensa\include -IC:\Users\Max\.platformio\packages\framework-espidf\components\freertos\FreeRTOS-Kernel\portable\xtensa\include\freertos -IC:\Users\Max\.platformio\packages\framework-espidf\components\freertos\esp_additions\include -IC:\Users\Max\.platformio\packages\framework-espidf\components\esp_hw_support\include -IC:\Users\Max\.platformio\packages\framework-espidf\components\esp_hw_support\include\soc -IC:\Users\Max\.platformio\packages\framework-espidf\components\esp_hw_support\include\soc\esp32 -IC:\Users\Max\.platformio\packages\framework-espidf\components\esp_hw_support\dma\include -IC:\Users\Max\.platformio\packages\framework-espidf\components\esp_hw_support\ldo\include -IC:\Users\Max\.platformio\packages\framework-espidf\components\esp_hw_support\port\esp32 -IC:\Users\Max\.platformio\packages\framework-espidf\components\esp_hw_support\port\esp32\include -IC:\Users\Max\.platformio\packages\framework-espidf\components\heap\include -IC:\Users\Max\.platformio\packages\framework-espidf\components\log\include -IC:\Users\Max\.platformio\packages\framework-espidf\components\soc\include -IC:\Users\Max\.platformio\packages\framework-espidf\components\soc\esp32 -IC:\Users\Max\.platformio\packages\framework-espidf\components\soc\esp32\include -IC:\Users\Max\.platformio\packages\framework-espidf\components\hal\platform_port\include -IC:\Users\Max\.platformio\packages\framework-espidf\components\hal\esp32\include -IC:\Users\Max\.platformio\packages\framework-espidf\components\hal\include -IC:\Users\Max\.platformio\packages\framework-espidf\components\esp_rom\include -IC:\Users\Max\.platformio\packages\framework-espidf\components\esp_rom\include\esp32 -IC:\Users\Max\.platformio\packages\framework-espidf\components\esp_rom\esp32 -IC:\Users\Max\.platformio\packages\framework-espidf\components\esp_common\include -IC:\Users\Max\.platformio\packages\framework-espidf\components\esp_system\include -IC:\Users\Max\.platformio\packages\framework-espidf\components\esp_system\port\soc -IC:\Users\Max\.platformio\packages\framework-espidf\components\esp_system\port\include\private -IC:\Users\Max\.platformio\packages\framework-espidf\components\xtensa\esp32\include -IC:\Users\Max\.platformio\packages\framework-espidf\components\xtensa\include -IC:\Users\Max\.platformio\packages\framework-espidf\components\xtensa\deprecated_include -IC:\Users\Max\.platformio\packages\framework-espidf\components\lwip\include -IC:\Users\Max\.platformio\packages\framework-espidf\components\lwip\include\apps -IC:\Users\Max\.platformio\packages\framework-espidf\components\lwip\include\apps\sntp -IC:\Users\Max\.platformio\packages\framework-espidf\components\lwip\lwip\src\include -IC:\Users\Max\.platformio\packages\framework-espidf\components\lwip\port\include -IC:\Users\Max\.platformio\packages\framework-espidf\components\lwip\port\freertos\include -IC:\Users\Max\.platformio\packages\framework-espidf\components\lwip\port\esp32xx\include -IC:\Users\Max\.platformio\packages\framework-espidf\components\lwip\port\esp32xx\include\arch -IC:\Users\Max\.platformio\packages\framework-espidf\components\lwip\port\esp32xx\include\sys -IC:\Users\Max\.platformio\packages\framework-espidf\components\vfs\include -IC:\Users\Max\.platformio\packages\framework-espidf\components\esp_vfs_console\include -IC:\Users\Max\.platformio\packages\framework-espidf\components\esp_driver_uart\include -IC:\Users\Max\.platformio\packages\framework-espidf\components\esp_driver_usb_serial_jtag\include C:\Users\Max\.platformio\packages\framework-espidf\components\console\argtable3\arg_hashtable.c
xtensa-esp32-elf-gcc-ar rc .pio\build\esp32dev\esp-idf\cmock\libcmock.a .pio\build\esp32dev\cmock\CMock\src\cmock.c.o
xtensa-esp32-elf-gcc -o .pio\build\esp32dev\console\argtable3\arg_int.c.o -c -Wno-pointer-sign -std=gnu17 -mlongcalls -Wno-frame-address -fno-builtin-memcpy -fno-builtin-memset -fno-builtin-bzero -fno-builtin-stpcpy -fno-builtin-strncpy -ffunction-sections -fdata-sections -Wall -Werror=all -Wno-error=unused-function -Wno-error=unused-variable -Wno-error=unused-but-set-variable -Wno-error=deprecated-declarations -Wextra -Wno-unused-parameter -Wno-sign-compare -Wno-enum-conversion -gdwarf-4 -ggdb -Og -fno-shrink-wrap -fmacro-prefix-map=C:/Users/Max/temp/espidf-hello-world=. -fmacro-prefix-map=C:/Users/Max/.platformio/packages/framework-espidf=/IDF -fstrict-volatile-bitfields -fno-jump-tables -fno-tree-switch-conversion -Wno-old-style-declaration -DPLATFORMIO=60115 -DARDUINO_ESP32_DEV -DESP_PLATFORM -DIDF_VER=\"5.3.0\" -DSOC_MMU_PAGE_SIZE=CONFIG_MMU_PAGE_SIZE -DSOC_XTAL_FREQ_MHZ=CONFIG_XTAL_FREQ -D_GLIBCXX_HAVE_POSIX_SEMAPHORE -D_GLIBCXX_USE_POSIX_SEMAPHORE -D_GNU_SOURCE -D_POSIX_READER_WRITER_LOCKS -I.pio\build\esp32dev\config -IC:\Users\Max\.platformio\packages\framework-espidf\components\console -IC:\Users\Max\.platformio\packages\framework-espidf\components\console\private_include -IC:\Users\Max\.platformio\packages\framework-espidf\components\newlib\platform_include -IC:\Users\Max\.platformio\packages\framework-espidf\components\freertos\config\include -IC:\Users\Max\.platformio\packages\framework-espidf\components\freertos\config\include\freertos -IC:\Users\Max\.platformio\packages\framework-espidf\components\freertos\config\xtensa\include -IC:\Users\Max\.platformio\packages\framework-espidf\components\freertos\FreeRTOS-Kernel\include -IC:\Users\Max\.platformio\packages\framework-espidf\components\freertos\FreeRTOS-Kernel\portable\xtensa\include -IC:\Users\Max\.platformio\packages\framework-espidf\components\freertos\FreeRTOS-Kernel\portable\xtensa\include\freertos -IC:\Users\Max\.platformio\packages\framework-espidf\components\freertos\esp_additions\include -IC:\Users\Max\.platformio\packages\framework-espidf\components\esp_hw_support\include -IC:\Users\Max\.platformio\packages\framework-espidf\components\esp_hw_support\include\soc -IC:\Users\Max\.platformio\packages\framework-espidf\components\esp_hw_support\include\soc\esp32 -IC:\Users\Max\.platformio\packages\framework-espidf\components\esp_hw_support\dma\include -IC:\Users\Max\.platformio\packages\framework-espidf\components\esp_hw_support\ldo\include -IC:\Users\Max\.platformio\packages\framework-espidf\components\esp_hw_support\port\esp32 -IC:\Users\Max\.platformio\packages\framework-espidf\components\esp_hw_support\port\esp32\include -IC:\Users\Max\.platformio\packages\framework-espidf\components\heap\include -IC:\Users\Max\.platformio\packages\framework-espidf\components\log\include -IC:\Users\Max\.platformio\packages\framework-espidf\components\soc\include -IC:\Users\Max\.platformio\packages\framework-espidf\components\soc\esp32 -IC:\Users\Max\.platformio\packages\framework-espidf\components\soc\esp32\include -IC:\Users\Max\.platformio\packages\framework-espidf\components\hal\platform_port\include -IC:\Users\Max\.platformio\packages\framework-espidf\components\hal\esp32\include -IC:\Users\Max\.platformio\packages\framework-espidf\components\hal\include -IC:\Users\Max\.platformio\packages\framework-espidf\components\esp_rom\include -IC:\Users\Max\.platformio\packages\framework-espidf\components\esp_rom\include\esp32 -IC:\Users\Max\.platformio\packages\framework-espidf\components\esp_rom\esp32 -IC:\Users\Max\.platformio\packages\framework-espidf\components\esp_common\include -IC:\Users\Max\.platformio\packages\framework-espidf\components\esp_system\include -IC:\Users\Max\.platformio\packages\framework-espidf\components\esp_system\port\soc -IC:\Users\Max\.platformio\packages\framework-espidf\components\esp_system\port\include\private -IC:\Users\Max\.platformio\packages\framework-espidf\components\xtensa\esp32\include -IC:\Users\Max\.platformio\packages\framework-espidf\components\xtensa\include -IC:\Users\Max\.platformio\packages\framework-espidf\components\xtensa\deprecated_include -IC:\Users\Max\.platformio\packages\framework-espidf\components\lwip\include -IC:\Users\Max\.platformio\packages\framework-espidf\components\lwip\include\apps -IC:\Users\Max\.platformio\packages\framework-espidf\components\lwip\include\apps\sntp -IC:\Users\Max\.platformio\packages\framework-espidf\components\lwip\lwip\src\include -IC:\Users\Max\.platformio\packages\framework-espidf\components\lwip\port\include -IC:\Users\Max\.platformio\packages\framework-espidf\components\lwip\port\freertos\include -IC:\Users\Max\.platformio\packages\framework-espidf\components\lwip\port\esp32xx\include -IC:\Users\Max\.platformio\packages\framework-espidf\components\lwip\port\esp32xx\include\arch -IC:\Users\Max\.platformio\packages\framework-espidf\components\lwip\port\esp32xx\include\sys -IC:\Users\Max\.platformio\packages\framework-espidf\components\vfs\include -IC:\Users\Max\.platformio\packages\framework-espidf\components\esp_vfs_console\include -IC:\Users\Max\.platformio\packages\framework-espidf\components\esp_driver_uart\include -IC:\Users\Max\.platformio\packages\framework-espidf\components\esp_driver_usb_serial_jtag\include C:\Users\Max\.platformio\packages\framework-espidf\components\console\argtable3\arg_int.c
xtensa-esp32-elf-gcc -o .pio\build\esp32dev\console\argtable3\arg_lit.c.o -c -Wno-pointer-sign -std=gnu17 -mlongcalls -Wno-frame-address -fno-builtin-memcpy -fno-builtin-memset -fno-builtin-bzero -fno-builtin-stpcpy -fno-builtin-strncpy -ffunction-sections -fdata-sections -Wall -Werror=all -Wno-error=unused-function -Wno-error=unused-variable -Wno-error=unused-but-set-variable -Wno-error=deprecated-declarations -Wextra -Wno-unused-parameter -Wno-sign-compare -Wno-enum-conversion -gdwarf-4 -ggdb -Og -fno-shrink-wrap -fmacro-prefix-map=C:/Users/Max/temp/espidf-hello-world=. -fmacro-prefix-map=C:/Users/Max/.platformio/packages/framework-espidf=/IDF -fstrict-volatile-bitfields -fno-jump-tables -fno-tree-switch-conversion -Wno-old-style-declaration -DPLATFORMIO=60115 -DARDUINO_ESP32_DEV -DESP_PLATFORM -DIDF_VER=\"5.3.0\" -DSOC_MMU_PAGE_SIZE=CONFIG_MMU_PAGE_SIZE -DSOC_XTAL_FREQ_MHZ=CONFIG_XTAL_FREQ -D_GLIBCXX_HAVE_POSIX_SEMAPHORE -D_GLIBCXX_USE_POSIX_SEMAPHORE -D_GNU_SOURCE -D_POSIX_READER_WRITER_LOCKS -I.pio\build\esp32dev\config -IC:\Users\Max\.platformio\packages\framework-espidf\components\console -IC:\Users\Max\.platformio\packages\framework-espidf\components\console\private_include -IC:\Users\Max\.platformio\packages\framework-espidf\components\newlib\platform_include -IC:\Users\Max\.platformio\packages\framework-espidf\components\freertos\config\include -IC:\Users\Max\.platformio\packages\framework-espidf\components\freertos\config\include\freertos -IC:\Users\Max\.platformio\packages\framework-espidf\components\freertos\config\xtensa\include -IC:\Users\Max\.platformio\packages\framework-espidf\components\freertos\FreeRTOS-Kernel\include -IC:\Users\Max\.platformio\packages\framework-espidf\components\freertos\FreeRTOS-Kernel\portable\xtensa\include -IC:\Users\Max\.platformio\packages\framework-espidf\components\freertos\FreeRTOS-Kernel\portable\xtensa\include\freertos -IC:\Users\Max\.platformio\packages\framework-espidf\components\freertos\esp_additions\include -IC:\Users\Max\.platformio\packages\framework-espidf\components\esp_hw_support\include -IC:\Users\Max\.platformio\packages\framework-espidf\components\esp_hw_support\include\soc -IC:\Users\Max\.platformio\packages\framework-espidf\components\esp_hw_support\include\soc\esp32 -IC:\Users\Max\.platformio\packages\framework-espidf\components\esp_hw_support\dma\include -IC:\Users\Max\.platformio\packages\framework-espidf\components\esp_hw_support\ldo\include -IC:\Users\Max\.platformio\packages\framework-espidf\components\esp_hw_support\port\esp32 -IC:\Users\Max\.platformio\packages\framework-espidf\components\esp_hw_support\port\esp32\include -IC:\Users\Max\.platformio\packages\framework-espidf\components\heap\include -IC:\Users\Max\.platformio\packages\framework-espidf\components\log\include -IC:\Users\Max\.platformio\packages\framework-espidf\components\soc\include -IC:\Users\Max\.platformio\packages\framework-espidf\components\soc\esp32 -IC:\Users\Max\.platformio\packages\framework-espidf\components\soc\esp32\include -IC:\Users\Max\.platformio\packages\framework-espidf\components\hal\platform_port\include -IC:\Users\Max\.platformio\packages\framework-espidf\components\hal\esp32\include -IC:\Users\Max\.platformio\packages\framework-espidf\components\hal\include -IC:\Users\Max\.platformio\packages\framework-espidf\components\esp_rom\include -IC:\Users\Max\.platformio\packages\framework-espidf\components\esp_rom\include\esp32 -IC:\Users\Max\.platformio\packages\framework-espidf\components\esp_rom\esp32 -IC:\Users\Max\.platformio\packages\framework-espidf\components\esp_common\include -IC:\Users\Max\.platformio\packages\framework-espidf\components\esp_system\include -IC:\Users\Max\.platformio\packages\framework-espidf\components\esp_system\port\soc -IC:\Users\Max\.platformio\packages\framework-espidf\components\esp_system\port\include\private -IC:\Users\Max\.platformio\packages\framework-espidf\components\xtensa\esp32\include -IC:\Users\Max\.platformio\packages\framework-espidf\components\xtensa\include -IC:\Users\Max\.platformio\packages\framework-espidf\components\xtensa\deprecated_include -IC:\Users\Max\.platformio\packages\framework-espidf\components\lwip\include -IC:\Users\Max\.platformio\packages\framework-espidf\components\lwip\include\apps -IC:\Users\Max\.platformio\packages\framework-espidf\components\lwip\include\apps\sntp -IC:\Users\Max\.platformio\packages\framework-espidf\components\lwip\lwip\src\include -IC:\Users\Max\.platformio\packages\framework-espidf\components\lwip\port\include -IC:\Users\Max\.platformio\packages\framework-espidf\components\lwip\port\freertos\include -IC:\Users\Max\.platformio\packages\framework-espidf\components\lwip\port\esp32xx\include -IC:\Users\Max\.platformio\packages\framework-espidf\components\lwip\port\esp32xx\include\arch -IC:\Users\Max\.platformio\packages\framework-espidf\components\lwip\port\esp32xx\include\sys -IC:\Users\Max\.platformio\packages\framework-espidf\components\vfs\include -IC:\Users\Max\.platformio\packages\framework-espidf\components\esp_vfs_console\include -IC:\Users\Max\.platformio\packages\framework-espidf\components\esp_driver_uart\include -IC:\Users\Max\.platformio\packages\framework-espidf\components\esp_driver_usb_serial_jtag\include C:\Users\Max\.platformio\packages\framework-espidf\components\console\argtable3\arg_lit.c
xtensa-esp32-elf-gcc-ar rc .pio\build\esp32dev\esp-idf\bootloader_support\libbootloader_support.a .pio\build\esp32dev\bootloader_support\src\bootloader_common.c.o .pio\build\esp32dev\bootloader_support\src\bootloader_common_loader.c.o .pio\build\esp32dev\bootloader_support\src\bootloader_clock_init.c.o .pio\build\esp32dev\bootloader_support\src\bootloader_mem.c.o .pio\build\esp32dev\bootloader_support\src\bootloader_random.c.o .pio\build\esp32dev\bootloader_support\src\bootloader_efuse.c.o .pio\build\esp32dev\bootloader_support\src\flash_encrypt.c.o .pio\build\esp32dev\bootloader_support\src\secure_boot.c.o .pio\build\esp32dev\bootloader_support\src\bootloader_random_esp32.c.o .pio\build\esp32dev\bootloader_support\bootloader_flash\src\bootloader_flash.c.o .pio\build\esp32dev\bootloader_support\bootloader_flash\src\flash_qio_mode.c.o .pio\build\esp32dev\bootloader_support\bootloader_flash\src\bootloader_flash_config_esp32.c.o .pio\build\esp32dev\bootloader_support\src\bootloader_utility.c.o .pio\build\esp32dev\bootloader_support\src\flash_partitions.c.o .pio\build\esp32dev\bootloader_support\src\esp_image_format.c.o .pio\build\esp32dev\bootloader_support\src\idf\bootloader_sha.c.o .pio\build\esp32dev\bootloader_support\src\esp32\secure_boot_secure_features.c.o
